LVGL_GUI.c:271:13:invoke_menu	8	static
LVGL_GUI.c:245:13:toggle_main_power	16	static
LVGL_GUI.c:120:13:init_styles.part.2	40	static
LVGL_GUI.c:506:13:msgbox_event_handler	16	static
LVGL_GUI.c:545:13:bandsel_event_handler	40	static
LVGL_GUI.c:692:6:my_i16toa.part.6	16	static
LVGL_GUI.c:282:6:init_main_widgets	56	static
LVGL_GUI.c:460:6:init_touchscreen_calib_widgets	24	static
LVGL_GUI.c:498:6:dismiss_touchscreen_calib_widgets	8	static
LVGL_GUI.c:521:11:show_msgbox_warning	16	static
LVGL_GUI.c:576:11:show_band_selector	24	static
LVGL_GUI.c:232:13:lbl_freq_range_event_handle	8	static
LVGL_GUI.c:653:6:number2text	56	static
LVGL_GUI.c:692:6:my_i16toa	0	static
LVGL_GUI.c:726:6:my_utoa	12	static
LVGL_GUI.c:760:6:GUI_set_transmission_state	0	static
LVGL_GUI.c:777:6:GUI_set_band_info	0	static
LVGL_GUI.c:784:6:GUI_set_band_decoder_info	0	static
LVGL_GUI.c:805:6:GUI_set_FWD_progbar	8	static
LVGL_GUI.c:815:6:GUI_set_FWD_peak_value	8	static
LVGL_GUI.c:824:6:GUI_set_REV_progbar	8	static
LVGL_GUI.c:835:6:GUI_set_REV_peak_value	8	static
LVGL_GUI.c:844:6:GUI_set_SWR_progbar	8	static
LVGL_GUI.c:855:6:GUI_set_SWR_peak_value	8	static
LVGL_GUI.c:862:6:GUI_set_core_temperature	8	static
LVGL_GUI.c:871:6:GUI_set_ambient_temperature	8	static
LVGL_GUI.c:879:6:GUI_set_Imain	8	static
LVGL_GUI.c:885:6:GUI_set_Vmain	8	static
LVGL_GUI.c:893:6:GUI_set_TSCalib_touchpoint_pos	0	static
