LVGL_GUI.c:393:13:invoke_menu	8	static
LVGL_GUI.c:232:13:init_styles.part.0	40	static
LVGL_GUI.c:31:13:get_current_group	0	static
LVGL_GUI.c:39:6:register_group	8	static
LVGL_GUI.c:51:6:deregister_group	32	static
LVGL_GUI.c:772:13:msgbox_event_handler	24	static
LVGL_GUI.c:844:13:bandsel_event_handler	40	static
LVGL_GUI.c:206:6:init_LVGL_GUI	24	static
LVGL_GUI.c:409:6:init_main_widgets	48	static
LVGL_GUI.c:690:6:init_touchscreen_calib_widgets	32	static
LVGL_GUI.c:748:6:dismiss_touchscreen_calib_widgets	24	static
LVGL_GUI.c:680:13:btn_event_cb_dismiss_touchscreen_calib	0	static
LVGL_GUI.c:793:11:show_msgbox_warning	40	static
LVGL_GUI.c:884:11:show_band_selector	32	static
LVGL_GUI.c:352:13:lbl_freq_range_event_handle	16	static
LVGL_GUI.c:975:6:number2text	56	static
LVGL_GUI.c:1014:6:my_i16toa	12	static
LVGL_GUI.c:1048:6:my_utoa	16	static
LVGL_GUI.c:1082:6:GUI_set_transmission_state	0	static
LVGL_GUI.c:1101:6:GUI_set_band_info	0	static
LVGL_GUI.c:1108:6:GUI_set_band_decoder_info	0	static
LVGL_GUI.c:1129:6:GUI_set_FWD_progbar	8	static
LVGL_GUI.c:1140:6:GUI_set_FWD_peak_value	8	static
LVGL_GUI.c:1148:6:GUI_set_REV_progbar	8	static
LVGL_GUI.c:1159:6:GUI_set_REV_peak_value	8	static
LVGL_GUI.c:1168:6:GUI_set_SWR_progbar	8	static
LVGL_GUI.c:1179:6:GUI_set_SWR_peak_value	8	static
LVGL_GUI.c:1186:6:GUI_set_core_temperature	8	static
LVGL_GUI.c:1196:6:GUI_set_ambient_temperature	8	static
LVGL_GUI.c:1206:6:GUI_set_Imain	8	static
LVGL_GUI.c:1214:6:GUI_set_Vmain	8	static
LVGL_GUI.c:1222:6:GUI_set_TSCalib_touchpoint_pos	0	static
LVGL_GUI.c:1228:6:GUI_change_idle_status_indication	8	static
LVGL_GUI.c:371:13:toggle_main_power	16	static
