LVGL_GUI.c:395:13:invoke_menu	8	static
LVGL_GUI.c:228:13:init_styles.part.0	40	static
LVGL_GUI.c:360:13:toggle_main_power	16	static
LVGL_GUI.c:27:13:get_current_group	0	static
LVGL_GUI.c:35:6:register_group	8	static
LVGL_GUI.c:47:6:deregister_group	32	static
LVGL_GUI.c:765:13:msgbox_event_handler	24	static
LVGL_GUI.c:820:13:bandsel_event_handler	40	static
LVGL_GUI.c:202:6:init_LVGL_GUI	24	static
LVGL_GUI.c:411:6:init_main_widgets	48	static
LVGL_GUI.c:684:6:init_touchscreen_calib_widgets	32	static
LVGL_GUI.c:742:6:dismiss_touchscreen_calib_widgets	24	static
LVGL_GUI.c:676:13:btn_event_cb_dismiss_touchscreen_calib	0	static
LVGL_GUI.c:784:11:show_msgbox_warning	16	static
LVGL_GUI.c:859:11:show_band_selector	32	static
LVGL_GUI.c:343:13:lbl_freq_range_event_handle	8	static
LVGL_GUI.c:948:6:number2text	56	static
LVGL_GUI.c:987:6:my_i16toa	12	static
LVGL_GUI.c:1021:6:my_utoa	16	static
LVGL_GUI.c:1055:6:GUI_set_transmission_state	0	static
LVGL_GUI.c:1074:6:GUI_set_band_info	0	static
LVGL_GUI.c:1081:6:GUI_set_band_decoder_info	0	static
LVGL_GUI.c:1102:6:GUI_set_FWD_progbar	8	static
LVGL_GUI.c:1113:6:GUI_set_FWD_peak_value	8	static
LVGL_GUI.c:1121:6:GUI_set_REV_progbar	8	static
LVGL_GUI.c:1132:6:GUI_set_REV_peak_value	8	static
LVGL_GUI.c:1141:6:GUI_set_SWR_progbar	8	static
LVGL_GUI.c:1152:6:GUI_set_SWR_peak_value	8	static
LVGL_GUI.c:1159:6:GUI_set_core_temperature	8	static
LVGL_GUI.c:1169:6:GUI_set_ambient_temperature	8	static
LVGL_GUI.c:1179:6:GUI_set_Imain	8	static
LVGL_GUI.c:1187:6:GUI_set_Vmain	8	static
LVGL_GUI.c:1195:6:GUI_set_TSCalib_touchpoint_pos	0	static
