LVGL_items.c:69:13:lv_task_sensor_readings	24	static
LVGL_items.c:278:13:comm_settings_event_handler	16	static
LVGL_items.c:15:6:init_sensor_calibration_control_struct	0	static
LVGL_items.c:22:11:create_sensor_calib_window	24	static
LVGL_items.c:48:11:destory_sensor_calib_window	0	static
LVGL_items.c:122:6:show_sensor_readings_page	48	static
LVGL_items.c:179:6:dismiss_sensor_readings_page	16	static
LVGL_items.c:112:13:sensor_readings_page_event_handler	0	static
LVGL_items.c:235:6:show_fan_settings_page	24	static
LVGL_items.c:251:6:dismiss_fan_settings_page	16	static
LVGL_items.c:208:13:fan_settings_btnm_event_handler	16	static
LVGL_items.c:291:6:show_comm_setting_page	40	static
LVGL_items.c:376:6:dismiss_comm_Setting_page	8	static
