LVGL_GUI.c:399:13:invoke_menu	8	static
LVGL_GUI.c:232:13:init_styles.part.0	40	static
LVGL_GUI.c:364:13:toggle_main_power	16	static
LVGL_GUI.c:31:13:get_current_group	0	static
LVGL_GUI.c:39:6:register_group	8	static
LVGL_GUI.c:51:6:deregister_group	32	static
LVGL_GUI.c:769:13:msgbox_event_handler	24	static
LVGL_GUI.c:825:13:bandsel_event_handler	40	static
LVGL_GUI.c:206:6:init_LVGL_GUI	24	static
LVGL_GUI.c:415:6:init_main_widgets	48	static
LVGL_GUI.c:688:6:init_touchscreen_calib_widgets	32	static
LVGL_GUI.c:746:6:dismiss_touchscreen_calib_widgets	24	static
LVGL_GUI.c:680:13:btn_event_cb_dismiss_touchscreen_calib	0	static
LVGL_GUI.c:788:11:show_msgbox_warning	16	static
LVGL_GUI.c:865:11:show_band_selector	32	static
LVGL_GUI.c:347:13:lbl_freq_range_event_handle	8	static
LVGL_GUI.c:956:6:number2text	56	static
LVGL_GUI.c:995:6:my_i16toa	12	static
LVGL_GUI.c:1029:6:my_utoa	16	static
LVGL_GUI.c:1063:6:GUI_set_transmission_state	0	static
LVGL_GUI.c:1082:6:GUI_set_band_info	0	static
LVGL_GUI.c:1089:6:GUI_set_band_decoder_info	0	static
LVGL_GUI.c:1110:6:GUI_set_FWD_progbar	8	static
LVGL_GUI.c:1121:6:GUI_set_FWD_peak_value	8	static
LVGL_GUI.c:1129:6:GUI_set_REV_progbar	8	static
LVGL_GUI.c:1140:6:GUI_set_REV_peak_value	8	static
LVGL_GUI.c:1149:6:GUI_set_SWR_progbar	8	static
LVGL_GUI.c:1160:6:GUI_set_SWR_peak_value	8	static
LVGL_GUI.c:1167:6:GUI_set_core_temperature	8	static
LVGL_GUI.c:1177:6:GUI_set_ambient_temperature	8	static
LVGL_GUI.c:1187:6:GUI_set_Imain	8	static
LVGL_GUI.c:1195:6:GUI_set_Vmain	8	static
LVGL_GUI.c:1203:6:GUI_set_TSCalib_touchpoint_pos	0	static
