main.c:1543:6:StartAlertTask	40	static
main.c:1920:6:StartDefaultTask	8	static
main.c:1740:6:StartTouchScreenTask	40	static
main.c:1802:6:StartTouchScreenCalibTask	48	static
main.c:204:6:onTimerRandomValue	0	static
main.c:225:6:startTouchScreenCalibTask	0	static
main.c:234:6:save_config	0	static
main.c:242:6:power_off	8	static
main.c:249:6:power_on	8	static
main.c:1943:6:onTimerLVGL	24	static
main.c:263:6:clear_fault_hold	0	static
main.c:268:6:clear_fault_release	0	static
main.c:273:6:clear_fault	8	static
main.c:554:6:SystemClock_Config	96	static
main.c:292:5:main	256	static
main.c:1591:6:switch_band	8	static
main.c:1624:6:StartHumanInputTask	40	static
main.c:1726:6:HAL_GPIO_EXTI_Callback	0	static
main.c:1868:6:lvGetTouchscreenXY	0	static
main.c:1878:6:lvGetRotEnc	4	static
main.c:1901:6:vApplicationStackOverflowHook	0	static
main.c:1907:6:vApplicationMallocFailedHook	0	static
main.c:2024:6:HAL_TIM_PeriodElapsedCallback	8	static
main.c:2053:6:Error_Handler	0	static
