main.c:1208:6:StartAlertTask	8	static
main.c:1629:6:StartDefaultTask	8	static
main.c:1449:6:StartTouchScreenTask	40	static
main.c:1511:6:StartTouchScreenCalibTask	48	static
main.c:1656:6:onTimerLVGL	32	static
main.c:185:6:onTimerRandomValue	0	static
main.c:206:6:startTouchScreenCalibTask	0	static
main.c:215:6:save_config	0	static
main.c:221:6:power_off	0	static
main.c:227:6:power_on	0	static
main.c:232:6:clear_fault_hold	0	static
main.c:237:6:clear_fault_release	0	static
main.c:242:6:clear_fault	8	static
main.c:478:6:SystemClock_Config	96	static
main.c:261:5:main	256	static
main.c:1202:6:Emergency_stop	0	static
main.c:1328:6:switch_band	8	static
main.c:1358:6:StartHumanInputTask	40	static
main.c:1441:6:HAL_GPIO_EXTI_Callback	8	static
main.c:1577:6:lvGetTouchscreenXY	0	static
main.c:1587:6:lvGetRotEnc	4	static
main.c:1610:6:vApplicationStackOverflowHook	0	static
main.c:1616:6:vApplicationMallocFailedHook	0	static
main.c:1732:6:HAL_TIM_PeriodElapsedCallback	16	static
main.c:1760:6:Error_Handler	0	static
