main.c:1536:6:StartAlertTask	8	static
main.c:1928:6:StartDefaultTask	8	static
main.c:1748:6:StartTouchScreenTask	40	static
main.c:1810:6:StartTouchScreenCalibTask	48	static
main.c:204:6:onTimerRandomValue	0	static
main.c:225:6:startTouchScreenCalibTask	0	static
main.c:234:6:save_config	0	static
main.c:242:6:power_off	8	static
main.c:249:6:power_on	8	static
main.c:1955:6:onTimerLVGL	24	static
main.c:263:6:clear_fault_hold	0	static
main.c:268:6:clear_fault_release	0	static
main.c:273:6:clear_fault	8	static
main.c:553:6:SystemClock_Config	96	static
main.c:292:5:main	256	static
main.c:1599:6:switch_band	8	static
main.c:1632:6:StartHumanInputTask	40	static
main.c:1734:6:HAL_GPIO_EXTI_Callback	0	static
main.c:1876:6:lvGetTouchscreenXY	0	static
main.c:1886:6:lvGetRotEnc	4	static
main.c:1909:6:vApplicationStackOverflowHook	0	static
main.c:1915:6:vApplicationMallocFailedHook	0	static
main.c:2036:6:HAL_TIM_PeriodElapsedCallback	8	static
main.c:2065:6:Error_Handler	0	static
