main.c:1554:6:StartAlertTask	40	static
main.c:1931:6:StartDefaultTask	8	static
main.c:1751:6:StartTouchScreenTask	40	static
main.c:1813:6:StartTouchScreenCalibTask	48	static
main.c:204:6:onTimerRandomValue	0	static
main.c:225:6:startTouchScreenCalibTask	0	static
main.c:234:6:save_config	0	static
main.c:242:6:power_off	8	static
main.c:249:6:power_on	8	static
main.c:1954:6:onTimerLVGL	24	static
main.c:263:6:clear_fault_hold	0	static
main.c:272:6:clear_fault_release	0	static
main.c:280:6:clear_fault	8	static
main.c:562:6:SystemClock_Config	96	static
main.c:298:5:main	256	static
main.c:1602:6:switch_band	8	static
main.c:1635:6:StartHumanInputTask	40	static
main.c:1737:6:HAL_GPIO_EXTI_Callback	0	static
main.c:1879:6:lvGetTouchscreenXY	0	static
main.c:1889:6:lvGetRotEnc	4	static
main.c:1912:6:vApplicationStackOverflowHook	0	static
main.c:1918:6:vApplicationMallocFailedHook	0	static
main.c:2035:6:HAL_TIM_PeriodElapsedCallback	8	static
main.c:2064:6:Error_Handler	0	static
