main.c:1549:6:lvGetTouchscreenXY	0	static
main.c:1176:6:StartAlertTask	8	static
main.c:1577:6:StartDefaultTask	8	static
main.c:1421:6:StartTouchScreenTask	40	static
main.c:1483:6:StartTouchScreenCalibTask	48	static
main.c:1604:6:onTimerLVGL	32	static
main.c:143:6:init_fan	32	static
main.c:152:6:onTimerRandomValue	0	static
main.c:173:6:startTouchScreenCalibTask	0	static
main.c:182:6:save_config	0	static
main.c:188:6:power_off	0	static
main.c:194:6:power_on	0	static
main.c:199:6:clear_fault_hold	0	static
main.c:204:6:clear_fault_release	0	static
main.c:209:6:clear_fault	8	static
main.c:453:6:SystemClock_Config	96	static
main.c:228:5:main	400	static
main.c:1170:6:Emergency_stop	0	static
main.c:1300:6:switch_band	8	static
main.c:1330:6:StartHumanInputTask	40	static
main.c:1413:6:HAL_GPIO_EXTI_Callback	8	static
main.c:1558:6:vApplicationStackOverflowHook	0	static
main.c:1564:6:vApplicationMallocFailedHook	0	static
main.c:1673:6:HAL_TIM_PeriodElapsedCallback	16	static
main.c:1699:6:Error_Handler	0	static
