Sensor_task.c:163:13:init_NTC	48	static
Sensor_task.c:315:7:calc_SWR.part.0	16	static
Sensor_task.c:173:6:init_sensors	0	static
Sensor_task.c:179:5:convert_ADC2FwdPower1	8	static
Sensor_task.c:204:5:convert_FwdPower12ADC	0	static
Sensor_task.c:211:5:convert_ADC2FwdPower2	0	static
Sensor_task.c:216:8:convert_ADC2Band	8	static
Sensor_task.c:240:13:convert_Band_to_Name	0	static
Sensor_task.c:260:5:convert_ADC2Vmain	8	static
Sensor_task.c:271:5:convert_ADC2Imain	8	static
Sensor_task.c:282:5:convert_ADC2Temp	0	static
Sensor_task.c:291:5:convert_Temp2Str	16	static
Sensor_task.c:315:7:calc_SWR	0	static
Sensor_task.c:372:6:trigger_alert	16	static
Sensor_task.c:380:6:HAL_ADC_ConvCpltCallback	8	static
Sensor_task.c:420:6:HAL_ADC_ErrorCallback	0	static
Sensor_task.c:434:6:StartSensorTask	72	static
