Sensor_task.c:122:13:init_NTC	48	static
Sensor_task.c:270:7:calc_SWR.part.0	16	static
Sensor_task.c:132:6:init_sensors	0	static
Sensor_task.c:138:5:convert_ADC2FwdPower1	8	static
Sensor_task.c:157:5:convert_ADC2FwdPower2	0	static
Sensor_task.c:174:8:convert_ADC2Band	8	static
Sensor_task.c:198:13:convert_Band_to_Name	0	static
Sensor_task.c:218:5:convert_ADC2Vmain	8	static
Sensor_task.c:229:5:convert_ADC2Imain	8	static
Sensor_task.c:237:5:convert_ADC2Temp	0	static
Sensor_task.c:246:5:convert_Temp2Str	16	static
Sensor_task.c:270:7:calc_SWR	0	static
Sensor_task.c:323:6:HAL_ADC_ConvCpltCallback	0	static
Sensor_task.c:337:6:HAL_ADC_ErrorCallback	0	static
Sensor_task.c:351:6:StartSensorTask	64	static
