SoftUART.c:109:6:SoftUartTxProcess.part.0	8	static
SoftUART.c:20:15:SoftUartGpioReadPin	0	static
SoftUART.c:25:6:SoftUartGpioWritePin	0	static
SoftUART.c:30:17:SoftUartInit	24	static
SoftUART.c:65:6:SoftUartTransmitBit	0	static
SoftUART.c:70:17:SoftUartEnableRx	0	static
SoftUART.c:77:17:SoftUartDisableRx	0	static
SoftUART.c:84:9:SoftUartRxAlavailable	0	static
SoftUART.c:89:9:SoftUartReadRxBuffer	24	static
SoftUART.c:109:6:SoftUartTxProcess	0	static
SoftUART.c:151:6:SoftUartRxDataBitProcess	16	static
SoftUART.c:185:6:SoftUartWaitUntilTxComplate	0	static
SoftUART.c:190:17:SoftUartPuts	4	static
SoftUART.c:210:9:SoftUartScanRxPorts	8	static
SoftUART.c:225:6:SoftUartHandler	16	static
SoftUART.c:247:8:baudrate2idx	0	static
SoftUART.c:257:6:SoftUartChangeBaud	16	static
SoftUART.c:266:6:SoftUartStop	0	static
SoftUART.c:270:6:SoftUartStart	0	static
