SoftUART.c:110:6:SoftUartTxProcess.part.0	8	static
SoftUART.c:20:15:SoftUartGpioReadPin	0	static
SoftUART.c:26:6:SoftUartGpioWritePin	0	static
SoftUART.c:31:17:SoftUartInit	24	static
SoftUART.c:66:6:SoftUartTransmitBit	0	static
SoftUART.c:71:17:SoftUartEnableRx	0	static
SoftUART.c:78:17:SoftUartDisableRx	0	static
SoftUART.c:85:16:SoftUartRxAlavailable	0	static
SoftUART.c:90:9:SoftUartReadRxBuffer	24	static
SoftUART.c:110:6:SoftUartTxProcess	0	static
SoftUART.c:152:6:SoftUartRxDataBitProcess	16	static
SoftUART.c:186:6:SoftUartWaitUntilTxComplate	0	static
SoftUART.c:191:17:SoftUartPuts	8	static
SoftUART.c:211:9:SoftUartScanRxPorts	4	static
SoftUART.c:226:6:SoftUartHandler	16	static
SoftUART.c:248:8:baudrate2idx	0	static
SoftUART.c:258:6:SoftUartChangeBaud	16	static
SoftUART.c:267:6:SoftUartStop	0	static
SoftUART.c:271:6:SoftUartStart	0	static
