stm32f4xx_hal_msp.c:67:6:HAL_MspInit	16	static
stm32f4xx_hal_msp.c:93:6:HAL_ADC_MspInit	72	static
stm32f4xx_hal_msp.c:208:6:HAL_ADC_MspDeInit	8	static
stm32f4xx_hal_msp.c:272:6:HAL_CAN_MspInit	48	static
stm32f4xx_hal_msp.c:309:6:HAL_CAN_MspDeInit	0	static
stm32f4xx_hal_msp.c:339:6:HAL_CRC_MspInit	8	static
stm32f4xx_hal_msp.c:361:6:HAL_CRC_MspDeInit	0	static
stm32f4xx_hal_msp.c:383:6:HAL_SPI_MspInit	48	static
stm32f4xx_hal_msp.c:420:6:HAL_SPI_MspDeInit	0	static
stm32f4xx_hal_msp.c:450:6:HAL_TIM_Base_MspInit	16	static
stm32f4xx_hal_msp.c:486:6:HAL_TIM_Base_MspDeInit	0	static
stm32f4xx_hal_msp.c:522:6:HAL_UART_MspInit	64	static
stm32f4xx_hal_msp.c:596:6:HAL_UART_MspDeInit	8	static
stm32f4xx_hal_msp.c:709:6:HAL_SRAM_MspInit	48	static
stm32f4xx_hal_msp.c:767:6:HAL_SRAM_MspDeInit	8	static
