lv_obj_style_dec.h:102:1:lv_obj_set_style_local_radius	16	static
lv_obj_style_dec.h:102:1:lv_style_set_radius	16	static
lv_obj_style_dec.h:110:1:lv_obj_set_style_local_pad_top	16	static
lv_obj_style_dec.h:110:1:lv_style_set_pad_top	16	static
lv_obj_style_dec.h:111:1:lv_obj_set_style_local_pad_bottom	16	static
lv_obj_style_dec.h:111:1:lv_style_set_pad_bottom	16	static
lv_obj_style_dec.h:112:1:lv_obj_set_style_local_pad_left	16	static
lv_obj_style_dec.h:112:1:lv_style_set_pad_left	16	static
lv_obj_style_dec.h:113:1:lv_obj_set_style_local_pad_right	16	static
lv_obj_style_dec.h:113:1:lv_style_set_pad_right	16	static
lv_obj_style_dec.h:114:1:lv_obj_set_style_local_pad_inner	16	static
lv_obj_style_dec.h:114:1:lv_style_set_pad_inner	16	static
lv_obj_style_dec.h:120:1:lv_style_set_bg_main_stop	16	static
lv_obj_style_dec.h:121:1:lv_style_set_bg_grad_stop	16	static
lv_obj_style_dec.h:122:1:lv_style_set_bg_grad_dir	16	static
lv_obj_style_dec.h:123:1:lv_obj_set_style_local_bg_color	16	static
lv_obj_style_dec.h:123:1:lv_style_set_bg_color	16	static
lv_obj_style_dec.h:124:1:lv_style_set_bg_grad_color	16	static
lv_obj_style_dec.h:125:1:lv_obj_set_style_local_bg_opa	16	static
lv_obj_style_dec.h:125:1:lv_style_set_bg_opa	16	static
lv_obj_style_dec.h:126:1:lv_obj_set_style_local_border_width	16	static
lv_obj_style_dec.h:126:1:lv_style_set_border_width	16	static
lv_obj_style_dec.h:130:1:lv_obj_set_style_local_border_color	16	static
lv_obj_style_dec.h:130:1:lv_style_set_border_color	16	static
lv_obj_style_dec.h:131:1:lv_style_set_border_opa	16	static
lv_obj_style_dec.h:137:1:lv_style_set_shadow_width	16	static
lv_obj_style_dec.h:140:1:lv_style_set_shadow_spread	16	static
lv_obj_style_dec.h:142:1:lv_style_set_shadow_color	16	static
lv_obj_style_dec.h:143:1:lv_style_set_shadow_opa	16	static
lv_obj_style_dec.h:161:1:lv_style_set_text_line_space	16	static
lv_obj_style_dec.h:164:1:lv_obj_set_style_local_text_color	16	static
lv_obj_style_dec.h:164:1:lv_style_set_text_color	16	static
lv_obj_style_dec.h:167:1:lv_obj_set_style_local_text_font	24	static
lv_obj_style_dec.h:167:1:lv_style_set_text_font	24	static
lv_disp.h:97:26:lv_scr_act	8	static
LVGL_GUI.c:31:13:get_current_group	4	static
LVGL_GUI.c:39:6:register_group	16	static
LVGL_GUI.c:51:6:deregister_group	24	static
LVGL_GUI.c:206:6:init_LVGL_GUI	8	static
LVGL_GUI.c:232:13:init_styles	72	static
LVGL_GUI.c:352:13:lbl_freq_range_event_handle	16	static
LVGL_GUI.c:369:13:toggle_main_power	40	static
LVGL_GUI.c:404:13:invoke_menu	16	static
LVGL_GUI.c:420:6:init_main_widgets	72	static
LVGL_GUI.c:691:13:btn_event_cb_dismiss_touchscreen_calib	16	static
LVGL_GUI.c:701:6:init_touchscreen_calib_widgets	40	static
LVGL_GUI.c:759:6:dismiss_touchscreen_calib_widgets	8	static
LVGL_GUI.c:783:13:msgbox_event_handler	24	static
LVGL_GUI.c:804:11:show_msgbox_warning	48	static
LVGL_GUI.c:855:13:bandsel_event_handler	24	static
LVGL_GUI.c:895:11:show_band_selector	32	static
LVGL_GUI.c:986:6:number2text	40	static
LVGL_GUI.c:1025:6:my_i16toa	24	static
LVGL_GUI.c:1059:6:my_utoa	24	static
LVGL_GUI.c:1093:6:GUI_set_transmission_state	24	static
LVGL_GUI.c:1112:6:GUI_set_band_info	16	static
LVGL_GUI.c:1119:6:GUI_set_band_decoder_info	16	static
LVGL_GUI.c:1140:6:GUI_set_FWD_progbar	24	static
LVGL_GUI.c:1151:6:GUI_set_FWD_peak_value	16	static
LVGL_GUI.c:1159:6:GUI_set_REV_progbar	24	static
LVGL_GUI.c:1170:6:GUI_set_REV_peak_value	16	static
LVGL_GUI.c:1179:6:GUI_set_SWR_progbar	24	static
LVGL_GUI.c:1190:6:GUI_set_SWR_peak_value	16	static
LVGL_GUI.c:1197:6:GUI_set_core_temperature	16	static
LVGL_GUI.c:1207:6:GUI_set_ambient_temperature	16	static
LVGL_GUI.c:1217:6:GUI_set_Imain	16	static
LVGL_GUI.c:1225:6:GUI_set_Vmain	16	static
LVGL_GUI.c:1233:6:GUI_set_TSCalib_touchpoint_pos	16	static
