lv_obj_style_dec.h:102:1:lv_obj_set_style_local_radius	16	static
lv_obj_style_dec.h:110:1:lv_obj_set_style_local_pad_top	16	static
lv_obj_style_dec.h:111:1:lv_obj_set_style_local_pad_bottom	16	static
lv_obj_style_dec.h:112:1:lv_obj_set_style_local_pad_left	16	static
lv_obj_style_dec.h:113:1:lv_obj_set_style_local_pad_right	16	static
lv_obj_style_dec.h:114:1:lv_obj_set_style_local_pad_inner	16	static
lv_obj_style_dec.h:123:1:lv_obj_set_style_local_bg_color	16	static
lv_obj_style_dec.h:125:1:lv_obj_set_style_local_bg_opa	16	static
lv_obj_style_dec.h:126:1:lv_obj_set_style_local_border_width	16	static
lv_disp.h:97:26:lv_scr_act	8	static
lv_cont.h:169:20:lv_cont_set_fit	24	static
lv_roller.h:125:20:lv_roller_set_anim_time	16	static
LVGL_items.c:20:6:init_sensor_calibration_control_struct	24	static
LVGL_items.c:32:11:create_sensor_calib_window	40	static
LVGL_items.c:61:11:destory_sensor_calib_window	16	static
LVGL_items.c:90:13:lv_task_sensor_readings	24	static
LVGL_items.c:139:13:sensor_readings_page_event_handler	16	static
LVGL_items.c:150:6:show_sensor_readings_page	40	static
LVGL_items.c:217:6:dismiss_sensor_readings_page	8	static
LVGL_items.c:253:13:fan_settings_btnm_event_handler	24	static
LVGL_items.c:285:6:show_fan_settings_page	24	static
LVGL_items.c:314:6:dismiss_fan_settings_page	8	static
LVGL_items.c:350:13:comm_settings_event_handler	16	static
LVGL_items.c:371:6:show_comm_setting_page	48	static
LVGL_items.c:519:6:dismiss_comm_Setting_page	8	static
