lv_obj_style_dec.h:123:1:lv_obj_set_style_local_bg_color	16	static
main.c:204:6:onTimerRandomValue	16	static
main.c:225:6:startTouchScreenCalibTask	8	static
main.c:234:6:save_config	8	static
main.c:242:6:power_off	8	static
main.c:249:6:power_on	16	static
main.c:263:6:clear_fault_hold	8	static
main.c:268:6:clear_fault_release	8	static
main.c:273:6:clear_fault	16	static
main.c:292:5:main	224	static
main.c:553:6:SystemClock_Config	88	static
main.c:600:13:MX_ADC1_Init	24	static
main.c:706:13:MX_ADC3_Init	24	static
main.c:788:13:MX_CAN2_Init	8	static
main.c:825:13:MX_CRC_Init	8	static
main.c:851:13:MX_SPI1_Init	8	static
main.c:889:13:MX_TIM2_Init	32	static
main.c:934:13:MX_TIM3_Init	32	static
main.c:979:13:MX_TIM4_Init	32	static
main.c:1023:13:MX_USART1_UART_Init	8	static
main.c:1056:13:MX_DMA_Init	16	static
main.c:1077:13:MX_GPIO_Init	56	static
main.c:1272:13:MX_FSMC_Init	40	static
main.c:1326:13:OPA1000_MX_GPIO_Init	56	static
main.c:1536:6:StartAlertTask	8	static
main.c:1599:6:switch_band	16	static
main.c:1632:6:StartHumanInputTask	16	static
main.c:1734:6:HAL_GPIO_EXTI_Callback	16	static
main.c:1748:6:StartTouchScreenTask	16	static
main.c:1810:6:StartTouchScreenCalibTask	24	static
main.c:1876:6:lvGetTouchscreenXY	16	static
main.c:1886:6:lvGetRotEnc	24	static
main.c:1909:6:vApplicationStackOverflowHook	16	static
main.c:1915:6:vApplicationMallocFailedHook	4	static
main.c:1928:6:StartDefaultTask	16	static
main.c:1955:6:onTimerLVGL	56	static
main.c:2036:6:HAL_TIM_PeriodElapsedCallback	16	static
main.c:2065:6:Error_Handler	4	static
