lv_obj_style_dec.h:123:1:lv_obj_set_style_local_bg_color	16	static
main.c:205:6:onTimerRandomValue	16	static
main.c:226:6:startTouchScreenCalibTask	8	static
main.c:235:6:save_config	8	static
main.c:243:6:power_off	8	static
main.c:250:6:power_on	16	static
main.c:264:6:clear_fault_hold	8	static
main.c:273:6:clear_fault_release	8	static
main.c:281:6:clear_fault	8	static
main.c:299:5:main	224	static
main.c:567:6:SystemClock_Config	88	static
main.c:614:13:MX_ADC1_Init	24	static
main.c:720:13:MX_ADC3_Init	24	static
main.c:802:13:MX_CAN2_Init	8	static
main.c:839:13:MX_CRC_Init	8	static
main.c:865:13:MX_SPI1_Init	8	static
main.c:903:13:MX_TIM2_Init	32	static
main.c:948:13:MX_TIM3_Init	32	static
main.c:993:13:MX_TIM4_Init	32	static
main.c:1037:13:MX_USART1_UART_Init	8	static
main.c:1070:13:MX_DMA_Init	16	static
main.c:1091:13:MX_GPIO_Init	56	static
main.c:1286:13:MX_FSMC_Init	40	static
main.c:1340:13:OPA1000_MX_GPIO_Init	56	static
main.c:1568:6:StartAlertTask	16	static
main.c:1616:6:switch_band	16	static
main.c:1649:6:StartHumanInputTask	16	static
main.c:1751:6:HAL_GPIO_EXTI_Callback	16	static
main.c:1765:6:StartTouchScreenTask	16	static
main.c:1827:6:StartTouchScreenCalibTask	24	static
main.c:1893:6:lvGetTouchscreenXY	16	static
main.c:1903:6:lvGetRotEnc	24	static
main.c:1926:6:vApplicationStackOverflowHook	16	static
main.c:1932:6:vApplicationMallocFailedHook	4	static
main.c:1945:6:StartDefaultTask	16	static
main.c:1968:6:onTimerLVGL	56	static
main.c:2049:6:HAL_TIM_PeriodElapsedCallback	16	static
main.c:2081:6:Error_Handler	4	static
