lv_obj_style_dec.h:123:1:lv_obj_set_style_local_bg_color	16	static
main.c:143:6:init_fan	16	static
main.c:152:6:onTimerRandomValue	16	static
main.c:173:6:startTouchScreenCalibTask	8	static
main.c:182:6:save_config	8	static
main.c:188:6:power_off	8	static
main.c:194:6:power_on	8	static
main.c:199:6:clear_fault_hold	8	static
main.c:204:6:clear_fault_release	8	static
main.c:209:6:clear_fault	16	static
main.c:228:5:main	336	static
main.c:453:6:SystemClock_Config	88	static
main.c:496:13:MX_ADC1_Init	24	static
main.c:602:13:MX_ADC3_Init	24	static
main.c:684:13:MX_CAN2_Init	8	static
main.c:721:13:MX_CRC_Init	8	static
main.c:747:13:MX_SPI1_Init	8	static
main.c:785:13:MX_TIM2_Init	64	static
main.c:843:13:MX_TIM4_Init	32	static
main.c:887:13:MX_USART1_UART_Init	8	static
main.c:922:13:MX_USART2_UART_Init	8	static
main.c:953:13:MX_DMA_Init	16	static
main.c:973:13:MX_GPIO_Init	56	static
main.c:1116:13:MX_FSMC_Init	40	static
main.c:1170:6:Emergency_stop	8	static
main.c:1176:6:StartAlertTask	8	static
main.c:1300:6:switch_band	16	static
main.c:1330:6:StartHumanInputTask	16	static
main.c:1413:6:HAL_GPIO_EXTI_Callback	16	static
main.c:1421:6:StartTouchScreenTask	16	static
main.c:1483:6:StartTouchScreenCalibTask	24	static
main.c:1549:6:lvGetTouchscreenXY	16	static
main.c:1558:6:vApplicationStackOverflowHook	16	static
main.c:1564:6:vApplicationMallocFailedHook	4	static
main.c:1577:6:StartDefaultTask	16	static
main.c:1604:6:onTimerLVGL	32	static
main.c:1673:6:HAL_TIM_PeriodElapsedCallback	16	static
main.c:1699:6:Error_Handler	4	static
