lv_obj_style_dec.h:123:1:lv_obj_set_style_local_bg_color	16	static
main.c:204:6:onTimerRandomValue	16	static
main.c:225:6:startTouchScreenCalibTask	8	static
main.c:234:6:save_config	8	static
main.c:242:6:power_off	8	static
main.c:249:6:power_on	16	static
main.c:263:6:clear_fault_hold	8	static
main.c:272:6:clear_fault_release	8	static
main.c:280:6:clear_fault	8	static
main.c:298:5:main	224	static
main.c:562:6:SystemClock_Config	88	static
main.c:609:13:MX_ADC1_Init	24	static
main.c:715:13:MX_ADC3_Init	24	static
main.c:797:13:MX_CAN2_Init	8	static
main.c:834:13:MX_CRC_Init	8	static
main.c:860:13:MX_SPI1_Init	8	static
main.c:898:13:MX_TIM2_Init	32	static
main.c:943:13:MX_TIM3_Init	32	static
main.c:988:13:MX_TIM4_Init	32	static
main.c:1032:13:MX_USART1_UART_Init	8	static
main.c:1065:13:MX_DMA_Init	16	static
main.c:1086:13:MX_GPIO_Init	56	static
main.c:1281:13:MX_FSMC_Init	40	static
main.c:1335:13:OPA1000_MX_GPIO_Init	56	static
main.c:1554:6:StartAlertTask	16	static
main.c:1602:6:switch_band	16	static
main.c:1635:6:StartHumanInputTask	16	static
main.c:1737:6:HAL_GPIO_EXTI_Callback	16	static
main.c:1751:6:StartTouchScreenTask	16	static
main.c:1813:6:StartTouchScreenCalibTask	24	static
main.c:1879:6:lvGetTouchscreenXY	16	static
main.c:1889:6:lvGetRotEnc	24	static
main.c:1912:6:vApplicationStackOverflowHook	16	static
main.c:1918:6:vApplicationMallocFailedHook	4	static
main.c:1931:6:StartDefaultTask	16	static
main.c:1954:6:onTimerLVGL	56	static
main.c:2035:6:HAL_TIM_PeriodElapsedCallback	16	static
main.c:2064:6:Error_Handler	4	static
