lv_obj_style_dec.h:123:1:lv_obj_set_style_local_bg_color	16	static
main.c:173:6:onTimerRandomValue	16	static
main.c:194:6:startTouchScreenCalibTask	8	static
main.c:203:6:save_config	8	static
main.c:209:6:power_off	8	static
main.c:215:6:power_on	8	static
main.c:220:6:clear_fault_hold	8	static
main.c:225:6:clear_fault_release	8	static
main.c:230:6:clear_fault	16	static
main.c:249:5:main	288	static
main.c:472:6:SystemClock_Config	88	static
main.c:516:13:MX_ADC1_Init	24	static
main.c:622:13:MX_ADC3_Init	24	static
main.c:704:13:MX_CAN2_Init	8	static
main.c:741:13:MX_CRC_Init	8	static
main.c:767:13:MX_SPI1_Init	8	static
main.c:805:13:MX_TIM2_Init	64	static
main.c:863:13:MX_TIM4_Init	32	static
main.c:907:13:MX_USART1_UART_Init	8	static
main.c:942:13:MX_USART2_UART_Init	8	static
main.c:973:13:MX_DMA_Init	16	static
main.c:994:13:MX_GPIO_Init	56	static
main.c:1137:13:MX_FSMC_Init	40	static
main.c:1191:6:Emergency_stop	8	static
main.c:1197:6:StartAlertTask	8	static
main.c:1321:6:switch_band	16	static
main.c:1351:6:StartHumanInputTask	16	static
main.c:1434:6:HAL_GPIO_EXTI_Callback	16	static
main.c:1442:6:StartTouchScreenTask	16	static
main.c:1504:6:StartTouchScreenCalibTask	24	static
main.c:1570:6:lvGetTouchscreenXY	16	static
main.c:1579:6:vApplicationStackOverflowHook	16	static
main.c:1585:6:vApplicationMallocFailedHook	4	static
main.c:1598:6:StartDefaultTask	16	static
main.c:1624:6:onTimerLVGL	56	static
main.c:1696:6:HAL_TIM_PeriodElapsedCallback	16	static
main.c:1727:6:Error_Handler	4	static
