lv_obj_style_dec.h:123:1:lv_obj_set_style_local_bg_color	16	static
main.c:185:6:onTimerRandomValue	16	static
main.c:206:6:startTouchScreenCalibTask	8	static
main.c:215:6:save_config	8	static
main.c:221:6:power_off	8	static
main.c:227:6:power_on	8	static
main.c:232:6:clear_fault_hold	8	static
main.c:237:6:clear_fault_release	8	static
main.c:242:6:clear_fault	16	static
main.c:261:5:main	224	static
main.c:473:6:SystemClock_Config	88	static
main.c:517:13:MX_ADC1_Init	24	static
main.c:623:13:MX_ADC3_Init	24	static
main.c:705:13:MX_CAN2_Init	8	static
main.c:742:13:MX_CRC_Init	8	static
main.c:768:13:MX_SPI1_Init	8	static
main.c:806:13:MX_TIM2_Init	64	static
main.c:864:13:MX_TIM4_Init	32	static
main.c:908:13:MX_USART1_UART_Init	8	static
main.c:941:13:MX_DMA_Init	16	static
main.c:962:13:MX_GPIO_Init	56	static
main.c:1143:13:MX_FSMC_Init	40	static
main.c:1197:6:Emergency_stop	8	static
main.c:1203:6:StartAlertTask	8	static
main.c:1323:6:switch_band	16	static
main.c:1353:6:StartHumanInputTask	16	static
main.c:1436:6:HAL_GPIO_EXTI_Callback	16	static
main.c:1444:6:StartTouchScreenTask	16	static
main.c:1506:6:StartTouchScreenCalibTask	24	static
main.c:1572:6:lvGetTouchscreenXY	16	static
main.c:1582:6:lvGetRotEnc	24	static
main.c:1605:6:vApplicationStackOverflowHook	16	static
main.c:1611:6:vApplicationMallocFailedHook	4	static
main.c:1624:6:StartDefaultTask	16	static
main.c:1651:6:onTimerLVGL	56	static
main.c:1727:6:HAL_TIM_PeriodElapsedCallback	16	static
main.c:1755:6:Error_Handler	4	static
