Sensor_task.c:163:13:init_NTC	32	static
Sensor_task.c:173:6:init_sensors	8	static
Sensor_task.c:179:5:convert_ADC2FwdPower1	24	static
Sensor_task.c:202:5:convert_FwdPower12ADC	16	static
Sensor_task.c:209:5:convert_ADC2FwdPower2	16	static
Sensor_task.c:214:8:convert_ADC2Band	32	static
Sensor_task.c:238:13:convert_Band_to_Name	16	static
Sensor_task.c:258:5:convert_ADC2Vmain	24	static
Sensor_task.c:269:5:convert_ADC2Imain	24	static
Sensor_task.c:280:5:convert_ADC2Temp	16	static
Sensor_task.c:289:5:convert_Temp2Str	32	static
Sensor_task.c:313:7:calc_SWR	24	static
Sensor_task.c:324:16:fan_autospeed_transfer_function	24	static
Sensor_task.c:370:6:trigger_alert	16	static
Sensor_task.c:378:6:HAL_ADC_ConvCpltCallback	24	static
Sensor_task.c:408:6:HAL_ADC_ErrorCallback	16	static
Sensor_task.c:422:6:StartSensorTask	32	static
