Sensor_task.c:120:13:init_NTC	24	static
Sensor_task.c:130:6:init_sensors	8	static
Sensor_task.c:136:5:convert_ADC2FwdPower1	32	static
Sensor_task.c:155:5:convert_ADC2FwdPower2	32	static
Sensor_task.c:172:8:convert_ADC2Band	40	static
Sensor_task.c:196:13:convert_Band_to_Name	16	static
Sensor_task.c:216:5:convert_ADC2Vmain	32	static
Sensor_task.c:227:5:convert_ADC2Imain	32	static
Sensor_task.c:235:5:convert_ADC2Temp	16	static
Sensor_task.c:244:5:convert_Temp2Str	32	static
Sensor_task.c:268:7:calc_SWR	24	static
Sensor_task.c:279:16:fan_autospeed_transfer_function	24	static
Sensor_task.c:321:6:HAL_ADC_ConvCpltCallback	16	static
Sensor_task.c:335:6:HAL_ADC_ErrorCallback	16	static
Sensor_task.c:349:6:StartSensorTask	40	static
