SoftUART.c:20:15:SoftUartGpioReadPin	16	static
SoftUART.c:25:6:SoftUartGpioWritePin	16	static
SoftUART.c:30:17:SoftUartInit	24	static
SoftUART.c:65:6:SoftUartTransmitBit	16	static
SoftUART.c:70:17:SoftUartEnableRx	16	static
SoftUART.c:77:17:SoftUartDisableRx	16	static
SoftUART.c:84:9:SoftUartRxAlavailable	16	static
SoftUART.c:89:9:SoftUartReadRxBuffer	24	static
SoftUART.c:109:6:SoftUartTxProcess	16	static
SoftUART.c:151:6:SoftUartRxDataBitProcess	24	static
SoftUART.c:185:6:SoftUartWaitUntilTxComplate	16	static
SoftUART.c:190:17:SoftUartPuts	24	static
SoftUART.c:210:9:SoftUartScanRxPorts	16	static
SoftUART.c:225:6:SoftUartHandler	16	static
SoftUART.c:247:8:baudrate2idx	24	static
SoftUART.c:257:6:SoftUartChangeBaud	32	static
SoftUART.c:266:6:SoftUartStop	8	static
SoftUART.c:270:6:SoftUartStart	8	static
