SoftUART.c:20:15:SoftUartGpioReadPin	16	static
SoftUART.c:26:6:SoftUartGpioWritePin	16	static
SoftUART.c:31:17:SoftUartInit	24	static
SoftUART.c:66:6:SoftUartTransmitBit	16	static
SoftUART.c:71:17:SoftUartEnableRx	16	static
SoftUART.c:78:17:SoftUartDisableRx	16	static
SoftUART.c:85:16:SoftUartRxAlavailable	16	static
SoftUART.c:90:9:SoftUartReadRxBuffer	24	static
SoftUART.c:110:6:SoftUartTxProcess	16	static
SoftUART.c:152:6:SoftUartRxDataBitProcess	24	static
SoftUART.c:186:6:SoftUartWaitUntilTxComplate	16	static
SoftUART.c:191:17:SoftUartPuts	24	static
SoftUART.c:211:9:SoftUartScanRxPorts	16	static
SoftUART.c:226:6:SoftUartHandler	16	static
SoftUART.c:248:8:baudrate2idx	24	static
SoftUART.c:258:6:SoftUartChangeBaud	24	static
SoftUART.c:267:6:SoftUartStop	8	static
SoftUART.c:271:6:SoftUartStart	8	static
