lv_mem.h:153:44:_lv_memcpy_small	32	static
lv_area.h:100:20:lv_area_copy	16	static
lv_area.h:110:26:lv_area_get_width	16	static
lv_area.h:120:26:lv_area_get_height	16	static
lv_color.h:454:48:lv_color_mix	24	static
lv_anim.h:129:20:lv_anim_set_var	16	static
lv_anim.h:141:20:lv_anim_set_exec_cb	16	static
lv_anim.h:151:20:lv_anim_set_time	16	static
lv_anim.h:161:20:lv_anim_set_delay	16	static
lv_anim.h:172:20:lv_anim_set_values	16	static
lv_anim.h:199:20:lv_anim_set_path	16	static
lv_anim.h:210:20:lv_anim_set_start_cb	16	static
lv_anim.h:220:20:lv_anim_set_ready_cb	16	static
lv_style.h:286:28:lv_style_list_get_style	16	static
lv_obj_style_dec.h:102:1:lv_obj_get_style_radius	16	static
lv_obj_style_dec.h:103:1:lv_obj_get_style_clip_corner	16	static
lv_obj_style_dec.h:105:1:lv_obj_get_style_transform_width	16	static
lv_obj_style_dec.h:106:1:lv_obj_get_style_transform_height	16	static
lv_obj_style_dec.h:109:1:lv_obj_get_style_opa_scale	16	static
lv_obj_style_dec.h:109:1:lv_obj_set_style_local_opa_scale	16	static
lv_obj_style_dec.h:110:1:lv_obj_get_style_pad_top	16	static
lv_obj_style_dec.h:111:1:lv_obj_get_style_pad_bottom	16	static
lv_obj_style_dec.h:112:1:lv_obj_get_style_pad_left	16	static
lv_obj_style_dec.h:113:1:lv_obj_get_style_pad_right	16	static
lv_obj_style_dec.h:114:1:lv_obj_get_style_pad_inner	16	static
lv_obj_style_dec.h:115:1:lv_obj_get_style_margin_top	16	static
lv_obj_style_dec.h:116:1:lv_obj_get_style_margin_bottom	16	static
lv_obj_style_dec.h:117:1:lv_obj_get_style_margin_left	16	static
lv_obj_style_dec.h:118:1:lv_obj_get_style_margin_right	16	static
lv_obj_style_dec.h:119:1:lv_obj_get_style_bg_blend_mode	16	static
lv_obj_style_dec.h:120:1:lv_obj_get_style_bg_main_stop	16	static
lv_obj_style_dec.h:121:1:lv_obj_get_style_bg_grad_stop	16	static
lv_obj_style_dec.h:122:1:lv_obj_get_style_bg_grad_dir	16	static
lv_obj_style_dec.h:123:1:lv_obj_get_style_bg_color	16	static
lv_obj_style_dec.h:124:1:lv_obj_get_style_bg_grad_color	16	static
lv_obj_style_dec.h:125:1:lv_obj_get_style_bg_opa	16	static
lv_obj_style_dec.h:126:1:lv_obj_get_style_border_width	16	static
lv_obj_style_dec.h:127:1:lv_obj_get_style_border_side	16	static
lv_obj_style_dec.h:128:1:lv_obj_get_style_border_blend_mode	16	static
lv_obj_style_dec.h:129:1:lv_obj_get_style_border_post	16	static
lv_obj_style_dec.h:130:1:lv_obj_get_style_border_color	16	static
lv_obj_style_dec.h:131:1:lv_obj_get_style_border_opa	16	static
lv_obj_style_dec.h:132:1:lv_obj_get_style_outline_width	16	static
lv_obj_style_dec.h:133:1:lv_obj_get_style_outline_pad	16	static
lv_obj_style_dec.h:134:1:lv_obj_get_style_outline_blend_mode	16	static
lv_obj_style_dec.h:135:1:lv_obj_get_style_outline_color	16	static
lv_obj_style_dec.h:136:1:lv_obj_get_style_outline_opa	16	static
lv_obj_style_dec.h:137:1:lv_obj_get_style_shadow_width	16	static
lv_obj_style_dec.h:138:1:lv_obj_get_style_shadow_ofs_x	16	static
lv_obj_style_dec.h:139:1:lv_obj_get_style_shadow_ofs_y	16	static
lv_obj_style_dec.h:140:1:lv_obj_get_style_shadow_spread	16	static
lv_obj_style_dec.h:143:1:lv_obj_get_style_shadow_opa	16	static
lv_obj_style_dec.h:144:1:lv_obj_get_style_pattern_repeat	16	static
lv_obj_style_dec.h:145:1:lv_obj_get_style_pattern_blend_mode	16	static
lv_obj_style_dec.h:146:1:lv_obj_get_style_pattern_recolor	16	static
lv_obj_style_dec.h:147:1:lv_obj_get_style_pattern_opa	16	static
lv_obj_style_dec.h:148:1:lv_obj_get_style_pattern_recolor_opa	16	static
lv_obj_style_dec.h:149:1:lv_obj_get_style_pattern_image	16	static
lv_obj_style_dec.h:150:1:lv_obj_get_style_value_letter_space	16	static
lv_obj_style_dec.h:151:1:lv_obj_get_style_value_line_space	16	static
lv_obj_style_dec.h:152:1:lv_obj_get_style_value_blend_mode	16	static
lv_obj_style_dec.h:153:1:lv_obj_get_style_value_ofs_x	16	static
lv_obj_style_dec.h:154:1:lv_obj_get_style_value_ofs_y	16	static
lv_obj_style_dec.h:155:1:lv_obj_get_style_value_align	16	static
lv_obj_style_dec.h:156:1:lv_obj_get_style_value_color	16	static
lv_obj_style_dec.h:157:1:lv_obj_get_style_value_opa	16	static
lv_obj_style_dec.h:158:1:lv_obj_get_style_value_font	16	static
lv_obj_style_dec.h:159:1:lv_obj_get_style_value_str	16	static
lv_obj_style_dec.h:160:1:lv_obj_get_style_text_letter_space	16	static
lv_obj_style_dec.h:161:1:lv_obj_get_style_text_line_space	16	static
lv_obj_style_dec.h:162:1:lv_obj_get_style_text_decor	16	static
lv_obj_style_dec.h:163:1:lv_obj_get_style_text_blend_mode	16	static
lv_obj_style_dec.h:164:1:lv_obj_get_style_text_color	16	static
lv_obj_style_dec.h:165:1:lv_obj_get_style_text_sel_color	16	static
lv_obj_style_dec.h:166:1:lv_obj_get_style_text_opa	16	static
lv_obj_style_dec.h:167:1:lv_obj_get_style_text_font	16	static
lv_obj_style_dec.h:168:1:lv_obj_get_style_line_width	16	static
lv_obj_style_dec.h:169:1:lv_obj_get_style_line_blend_mode	16	static
lv_obj_style_dec.h:170:1:lv_obj_get_style_line_dash_width	16	static
lv_obj_style_dec.h:171:1:lv_obj_get_style_line_dash_gap	16	static
lv_obj_style_dec.h:172:1:lv_obj_get_style_line_rounded	16	static
lv_obj_style_dec.h:173:1:lv_obj_get_style_line_color	16	static
lv_obj_style_dec.h:174:1:lv_obj_get_style_line_opa	16	static
lv_obj_style_dec.h:175:1:lv_obj_get_style_image_blend_mode	16	static
lv_obj_style_dec.h:176:1:lv_obj_get_style_image_recolor	16	static
lv_obj_style_dec.h:177:1:lv_obj_get_style_image_opa	16	static
lv_obj_style_dec.h:178:1:lv_obj_get_style_image_recolor_opa	16	static
lv_obj_style_dec.h:179:1:lv_obj_get_style_transition_time	16	static
lv_obj_style_dec.h:180:1:lv_obj_get_style_transition_delay	16	static
lv_obj_style_dec.h:181:1:lv_obj_get_style_transition_prop_1	16	static
lv_obj_style_dec.h:182:1:lv_obj_get_style_transition_prop_2	16	static
lv_obj_style_dec.h:183:1:lv_obj_get_style_transition_prop_3	16	static
lv_obj_style_dec.h:184:1:lv_obj_get_style_transition_prop_4	16	static
lv_obj_style_dec.h:185:1:lv_obj_get_style_transition_prop_5	16	static
lv_obj_style_dec.h:186:1:lv_obj_get_style_transition_prop_6	16	static
lv_obj_style_dec.h:188:1:lv_obj_get_style_transition_path	16	static
lv_obj.c:116:6:lv_init	40	static
lv_obj.c:171:6:lv_deinit	8	static
lv_obj.c:198:12:lv_obj_create	40	static
lv_obj.c:401:10:lv_obj_del	48	static
lv_obj.c:436:6:lv_obj_del_anim_ready_cb	16	static
lv_obj.c:448:6:lv_obj_del_async	32	static
lv_obj.c:458:6:lv_obj_clean	40	static
lv_obj.c:478:6:lv_obj_invalidate_area	72	static
lv_obj.c:523:6:lv_obj_invalidate	48	static
lv_obj.c:552:6:lv_obj_set_parent	48	static
lv_obj.c:608:6:lv_obj_move_foreground	40	static
lv_obj.c:631:6:lv_obj_move_background	40	static
lv_obj.c:660:6:lv_obj_set_pos	48	static
lv_obj.c:714:6:lv_obj_set_x	32	static
lv_obj.c:726:6:lv_obj_set_y	32	static
lv_obj.c:739:6:lv_obj_set_size	48	static
lv_obj.c:793:6:lv_obj_set_width	32	static
lv_obj.c:805:6:lv_obj_set_height	32	static
lv_obj.c:817:6:lv_obj_set_width_fit	24	static
lv_obj.c:830:6:lv_obj_set_height_fit	24	static
lv_obj.c:844:6:lv_obj_set_width_margin	24	static
lv_obj.c:858:6:lv_obj_set_height_margin	24	static
lv_obj.c:875:6:lv_obj_align	56	static
lv_obj.c:915:6:lv_obj_align_origo	64	static
lv_obj.c:1064:6:lv_obj_realign	32	static
lv_obj.c:1085:6:lv_obj_set_auto_realign	32	static
lv_obj.c:1109:6:lv_obj_set_ext_click_area	40	static
lv_obj.c:1141:6:lv_obj_add_style	40	static
lv_obj.c:1165:6:lv_obj_remove_style	40	static
lv_obj.c:1190:6:lv_obj_clean_style_list	32	static
lv_obj.c:1212:6:lv_obj_reset_style_list	16	static
lv_obj.c:1231:6:_lv_obj_set_style_local_int	32	static
lv_obj.c:1253:6:_lv_obj_set_style_local_color	32	static
lv_obj.c:1275:6:_lv_obj_set_style_local_opa	24	static
lv_obj.c:1297:6:_lv_obj_set_style_local_ptr	32	static
lv_obj.c:1318:6:lv_obj_remove_style_local_prop	40	static
lv_obj.c:1331:6:lv_obj_refresh_style	40	static
lv_obj.c:1409:6:lv_obj_report_style_mod	24	static
lv_obj.c:1431:6:lv_obj_set_hidden	40	static
lv_obj.c:1450:6:lv_obj_set_adv_hittest	32	static
lv_obj.c:1462:6:lv_obj_set_click	32	static
lv_obj.c:1475:6:lv_obj_set_top	32	static
lv_obj.c:1487:6:lv_obj_set_drag	32	static
lv_obj.c:1500:6:lv_obj_set_drag_dir	32	static
lv_obj.c:1514:6:lv_obj_set_drag_throw	32	static
lv_obj.c:1527:6:lv_obj_set_drag_parent	32	static
lv_obj.c:1540:6:lv_obj_set_gesture_parent	16	static
lv_obj.c:1550:6:lv_obj_set_parent_event	32	static
lv_obj.c:1562:6:lv_obj_set_base_dir	24	static
lv_obj.c:1584:6:lv_obj_add_protect	32	static
lv_obj.c:1596:6:lv_obj_clear_protect	32	static
lv_obj.c:1611:6:lv_obj_set_state	128	static
lv_obj.c:1684:6:lv_obj_add_state	40	static
lv_obj.c:1701:6:lv_obj_clear_state	40	static
lv_obj.c:1717:6:lv_obj_finish_transitions	24	static
lv_obj.c:1738:6:lv_obj_set_event_cb	32	static
lv_obj.c:1752:10:lv_event_send	48	static
lv_obj.c:1773:10:lv_event_send_func	64	static
lv_obj.c:1830:14:lv_event_get_data	4	static
lv_obj.c:1841:6:lv_obj_set_signal_cb	32	static
lv_obj.c:1854:10:lv_signal_send	32	static
lv_obj.c:1869:6:lv_obj_set_design_cb	32	static
lv_obj.c:1887:8:lv_obj_allocate_ext_attr	40	static
lv_obj.c:1903:6:lv_obj_refresh_ext_draw_pad	32	static
lv_obj.c:1921:12:lv_obj_get_screen	40	static
lv_obj.c:1941:13:lv_obj_get_disp	48	static
lv_obj.c:1973:12:lv_obj_get_parent	32	static
lv_obj.c:1987:12:lv_obj_get_child	40	static
lv_obj.c:2010:12:lv_obj_get_child_back	40	static
lv_obj.c:2031:10:lv_obj_count_children	40	static
lv_obj.c:2047:10:lv_obj_count_children_recursive	40	static
lv_obj.c:2071:6:lv_obj_get_coords	32	static
lv_obj.c:2083:6:lv_obj_get_inner_coords	40	static
lv_obj.c:2104:12:lv_obj_get_x	40	static
lv_obj.c:2124:12:lv_obj_get_y	40	static
lv_obj.c:2144:12:lv_obj_get_width	32	static
lv_obj.c:2156:12:lv_obj_get_height	32	static
lv_obj.c:2168:12:lv_obj_get_width_fit	40	static
lv_obj.c:2183:12:lv_obj_get_height_fit	40	static
lv_obj.c:2199:12:lv_obj_get_height_margin	24	static
lv_obj.c:2213:12:lv_obj_get_width_margin	24	static
lv_obj.c:2231:12:lv_obj_get_width_grid	24	static
lv_obj.c:2252:12:lv_obj_get_height_grid	24	static
lv_obj.c:2268:6:lv_obj_get_auto_realign	32	static
lv_obj.c:2285:12:lv_obj_get_ext_click_pad_left	32	static
lv_obj.c:2304:12:lv_obj_get_ext_click_pad_right	32	static
lv_obj.c:2323:12:lv_obj_get_ext_click_pad_top	32	static
lv_obj.c:2342:12:lv_obj_get_ext_click_pad_bottom	32	static
lv_obj.c:2361:12:lv_obj_get_ext_draw_pad	32	static
lv_obj.c:2372:19:lv_obj_get_style_list	32	static
lv_obj.c:2402:16:_lv_obj_get_style_int	40	static
lv_obj.c:2465:12:_lv_obj_get_style_color	48	static
lv_obj.c:2521:10:_lv_obj_get_style_opa	40	static
lv_obj.c:2578:14:_lv_obj_get_style_ptr	40	static
lv_obj.c:2631:14:lv_obj_get_local_style	40	static
lv_obj.c:2647:6:lv_obj_get_hidden	32	static
lv_obj.c:2659:6:lv_obj_get_adv_hittest	32	static
lv_obj.c:2671:6:lv_obj_get_click	32	static
lv_obj.c:2683:6:lv_obj_get_top	32	static
lv_obj.c:2695:6:lv_obj_get_drag	32	static
lv_obj.c:2707:15:lv_obj_get_drag_dir	32	static
lv_obj.c:2719:6:lv_obj_get_drag_throw	32	static
lv_obj.c:2731:6:lv_obj_get_drag_parent	16	static
lv_obj.c:2741:6:lv_obj_get_gesture_parent	16	static
lv_obj.c:2751:6:lv_obj_get_parent_event	32	static
lv_obj.c:2759:15:lv_obj_get_base_dir	32	static
lv_obj.c:2784:9:lv_obj_get_protect	32	static
lv_obj.c:2797:6:lv_obj_is_protected	32	static
lv_obj.c:2804:12:lv_obj_get_state	40	static
lv_obj.c:2827:16:lv_obj_get_signal_cb	32	static
lv_obj.c:2839:16:lv_obj_get_design_cb	32	static
lv_obj.c:2851:15:lv_obj_get_event_cb	32	static
lv_obj.c:2868:8:lv_obj_get_ext_attr	32	static
lv_obj.c:2881:6:lv_obj_get_type	72	static
lv_obj.c:2949:8:lv_obj_get_group	32	static
lv_obj.c:2966:6:lv_obj_is_focused	32	static
lv_obj.c:2994:6:lv_obj_is_point_on_coords	24	static
lv_obj.c:3026:6:lv_obj_hittest	24	static
lv_obj.c:3046:10:lv_obj_handle_get_type_signal	24	static
lv_obj.c:3065:6:lv_obj_init_draw_rect_dsc	40	static
lv_obj.c:3195:6:lv_obj_init_draw_label_dsc	40	static
lv_obj.c:3227:6:lv_obj_init_draw_img_dsc	40	static
lv_obj.c:3253:6:lv_obj_init_draw_line_dsc	40	static
lv_obj.c:3289:12:lv_obj_get_draw_rect_ext_pad_size	96	static
lv_obj.c:3365:6:lv_obj_fade_in	88	static
lv_obj.c:3390:6:lv_obj_fade_out	88	static
lv_obj.c:3412:13:lv_obj_del_async_cb	32	static
lv_obj.c:3419:13:obj_del_core	40	static
lv_obj.c:3506:24:lv_obj_design	160	static
lv_obj.c:3601:17:lv_obj_signal	32	static
lv_obj.c:3666:13:refresh_children_position	24	static
lv_obj.c:3684:13:report_style_mod_core	32	static
lv_obj.c:3714:13:refresh_children_style	24	static
lv_obj.c:3727:13:base_dir_refr_children	24	static
lv_obj.c:3754:27:trans_create	72	static
lv_obj.c:3865:13:trans_del	40	static
lv_obj.c:3891:13:trans_anim_cb	40	static
lv_obj.c:3927:13:trans_anim_start_cb	32	static
lv_obj.c:3956:13:trans_anim_ready_cb	40	static
lv_obj.c:3982:13:opa_scale_anim	16	static
lv_obj.c:3987:13:fade_in_anim_ready	16	static
lv_obj.c:3994:13:lv_event_mark_deleted	24	static
