lv_mem.h:153:44:_lv_memcpy_small	32	static
lv_area.h:100:20:lv_area_copy	16	static
lv_area.h:110:26:lv_area_get_width	16	static
lv_area.h:120:26:lv_area_get_height	16	static
lv_obj_style_dec.h:110:1:lv_obj_set_style_local_pad_top	16	static
lv_obj_style_dec.h:111:1:lv_obj_set_style_local_pad_bottom	16	static
lv_obj_style_dec.h:112:1:lv_obj_set_style_local_pad_left	16	static
lv_obj_style_dec.h:113:1:lv_obj_set_style_local_pad_right	16	static
lv_obj_style_dec.h:123:1:lv_obj_set_style_local_bg_color	16	static
lv_obj_style_dec.h:125:1:lv_obj_set_style_local_bg_opa	16	static
lv_obj_style_dec.h:164:1:lv_obj_set_style_local_text_color	16	static
lv_disp.h:115:26:lv_layer_sys	8	static
lv_refr.c:69:6:_lv_refr_init	4	static
lv_refr.c:81:6:lv_refr_now	24	static
lv_refr.c:106:6:_lv_inv_area	40	static
lv_refr.c:155:13:_lv_refr_get_disp_refreshing	4	static
lv_refr.c:166:6:_lv_refr_set_disp_refreshing	16	static
lv_refr.c:175:6:_lv_disp_refr_task	88	static
lv_refr.c:315:13:lv_refr_join_area	32	static
lv_refr.c:352:13:lv_refr_areas	16	static
lv_refr.c:388:13:lv_refr_area	72	static
lv_refr.c:476:13:lv_refr_area_part	32	static
lv_refr.c:518:19:lv_refr_get_top_obj	32	static
lv_refr.c:554:13:lv_refr_obj_and_children	32	static
lv_refr.c:598:13:lv_refr_obj	64	static
lv_refr.c:674:13:lv_refr_vdb_flush	16	static
