Archive member included to satisfy reference by file (symbol)

c:/st/stm32cubeide_1.7.0/stm32cubeide/plugins/com.st.stm32cube.ide.mcu.externaltools.gnu-tools-for-stm32.9-2020-q2-update.win32_2.0.0.202105311346/tools/bin/../lib/gcc/arm-none-eabi/9.3.1/../../../../arm-none-eabi/lib/thumb/v7e-m+fp/hard\libc_nano.a(lib_a-atoi.o)
                              ./Src/COM.o (atoi)
c:/st/stm32cubeide_1.7.0/stm32cubeide/plugins/com.st.stm32cube.ide.mcu.externaltools.gnu-tools-for-stm32.9-2020-q2-update.win32_2.0.0.202105311346/tools/bin/../lib/gcc/arm-none-eabi/9.3.1/../../../../arm-none-eabi/lib/thumb/v7e-m+fp/hard\libc_nano.a(lib_a-errno.o)
                              ./Src/syscalls.o (__errno)
c:/st/stm32cubeide_1.7.0/stm32cubeide/plugins/com.st.stm32cube.ide.mcu.externaltools.gnu-tools-for-stm32.9-2020-q2-update.win32_2.0.0.202105311346/tools/bin/../lib/gcc/arm-none-eabi/9.3.1/../../../../arm-none-eabi/lib/thumb/v7e-m+fp/hard\libc_nano.a(lib_a-exit.o)
                              c:/st/stm32cubeide_1.7.0/stm32cubeide/plugins/com.st.stm32cube.ide.mcu.externaltools.gnu-tools-for-stm32.9-2020-q2-update.win32_2.0.0.202105311346/tools/bin/../lib/gcc/arm-none-eabi/9.3.1/../../../../arm-none-eabi/lib/thumb/v7e-m+fp/hard/crt0.o (exit)
c:/st/stm32cubeide_1.7.0/stm32cubeide/plugins/com.st.stm32cube.ide.mcu.externaltools.gnu-tools-for-stm32.9-2020-q2-update.win32_2.0.0.202105311346/tools/bin/../lib/gcc/arm-none-eabi/9.3.1/../../../../arm-none-eabi/lib/thumb/v7e-m+fp/hard\libc_nano.a(lib_a-impure.o)
                              c:/st/stm32cubeide_1.7.0/stm32cubeide/plugins/com.st.stm32cube.ide.mcu.externaltools.gnu-tools-for-stm32.9-2020-q2-update.win32_2.0.0.202105311346/tools/bin/../lib/gcc/arm-none-eabi/9.3.1/../../../../arm-none-eabi/lib/thumb/v7e-m+fp/hard\libc_nano.a(lib_a-exit.o) (_global_impure_ptr)
c:/st/stm32cubeide_1.7.0/stm32cubeide/plugins/com.st.stm32cube.ide.mcu.externaltools.gnu-tools-for-stm32.9-2020-q2-update.win32_2.0.0.202105311346/tools/bin/../lib/gcc/arm-none-eabi/9.3.1/../../../../arm-none-eabi/lib/thumb/v7e-m+fp/hard\libc_nano.a(lib_a-init.o)
                              c:/st/stm32cubeide_1.7.0/stm32cubeide/plugins/com.st.stm32cube.ide.mcu.externaltools.gnu-tools-for-stm32.9-2020-q2-update.win32_2.0.0.202105311346/tools/bin/../lib/gcc/arm-none-eabi/9.3.1/../../../../arm-none-eabi/lib/thumb/v7e-m+fp/hard/crt0.o (__libc_init_array)
c:/st/stm32cubeide_1.7.0/stm32cubeide/plugins/com.st.stm32cube.ide.mcu.externaltools.gnu-tools-for-stm32.9-2020-q2-update.win32_2.0.0.202105311346/tools/bin/../lib/gcc/arm-none-eabi/9.3.1/../../../../arm-none-eabi/lib/thumb/v7e-m+fp/hard\libc_nano.a(lib_a-itoa.o)
                              ./Src/Sensor_task.o (itoa)
c:/st/stm32cubeide_1.7.0/stm32cubeide/plugins/com.st.stm32cube.ide.mcu.externaltools.gnu-tools-for-stm32.9-2020-q2-update.win32_2.0.0.202105311346/tools/bin/../lib/gcc/arm-none-eabi/9.3.1/../../../../arm-none-eabi/lib/thumb/v7e-m+fp/hard\libc_nano.a(lib_a-memcpy-stub.o)
                              ./Middlewares/Third_Party/FreeRTOS/Source/CMSIS_RTOS_V2/cmsis_os2.o (memcpy)
c:/st/stm32cubeide_1.7.0/stm32cubeide/plugins/com.st.stm32cube.ide.mcu.externaltools.gnu-tools-for-stm32.9-2020-q2-update.win32_2.0.0.202105311346/tools/bin/../lib/gcc/arm-none-eabi/9.3.1/../../../../arm-none-eabi/lib/thumb/v7e-m+fp/hard\libc_nano.a(lib_a-memset.o)
                              c:/st/stm32cubeide_1.7.0/stm32cubeide/plugins/com.st.stm32cube.ide.mcu.externaltools.gnu-tools-for-stm32.9-2020-q2-update.win32_2.0.0.202105311346/tools/bin/../lib/gcc/arm-none-eabi/9.3.1/../../../../arm-none-eabi/lib/thumb/v7e-m+fp/hard/crt0.o (memset)
c:/st/stm32cubeide_1.7.0/stm32cubeide/plugins/com.st.stm32cube.ide.mcu.externaltools.gnu-tools-for-stm32.9-2020-q2-update.win32_2.0.0.202105311346/tools/bin/../lib/gcc/arm-none-eabi/9.3.1/../../../../arm-none-eabi/lib/thumb/v7e-m+fp/hard\libc_nano.a(lib_a-strcasecmp.o)
                              ./Src/COM.o (strcasecmp)
c:/st/stm32cubeide_1.7.0/stm32cubeide/plugins/com.st.stm32cube.ide.mcu.externaltools.gnu-tools-for-stm32.9-2020-q2-update.win32_2.0.0.202105311346/tools/bin/../lib/gcc/arm-none-eabi/9.3.1/../../../../arm-none-eabi/lib/thumb/v7e-m+fp/hard\libc_nano.a(lib_a-strcmp.o)
                              ./Middlewares/Third_Party/lvgl/src/lv_draw/lv_img_cache.o (strcmp)
c:/st/stm32cubeide_1.7.0/stm32cubeide/plugins/com.st.stm32cube.ide.mcu.externaltools.gnu-tools-for-stm32.9-2020-q2-update.win32_2.0.0.202105311346/tools/bin/../lib/gcc/arm-none-eabi/9.3.1/../../../../arm-none-eabi/lib/thumb/v7e-m+fp/hard\libc_nano.a(lib_a-strcpy.o)
                              ./Middlewares/Third_Party/lvgl/src/lv_draw/lv_img_decoder.o (strcpy)
c:/st/stm32cubeide_1.7.0/stm32cubeide/plugins/com.st.stm32cube.ide.mcu.externaltools.gnu-tools-for-stm32.9-2020-q2-update.win32_2.0.0.202105311346/tools/bin/../lib/gcc/arm-none-eabi/9.3.1/../../../../arm-none-eabi/lib/thumb/v7e-m+fp/hard\libc_nano.a(lib_a-strlen.o)
[...]
Memory Configuration

Name             Origin             Length             Attributes
FLASH            0x0000000008000000 0x0000000000080000 xr
CCMRAM           0x0000000010000000 0x0000000000010000 xrw
RAM              0x0000000020000000 0x0000000000020000 xrw
*default*        0x0000000000000000 0xffffffffffffffff

Linker script and memory map

LOAD c:/st/stm32cubeide_1.7.0/stm32cubeide/plugins/com.st.stm32cube.ide.mcu.externaltools.gnu-tools-for-stm32.9-2020-q2-update.win32_2.0.0.202105311346/tools/bin/../lib/gcc/arm-none-eabi/9.3.1/thumb/v7e-m+fp/hard/crti.o
LOAD c:/st/stm32cubeide_1.7.0/stm32cubeide/plugins/com.st.stm32cube.ide.mcu.externaltools.gnu-tools-for-stm32.9-2020-q2-update.win32_2.0.0.202105311346/tools/bin/../lib/gcc/arm-none-eabi/9.3.1/thumb/v7e-m+fp/hard/crtbegin.o
LOAD c:/st/stm32cubeide_1.7.0/stm32cubeide/plugins/com.st.stm32cube.ide.mcu.externaltools.gnu-tools-for-stm32.9-2020-q2-update.win32_2.0.0.202105311346/tools/bin/../lib/gcc/arm-none-eabi/9.3.1/../../../../arm-none-eabi/lib/thumb/v7e-m+fp/hard/crt0.o
LOAD ./Drivers/STM32F4xx_HAL_Driver/Src/stm32f4xx_hal.o
LOAD ./Drivers/STM32F4xx_HAL_Driver/Src/stm32f4xx_hal_adc.o
LOAD ./Drivers/STM32F4xx_HAL_Driver/Src/stm32f4xx_hal_adc_ex.o
LOAD ./Drivers/STM32F4xx_HAL_Driver/Src/stm32f4xx_hal_can.o
LOAD ./Drivers/STM32F4xx_HAL_Driver/Src/stm32f4xx_hal_cortex.o
LOAD ./Drivers/STM32F4xx_HAL_Driver/Src/stm32f4xx_hal_crc.o
LOAD ./Drivers/STM32F4xx_HAL_Driver/Src/stm32f4xx_hal_dma.o
LOAD ./Drivers/STM32F4xx_HAL_Driver/Src/stm32f4xx_hal_dma_ex.o
LOAD ./Drivers/STM32F4xx_HAL_Driver/Src/stm32f4xx_hal_exti.o
LOAD ./Drivers/STM32F4xx_HAL_Driver/Src/stm32f4xx_hal_flash.o
LOAD ./Drivers/STM32F4xx_HAL_Driver/Src/stm32f4xx_hal_flash_ex.o
LOAD ./Drivers/STM32F4xx_HAL_Driver/Src/stm32f4xx_hal_flash_ramfunc.o
LOAD ./Drivers/STM32F4xx_HAL_Driver/Src/stm32f4xx_hal_gpio.o
LOAD ./Drivers/STM32F4xx_HAL_Driver/Src/stm32f4xx_hal_pwr.o
LOAD ./Drivers/STM32F4xx_HAL_Driver/Src/stm32f4xx_hal_pwr_ex.o
LOAD ./Drivers/STM32F4xx_HAL_Driver/Src/stm32f4xx_hal_rcc.o
LOAD ./Drivers/STM32F4xx_HAL_Driver/Src/stm32f4xx_hal_rcc_ex.o
LOAD ./Drivers/STM32F4xx_HAL_Driver/Src/stm32f4xx_hal_spi.o
LOAD ./Drivers/STM32F4xx_HAL_Driver/Src/stm32f4xx_hal_sram.o
LOAD ./Drivers/STM32F4xx_HAL_Driver/Src/stm32f4xx_hal_tim.o
LOAD ./Drivers/STM32F4xx_HAL_Driver/Src/stm32f4xx_hal_tim_ex.o
LOAD ./Drivers/STM32F4xx_HAL_Driver/Src/stm32f4xx_hal_uart.o
LOAD ./Drivers/STM32F4xx_HAL_Driver/Src/stm32f4xx_ll_adc.o
LOAD ./Drivers/STM32F4xx_HAL_Driver/Src/stm32f4xx_ll_fsmc.o
LOAD ./Middlewares/Third_Party/FreeRTOS/Source/CMSIS_RTOS_V2/cmsis_os2.o
LOAD ./Middlewares/Third_Party/FreeRTOS/Source/croutine.o
LOAD ./Middlewares/Third_Party/FreeRTOS/Source/event_groups.o
LOAD ./Middlewares/Third_Party/FreeRTOS/Source/list.o
LOAD ./Middlewares/Third_Party/FreeRTOS/Source/queue.o
LOAD ./Middlewares/Third_Party/FreeRTOS/Source/stream_buffer.o
LOAD ./Middlewares/Third_Party/FreeRTOS/Source/tasks.o
LOAD ./Middlewares/Third_Party/FreeRTOS/Source/timers.o
LOAD ./Middlewares/Third_Party/FreeRTOS/Source/portable/GCC/ARM_CM4F/port.o
LOAD ./Middlewares/Third_Party/FreeRTOS/Source/portable/MemMang/heap_5.o
LOAD ./Middlewares/Third_Party/lvgl/porting/lv_port_disp_template.o
LOAD ./Middlewares/Third_Party/lvgl/porting/lv_port_fs_template.o
LOAD ./Middlewares/Third_Party/lvgl/porting/lv_port_indev_template.o
LOAD ./Middlewares/Third_Party/lvgl/src/lv_core/lv_debug.o
LOAD ./Middlewares/Third_Party/lvgl/src/lv_core/lv_disp.o
LOAD ./Middlewares/Third_Party/lvgl/src/lv_core/lv_group.o
LOAD ./Middlewares/Third_Party/lvgl/src/lv_core/lv_indev.o
LOAD ./Middlewares/Third_Party/lvgl/src/lv_core/lv_obj.o
LOAD ./Middlewares/Third_Party/lvgl/src/lv_core/lv_refr.o
LOAD ./Middlewares/Third_Party/lvgl/src/lv_core/lv_style.o
LOAD ./Middlewares/Third_Party/lvgl/src/lv_draw/lv_draw_arc.o
LOAD ./Middlewares/Third_Party/lvgl/src/lv_draw/lv_draw_blend.o
LOAD ./Middlewares/Third_Party/lvgl/src/lv_draw/lv_draw_img.o
LOAD ./Middlewares/Third_Party/lvgl/src/lv_draw/lv_draw_label.o
LOAD ./Middlewares/Third_Party/lvgl/src/lv_draw/lv_draw_line.o
LOAD ./Middlewares/Third_Party/lvgl/src/lv_draw/lv_draw_mask.o
LOAD ./Middlewares/Third_Party/lvgl/src/lv_draw/lv_draw_rect.o
LOAD ./Middlewares/Third_Party/lvgl/src/lv_draw/lv_draw_triangle.o
LOAD ./Middlewares/Third_Party/lvgl/src/lv_draw/lv_img_buf.o
LOAD ./Middlewares/Third_Party/lvgl/src/lv_draw/lv_img_cache.o
LOAD ./Middlewares/Third_Party/lvgl/src/lv_draw/lv_img_decoder.o
LOAD ./Middlewares/Third_Party/lvgl/src/lv_font/CNSans_14.o
LOAD ./Middlewares/Third_Party/lvgl/src/lv_font/CNSans_16.o
LOAD ./Middlewares/Third_Party/lvgl/src/lv_font/CNSans_18.o
LOAD ./Middlewares/Third_Party/lvgl/src/lv_font/CNSans_24.o
LOAD ./Middlewares/Third_Party/lvgl/src/lv_font/font_montserrat_24_tiny.o
LOAD ./Middlewares/Third_Party/lvgl/src/lv_font/font_montserrat_48_tiny.o
LOAD ./Middlewares/Third_Party/lvgl/src/lv_font/lv_font.o
LOAD ./Middlewares/Third_Party/lvgl/src/lv_font/lv_font_dejavu_16_persian_hebrew.o
LOAD ./Middlewares/Third_Party/lvgl/src/lv_font/lv_font_fmt_txt.o
LOAD ./Middlewares/Third_Party/lvgl/src/lv_font/lv_font_montserrat_12.o
LOAD ./Middlewares/Third_Party/lvgl/src/lv_font/lv_font_montserrat_12_subpx.o
LOAD ./Middlewares/Third_Party/lvgl/src/lv_font/lv_font_montserrat_14.o
LOAD ./Middlewares/Third_Party/lvgl/src/lv_font/lv_font_montserrat_16.o
LOAD ./Middlewares/Third_Party/lvgl/src/lv_font/lv_font_montserrat_18.o
LOAD ./Middlewares/Third_Party/lvgl/src/lv_font/lv_font_montserrat_20.o
LOAD ./Middlewares/Third_Party/lvgl/src/lv_font/lv_font_montserrat_22.o
LOAD ./Middlewares/Third_Party/lvgl/src/lv_font/lv_font_montserrat_24.o
LOAD ./Middlewares/Third_Party/lvgl/src/lv_font/lv_font_montserrat_26.o
LOAD ./Middlewares/Third_Party/lvgl/src/lv_font/lv_font_montserrat_28.o
LOAD ./Middlewares/Third_Party/lvgl/src/lv_font/lv_font_montserrat_28_compressed.o
LOAD ./Middlewares/Third_Party/lvgl/src/lv_font/lv_font_montserrat_30.o
LOAD ./Middlewares/Third_Party/lvgl/src/lv_font/lv_font_montserrat_32.o
LOAD ./Middlewares/Third_Party/lvgl/src/lv_font/lv_font_montserrat_34.o
LOAD ./Middlewares/Third_Party/lvgl/src/lv_font/lv_font_montserrat_36.o
LOAD ./Middlewares/Third_Party/lvgl/src/lv_font/lv_font_montserrat_38.o
LOAD ./Middlewares/Third_Party/lvgl/src/lv_font/lv_font_montserrat_40.o
LOAD ./Middlewares/Third_Party/lvgl/src/lv_font/lv_font_montserrat_42.o
LOAD ./Middlewares/Third_Party/lvgl/src/lv_font/lv_font_montserrat_44.o
LOAD ./Middlewares/Third_Party/lvgl/src/lv_font/lv_font_montserrat_46.o
LOAD ./Middlewares/Third_Party/lvgl/src/lv_font/lv_font_montserrat_48.o
LOAD ./Middlewares/Third_Party/lvgl/src/lv_font/lv_font_simsun_16_cjk.o
LOAD ./Middlewares/Third_Party/lvgl/src/lv_font/lv_font_unscii_8.o
LOAD ./Middlewares/Third_Party/lvgl/src/lv_gpu/lv_gpu_stm32_dma2d.o
LOAD ./Middlewares/Third_Party/lvgl/src/lv_hal/lv_hal_disp.o
LOAD ./Middlewares/Third_Party/lvgl/src/lv_hal/lv_hal_indev.o
LOAD ./Middlewares/Third_Party/lvgl/src/lv_hal/lv_hal_tick.o
LOAD ./Middlewares/Third_Party/lvgl/src/lv_misc/lv_anim.o
LOAD ./Middlewares/Third_Party/lvgl/src/lv_misc/lv_area.o
LOAD ./Middlewares/Third_Party/lvgl/src/lv_misc/lv_async.o
LOAD ./Middlewares/Third_Party/lvgl/src/lv_misc/lv_bidi.o
LOAD ./Middlewares/Third_Party/lvgl/src/lv_misc/lv_color.o
LOAD ./Middlewares/Third_Party/lvgl/src/lv_misc/lv_fs.o
LOAD ./Middlewares/Third_Party/lvgl/src/lv_misc/lv_gc.o
LOAD ./Middlewares/Third_Party/lvgl/src/lv_misc/lv_ll.o
LOAD ./Middlewares/Third_Party/lvgl/src/lv_misc/lv_log.o
LOAD ./Middlewares/Third_Party/lvgl/src/lv_misc/lv_math.o
LOAD ./Middlewares/Third_Party/lvgl/src/lv_misc/lv_mem.o
LOAD ./Middlewares/Third_Party/lvgl/src/lv_misc/lv_printf.o
LOAD ./Middlewares/Third_Party/lvgl/src/lv_misc/lv_task.o
LOAD ./Middlewares/Third_Party/lvgl/src/lv_misc/lv_templ.o
LOAD ./Middlewares/Third_Party/lvgl/src/lv_misc/lv_txt.o
LOAD ./Middlewares/Third_Party/lvgl/src/lv_misc/lv_txt_ap.o
LOAD ./Middlewares/Third_Party/lvgl/src/lv_misc/lv_utils.o
LOAD ./Middlewares/Third_Party/lvgl/src/lv_themes/lv_theme.o
LOAD ./Middlewares/Third_Party/lvgl/src/lv_themes/lv_theme_empty.o
LOAD ./Middlewares/Third_Party/lvgl/src/lv_themes/lv_theme_material.o
LOAD ./Middlewares/Third_Party/lvgl/src/lv_themes/lv_theme_mono.o
LOAD ./Middlewares/Third_Party/lvgl/src/lv_themes/lv_theme_template.o
LOAD ./Middlewares/Third_Party/lvgl/src/lv_widgets/lv_arc.o
LOAD ./Middlewares/Third_Party/lvgl/src/lv_widgets/lv_bar.o
LOAD ./Middlewares/Third_Party/lvgl/src/lv_widgets/lv_btn.o
LOAD ./Middlewares/Third_Party/lvgl/src/lv_widgets/lv_btnmatrix.o
LOAD ./Middlewares/Third_Party/lvgl/src/lv_widgets/lv_calendar.o
LOAD ./Middlewares/Third_Party/lvgl/src/lv_widgets/lv_canvas.o
LOAD ./Middlewares/Third_Party/lvgl/src/lv_widgets/lv_chart.o
LOAD ./Middlewares/Third_Party/lvgl/src/lv_widgets/lv_checkbox.o
LOAD ./Middlewares/Third_Party/lvgl/src/lv_widgets/lv_cont.o
LOAD ./Middlewares/Third_Party/lvgl/src/lv_widgets/lv_cpicker.o
LOAD ./Middlewares/Third_Party/lvgl/src/lv_widgets/lv_dropdown.o
LOAD ./Middlewares/Third_Party/lvgl/src/lv_widgets/lv_gauge.o
LOAD ./Middlewares/Third_Party/lvgl/src/lv_widgets/lv_img.o
LOAD ./Middlewares/Third_Party/lvgl/src/lv_widgets/lv_imgbtn.o
LOAD ./Middlewares/Third_Party/lvgl/src/lv_widgets/lv_keyboard.o
LOAD ./Middlewares/Third_Party/lvgl/src/lv_widgets/lv_label.o
LOAD ./Middlewares/Third_Party/lvgl/src/lv_widgets/lv_led.o
LOAD ./Middlewares/Third_Party/lvgl/src/lv_widgets/lv_line.o
LOAD ./Middlewares/Third_Party/lvgl/src/lv_widgets/lv_linemeter.o
LOAD ./Middlewares/Third_Party/lvgl/src/lv_widgets/lv_list.o
LOAD ./Middlewares/Third_Party/lvgl/src/lv_widgets/lv_msgbox.o
LOAD ./Middlewares/Third_Party/lvgl/src/lv_widgets/lv_objmask.o
LOAD ./Middlewares/Third_Party/lvgl/src/lv_widgets/lv_objx_templ.o
LOAD ./Middlewares/Third_Party/lvgl/src/lv_widgets/lv_page.o
LOAD ./Middlewares/Third_Party/lvgl/src/lv_widgets/lv_roller.o
LOAD ./Middlewares/Third_Party/lvgl/src/lv_widgets/lv_slider.o
LOAD ./Middlewares/Third_Party/lvgl/src/lv_widgets/lv_spinbox.o
LOAD ./Middlewares/Third_Party/lvgl/src/lv_widgets/lv_spinner.o
LOAD ./Middlewares/Third_Party/lvgl/src/lv_widgets/lv_switch.o
LOAD ./Middlewares/Third_Party/lvgl/src/lv_widgets/lv_table.o
LOAD ./Middlewares/Third_Party/lvgl/src/lv_widgets/lv_tabview.o
LOAD ./Middlewares/Third_Party/lvgl/src/lv_widgets/lv_textarea.o
LOAD ./Middlewares/Third_Party/lvgl/src/lv_widgets/lv_tileview.o
LOAD ./Middlewares/Third_Party/lvgl/src/lv_widgets/lv_win.o
LOAD ./Middlewares/Third_Party/lvgl/tests/lv_test_assert.o
LOAD ./Middlewares/Third_Party/lvgl/tests/lv_test_main.o
LOAD ./Middlewares/Third_Party/lvgl/tests/lv_test_core/lv_test_core.o
LOAD ./Middlewares/Third_Party/lvgl/tests/lv_test_core/lv_test_obj.o
LOAD ./Middlewares/Third_Party/lvgl/tests/lv_test_core/lv_test_style.o
LOAD ./Middlewares/Third_Party/lvgl/tests/lv_test_objx/lv_test_cont.o
LOAD ./Src/COM.o
LOAD ./Src/FS.o
LOAD ./Src/Flash_EEPROM.o
LOAD ./Src/ICOM_CIV.o
LOAD ./Src/Kenwood.o
LOAD ./Src/LVGL_GUI.o
LOAD ./Src/LVGL_GUI_settings_scene.o
LOAD ./Src/LVGL_items.o
LOAD ./Src/MultiLinearValueMapper.o
LOAD ./Src/NTC.o
LOAD ./Src/R61408.o
LOAD ./Src/RadioTypes.o
LOAD ./Src/Sensor_task.o
LOAD ./Src/SoftPWMDriver.o
LOAD ./Src/SoftUART.o
LOAD ./Src/Yaesu.o
LOAD ./Src/fan.o
LOAD ./Src/freertos.o
LOAD ./Src/main.o
LOAD ./Src/peak_detector.o
LOAD ./Src/persistent.o
LOAD ./Src/stm32f4xx_hal_msp.o
LOAD ./Src/stm32f4xx_hal_timebase_tim.o
LOAD ./Src/stm32f4xx_it.o
LOAD ./Src/syscalls.o
LOAD ./Src/sysmem.o
LOAD ./Src/system_stm32f4xx.o
LOAD ./Src/touch_HR2046.o
LOAD ./Startup/startup_stm32f407vetx.o
START GROUP
LOAD c:/st/stm32cubeide_1.7.0/stm32cubeide/plugins/com.st.stm32cube.ide.mcu.externaltools.gnu-tools-for-stm32.9-2020-q2-update.win32_2.0.0.202105311346/tools/bin/../lib/gcc/arm-none-eabi/9.3.1/../../../../arm-none-eabi/lib/thumb/v7e-m+fp/hard\libc_nano.a
LOAD c:/st/stm32cubeide_1.7.0/stm32cubeide/plugins/com.st.stm32cube.ide.mcu.externaltools.gnu-tools-for-stm32.9-2020-q2-update.win32_2.0.0.202105311346/tools/bin/../lib/gcc/arm-none-eabi/9.3.1/../../../../arm-none-eabi/lib/thumb/v7e-m+fp/hard\libm.a
END GROUP
START GROUP
LOAD c:/st/stm32cubeide_1.7.0/stm32cubeide/plugins/com.st.stm32cube.ide.mcu.externaltools.gnu-tools-for-stm32.9-2020-q2-update.win32_2.0.0.202105311346/tools/bin/../lib/gcc/arm-none-eabi/9.3.1/thumb/v7e-m+fp/hard\libgcc.a
LOAD c:/st/stm32cubeide_1.7.0/stm32cubeide/plugins/com.st.stm32cube.ide.mcu.externaltools.gnu-tools-for-stm32.9-2020-q2-update.win32_2.0.0.202105311346/tools/bin/../lib/gcc/arm-none-eabi/9.3.1/../../../../arm-none-eabi/lib/thumb/v7e-m+fp/hard\libc_nano.a
END GROUP
START GROUP
LOAD c:/st/stm32cubeide_1.7.0/stm32cubeide/plugins/com.st.stm32cube.ide.mcu.externaltools.gnu-tools-for-stm32.9-2020-q2-update.win32_2.0.0.202105311346/tools/bin/../lib/gcc/arm-none-eabi/9.3.1/thumb/v7e-m+fp/hard\libgcc.a
LOAD c:/st/stm32cubeide_1.7.0/stm32cubeide/plugins/com.st.stm32cube.ide.mcu.externaltools.gnu-tools-for-stm32.9-2020-q2-update.win32_2.0.0.202105311346/tools/bin/../lib/gcc/arm-none-eabi/9.3.1/../../../../arm-none-eabi/lib/thumb/v7e-m+fp/hard\libc_nano.a
LOAD c:/st/stm32cubeide_1.7.0/stm32cubeide/plugins/com.st.stm32cube.ide.mcu.externaltools.gnu-tools-for-stm32.9-2020-q2-update.win32_2.0.0.202105311346/tools/bin/../lib/gcc/arm-none-eabi/9.3.1/../../../../arm-none-eabi/lib/thumb/v7e-m+fp/hard\libnosys.a
END GROUP
START GROUP
LOAD c:/st/stm32cubeide_1.7.0/stm32cubeide/plugins/com.st.stm32cube.ide.mcu.externaltools.gnu-tools-for-stm32.9-2020-q2-update.win32_2.0.0.202105311346/tools/bin/../lib/gcc/arm-none-eabi/9.3.1/thumb/v7e-m+fp/hard\libgcc.a
LOAD c:/st/stm32cubeide_1.7.0/stm32cubeide/plugins/com.st.stm32cube.ide.mcu.externaltools.gnu-tools-for-stm32.9-2020-q2-update.win32_2.0.0.202105311346/tools/bin/../lib/gcc/arm-none-eabi/9.3.1/../../../../arm-none-eabi/lib/thumb/v7e-m+fp/hard\libc_nano.a
LOAD c:/st/stm32cubeide_1.7.0/stm32cubeide/plugins/com.st.stm32cube.ide.mcu.externaltools.gnu-tools-for-stm32.9-2020-q2-update.win32_2.0.0.202105311346/tools/bin/../lib/gcc/arm-none-eabi/9.3.1/../../../../arm-none-eabi/lib/thumb/v7e-m+fp/hard\libnosys.a
END GROUP
LOAD c:/st/stm32cubeide_1.7.0/stm32cubeide/plugins/com.st.stm32cube.ide.mcu.externaltools.gnu-tools-for-stm32.9-2020-q2-update.win32_2.0.0.202105311346/tools/bin/../lib/gcc/arm-none-eabi/9.3.1/thumb/v7e-m+fp/hard/crtend.o
LOAD c:/st/stm32cubeide_1.7.0/stm32cubeide/plugins/com.st.stm32cube.ide.mcu.externaltools.gnu-tools-for-stm32.9-2020-q2-update.win32_2.0.0.202105311346/tools/bin/../lib/gcc/arm-none-eabi/9.3.1/thumb/v7e-m+fp/hard/crtn.o
                0x000000002001ffff                _estack = 0x2001ffff
                0x0000000000000100                _Min_Heap_Size = 0x100
                0x0000000000000200                _Min_Stack_Size = 0x200

.isr_vector     0x0000000008000000      0x188
                0x0000000008000000                . = ALIGN (0x4)
 *(.isr_vector)
 .isr_vector    0x0000000008000000      0x188 ./Startup/startup_stm32f407vetx.o
                0x0000000008000000                g_pfnVectors
                0x0000000008000188                . = ALIGN (0x4)

.text           0x0000000008000190    0x3ba80
                0x0000000008000190                . = ALIGN (0x4)
 *(.text)
 .text          0x0000000008000190       0x40 c:/st/stm32cubeide_1.7.0/stm32cubeide/plugins/com.st.stm32cube.ide.mcu.externaltools.gnu-tools-for-stm32.9-2020-q2-update.win32_2.0.0.202105311346/tools/bin/../lib/gcc/arm-none-eabi/9.3.1/thumb/v7e-m+fp/hard/crtbegin.o
 .text          0x00000000080001d0       0x14 c:/st/stm32cubeide_1.7.0/stm32cubeide/plugins/com.st.stm32cube.ide.mcu.externaltools.gnu-tools-for-stm32.9-2020-q2-update.win32_2.0.0.202105311346/tools/bin/../lib/gcc/arm-none-eabi/9.3.1/../../../../arm-none-eabi/lib/thumb/v7e-m+fp/hard\libc_nano.a(lib_a-strcmp.o)
                0x00000000080001d0                strcmp
 .text          0x00000000080001e4       0x10 c:/st/stm32cubeide_1.7.0/stm32cubeide/plugins/com.st.stm32cube.ide.mcu.externaltools.gnu-tools-for-stm32.9-2020-q2-update.win32_2.0.0.202105311346/tools/bin/../lib/gcc/arm-none-eabi/9.3.1/../../../../arm-none-eabi/lib/thumb/v7e-m+fp/hard\libc_nano.a(lib_a-strlen.o)
                0x00000000080001e4                strlen
 .text          0x00000000080001f4      0x378 c:/st/stm32cubeide_1.7.0/stm32cubeide/plugins/com.st.stm32cube.ide.mcu.externaltools.gnu-tools-for-stm32.9-2020-q2-update.win32_2.0.0.202105311346/tools/bin/../lib/gcc/arm-none-eabi/9.3.1/thumb/v7e-m+fp/hard\libgcc.a(_arm_addsubdf3.o)
                0x00000000080001f4                __aeabi_drsub
                0x00000000080001fc                __aeabi_dsub
                0x00000000080001fc                __subdf3
                0x0000000008000200                __aeabi_dadd
                0x0000000008000200                __adddf3
                0x0000000008000478                __floatunsidf
                0x0000000008000478                __aeabi_ui2d
                0x0000000008000498                __floatsidf
                0x0000000008000498                __aeabi_i2d
                0x00000000080004bc                __aeabi_f2d
                0x00000000080004bc                __extendsfdf2
                0x0000000008000500                __floatundidf
                0x0000000008000500                __aeabi_ul2d
                0x0000000008000510                __floatdidf
                0x0000000008000510                __aeabi_l2d
 .text          0x000000000800056c      0x424 c:/st/stm32cubeide_1.7.0/stm32cubeide/plugins/com.st.stm32cube.ide.mcu.externaltools.gnu-tools-for-stm32.9-2020-q2-update.win32_2.0.0.202105311346/tools/bin/../lib/gcc/arm-none-eabi/9.3.1/thumb/v7e-m+fp/hard\libgcc.a(_arm_muldivdf3.o)
                0x000000000800056c                __aeabi_dmul
                0x000000000800056c                __muldf3
                0x00000000080007c0                __divdf3
                0x00000000080007c0                __aeabi_ddiv
 .text          0x0000000008000990       0x50 c:/st/stm32cubeide_1.7.0/stm32cubeide/plugins/com.st.stm32cube.ide.mcu.externaltools.gnu-tools-for-stm32.9-2020-q2-update.win32_2.0.0.202105311346/tools/bin/../lib/gcc/arm-none-eabi/9.3.1/thumb/v7e-m+fp/hard\libgcc.a(_arm_fixdfsi.o)
                0x0000000008000990                __aeabi_d2iz
                0x0000000008000990                __fixdfsi
 .text          0x00000000080009e0       0xa0 c:/st/stm32cubeide_1.7.0/stm32cubeide/plugins/com.st.stm32cube.ide.mcu.externaltools.gnu-tools-for-stm32.9-2020-q2-update.win32_2.0.0.202105311346/tools/bin/../lib/gcc/arm-none-eabi/9.3.1/thumb/v7e-m+fp/hard\libgcc.a(_arm_truncdfsf2.o)
                0x00000000080009e0                __truncdfsf2
                0x00000000080009e0                __aeabi_d2f
 .text          0x0000000008000a80       0xa0 c:/st/stm32cubeide_1.7.0/stm32cubeide/plugins/com.st.stm32cube.ide.mcu.externaltools.gnu-tools-for-stm32.9-2020-q2-update.win32_2.0.0.202105311346/tools/bin/../lib/gcc/arm-none-eabi/9.3.1/thumb/v7e-m+fp/hard\libgcc.a(_aeabi_ldivmod.o)
                0x0000000008000a80                __aeabi_ldivmod
 .text          0x0000000008000b20       0x30 c:/st/stm32cubeide_1.7.0/stm32cubeide/plugins/com.st.stm32cube.ide.mcu.externaltools.gnu-tools-for-stm32.9-2020-q2-update.win32_2.0.0.202105311346/tools/bin/../lib/gcc/arm-none-eabi/9.3.1/thumb/v7e-m+fp/hard\libgcc.a(_aeabi_uldivmod.o)
                0x0000000008000b20                __aeabi_uldivmod
 .text          0x0000000008000b50      0x2c4 c:/st/stm32cubeide_1.7.0/stm32cubeide/plugins/com.st.stm32cube.ide.mcu.externaltools.gnu-tools-for-stm32.9-2020-q2-update.win32_2.0.0.202105311346/tools/bin/../lib/gcc/arm-none-eabi/9.3.1/thumb/v7e-m+fp/hard\libgcc.a(_udivmoddi4.o)
                0x0000000008000b50                __udivmoddi4
 .text          0x0000000008000e14        0x4 c:/st/stm32cubeide_1.7.0/stm32cubeide/plugins/com.st.stm32cube.ide.mcu.externaltools.gnu-tools-for-stm32.9-2020-q2-update.win32_2.0.0.202105311346/tools/bin/../lib/gcc/arm-none-eabi/9.3.1/thumb/v7e-m+fp/hard\libgcc.a(_dvmd_tls.o)
                0x0000000008000e14                __aeabi_idiv0
                0x0000000008000e14                __aeabi_ldiv0
 *(.text*)
 .text.HAL_Init
                0x0000000008000e18       0x44 ./Drivers/STM32F4xx_HAL_Driver/Src/stm32f4xx_hal.o
                0x0000000008000e18                HAL_Init
 .text.HAL_IncTick
                0x0000000008000e5c       0x28 ./Drivers/STM32F4xx_HAL_Driver/Src/stm32f4xx_hal.o
                0x0000000008000e5c                HAL_IncTick
 .text.HAL_GetTick
                0x0000000008000e84       0x18 ./Drivers/STM32F4xx_HAL_Driver/Src/stm32f4xx_hal.o
                0x0000000008000e84                HAL_GetTick
 .text.HAL_Delay
                0x0000000008000e9c       0x48 ./Drivers/STM32F4xx_HAL_Driver/Src/stm32f4xx_hal.o
                0x0000000008000e9c                HAL_Delay
 .text.HAL_ADC_Init
                0x0000000008000ee4       0x86 ./Drivers/STM32F4xx_HAL_Driver/Src/stm32f4xx_hal_adc.o
                0x0000000008000ee4                HAL_ADC_Init
 *fill*         0x0000000008000f6a        0x2 
 .text.HAL_ADC_Start_DMA
                0x0000000008000f6c      0x220 ./Drivers/STM32F4xx_HAL_Driver/Src/stm32f4xx_hal_adc.o
                0x0000000008000f6c                HAL_ADC_Start_DMA
 .text.HAL_ADC_ConvHalfCpltCallback
                0x000000000800118c       0x14 ./Drivers/STM32F4xx_HAL_Driver/Src/stm32f4xx_hal_adc.o
                0x000000000800118c                HAL_ADC_ConvHalfCpltCallback
 .text.HAL_ADC_ConfigChannel
                0x00000000080011a0      0x244 ./Drivers/STM32F4xx_HAL_Driver/Src/stm32f4xx_hal_adc.o
                0x00000000080011a0                HAL_ADC_ConfigChannel
 .text.ADC_Init
                0x00000000080013e4      0x1f8 ./Drivers/STM32F4xx_HAL_Driver/Src/stm32f4xx_hal_adc.o
 .text.ADC_DMAConvCplt
                0x00000000080015dc       0xba ./Drivers/STM32F4xx_HAL_Driver/Src/stm32f4xx_hal_adc.o
 .text.ADC_DMAHalfConvCplt
                0x0000000008001696       0x1c ./Drivers/STM32F4xx_HAL_Driver/Src/stm32f4xx_hal_adc.o
 .text.ADC_DMAError
                0x00000000080016b2       0x2e ./Drivers/STM32F4xx_HAL_Driver/Src/stm32f4xx_hal_adc.o
 .text.HAL_CAN_Init
                0x00000000080016e0      0x1f6 ./Drivers/STM32F4xx_HAL_Driver/Src/stm32f4xx_hal_can.o
                0x00000000080016e0                HAL_CAN_Init
 *fill*         0x00000000080018d6        0x2 
 .text.__NVIC_SetPriorityGrouping
                0x00000000080018d8       0x48 ./Drivers/STM32F4xx_HAL_Driver/Src/stm32f4xx_hal_cortex.o
 .text.__NVIC_GetPriorityGrouping
                0x0000000008001920       0x1c ./Drivers/STM32F4xx_HAL_Driver/Src/stm32f4xx_hal_cortex.o
 .text.__NVIC_EnableIRQ
                0x000000000800193c       0x3c ./Drivers/STM32F4xx_HAL_Driver/Src/stm32f4xx_hal_cortex.o
 .text.__NVIC_DisableIRQ
                0x0000000008001978       0x48 ./Drivers/STM32F4xx_HAL_Driver/Src/stm32f4xx_hal_cortex.o
 .text.__NVIC_SetPriority
                0x00000000080019c0       0x54 ./Drivers/STM32F4xx_HAL_Driver/Src/stm32f4xx_hal_cortex.o
 .text.NVIC_EncodePriority
                0x0000000008001a14       0x66 ./Drivers/STM32F4xx_HAL_Driver/Src/stm32f4xx_hal_cortex.o
 .text.HAL_NVIC_SetPriorityGrouping
                0x0000000008001a7a       0x16 ./Drivers/STM32F4xx_HAL_Driver/Src/stm32f4xx_hal_cortex.o
                0x0000000008001a7a                HAL_NVIC_SetPriorityGrouping
 .text.HAL_NVIC_SetPriority
                0x0000000008001a90       0x38 ./Drivers/STM32F4xx_HAL_Driver/Src/stm32f4xx_hal_cortex.o
                0x0000000008001a90                HAL_NVIC_SetPriority
 .text.HAL_NVIC_EnableIRQ
                0x0000000008001ac8       0x1c ./Drivers/STM32F4xx_HAL_Driver/Src/stm32f4xx_hal_cortex.o
                0x0000000008001ac8                HAL_NVIC_EnableIRQ
 .text.HAL_NVIC_DisableIRQ
                0x0000000008001ae4       0x1c ./Drivers/STM32F4xx_HAL_Driver/Src/stm32f4xx_hal_cortex.o
                0x0000000008001ae4                HAL_NVIC_DisableIRQ
 .text.HAL_CRC_Init
                0x0000000008001b00       0x38 ./Drivers/STM32F4xx_HAL_Driver/Src/stm32f4xx_hal_crc.o
                0x0000000008001b00                HAL_CRC_Init
 .text.HAL_DMA_Init
                0x0000000008001b38      0x15c ./Drivers/STM32F4xx_HAL_Driver/Src/stm32f4xx_hal_dma.o
                0x0000000008001b38                HAL_DMA_Init
 .text.HAL_DMA_Start_IT
                0x0000000008001c94       0xb0 ./Drivers/STM32F4xx_HAL_Driver/Src/stm32f4xx_hal_dma.o
                0x0000000008001c94                HAL_DMA_Start_IT
 .text.HAL_DMA_Abort
                0x0000000008001d44       0xe0 ./Drivers/STM32F4xx_HAL_Driver/Src/stm32f4xx_hal_dma.o
                0x0000000008001d44                HAL_DMA_Abort
 .text.HAL_DMA_Abort_IT
                0x0000000008001e24       0x44 ./Drivers/STM32F4xx_HAL_Driver/Src/stm32f4xx_hal_dma.o
                0x0000000008001e24                HAL_DMA_Abort_IT
 .text.HAL_DMA_IRQHandler
                0x0000000008001e68      0x314 ./Drivers/STM32F4xx_HAL_Driver/Src/stm32f4xx_hal_dma.o
                0x0000000008001e68                HAL_DMA_IRQHandler
 .text.DMA_SetConfig
                0x000000000800217c       0x5c ./Drivers/STM32F4xx_HAL_Driver/Src/stm32f4xx_hal_dma.o
 .text.DMA_CalcBaseAndBitshift
                0x00000000080021d8       0x6c ./Drivers/STM32F4xx_HAL_Driver/Src/stm32f4xx_hal_dma.o
 .text.DMA_CheckFifoParam
                0x0000000008002244       0xf8 ./Drivers/STM32F4xx_HAL_Driver/Src/stm32f4xx_hal_dma.o
 .text.HAL_FLASH_Program
                0x000000000800233c       0xa8 ./Drivers/STM32F4xx_HAL_Driver/Src/stm32f4xx_hal_flash.o
                0x000000000800233c                HAL_FLASH_Program
 .text.HAL_FLASH_Unlock
                0x00000000080023e4       0x44 ./Drivers/STM32F4xx_HAL_Driver/Src/stm32f4xx_hal_flash.o
                0x00000000080023e4                HAL_FLASH_Unlock
 .text.HAL_FLASH_Lock
                0x0000000008002428       0x20 ./Drivers/STM32F4xx_HAL_Driver/Src/stm32f4xx_hal_flash.o
                0x0000000008002428                HAL_FLASH_Lock
 .text.FLASH_WaitForLastOperation
                0x0000000008002448       0x80 ./Drivers/STM32F4xx_HAL_Driver/Src/stm32f4xx_hal_flash.o
                0x0000000008002448                FLASH_WaitForLastOperation
 .text.FLASH_Program_DoubleWord
                0x00000000080024c8       0x64 ./Drivers/STM32F4xx_HAL_Driver/Src/stm32f4xx_hal_flash.o
 .text.FLASH_Program_Word
                0x000000000800252c       0x44 ./Drivers/STM32F4xx_HAL_Driver/Src/stm32f4xx_hal_flash.o
 .text.FLASH_Program_HalfWord
                0x0000000008002570       0x48 ./Drivers/STM32F4xx_HAL_Driver/Src/stm32f4xx_hal_flash.o
 .text.FLASH_Program_Byte
                0x00000000080025b8       0x44 ./Drivers/STM32F4xx_HAL_Driver/Src/stm32f4xx_hal_flash.o
 .text.FLASH_SetErrorCode
                0x00000000080025fc       0xac ./Drivers/STM32F4xx_HAL_Driver/Src/stm32f4xx_hal_flash.o
 .text.HAL_FLASHEx_Erase
                0x00000000080026a8       0xe0 ./Drivers/STM32F4xx_HAL_Driver/Src/stm32f4xx_hal_flash_ex.o
                0x00000000080026a8                HAL_FLASHEx_Erase
 .text.FLASH_MassErase
                0x0000000008002788       0x48 ./Drivers/STM32F4xx_HAL_Driver/Src/stm32f4xx_hal_flash_ex.o
 .text.FLASH_Erase_Sector
                0x00000000080027d0       0x90 ./Drivers/STM32F4xx_HAL_Driver/Src/stm32f4xx_hal_flash_ex.o
                0x00000000080027d0                FLASH_Erase_Sector
 .text.FLASH_FlushCaches
                0x0000000008002860       0x8c ./Drivers/STM32F4xx_HAL_Driver/Src/stm32f4xx_hal_flash_ex.o
                0x0000000008002860                FLASH_FlushCaches
 .text.HAL_GPIO_Init
                0x00000000080028ec      0x338 ./Drivers/STM32F4xx_HAL_Driver/Src/stm32f4xx_hal_gpio.o
                0x00000000080028ec                HAL_GPIO_Init
 .text.HAL_GPIO_DeInit
                0x0000000008002c24      0x1f8 ./Drivers/STM32F4xx_HAL_Driver/Src/stm32f4xx_hal_gpio.o
                0x0000000008002c24                HAL_GPIO_DeInit
 .text.HAL_GPIO_ReadPin
                0x0000000008002e1c       0x30 ./Drivers/STM32F4xx_HAL_Driver/Src/stm32f4xx_hal_gpio.o
                0x0000000008002e1c                HAL_GPIO_ReadPin
 .text.HAL_GPIO_WritePin
                0x0000000008002e4c       0x32 ./Drivers/STM32F4xx_HAL_Driver/Src/stm32f4xx_hal_gpio.o
                0x0000000008002e4c                HAL_GPIO_WritePin
 *fill*         0x0000000008002e7e        0x2 
 .text.HAL_GPIO_EXTI_IRQHandler
                0x0000000008002e80       0x30 ./Drivers/STM32F4xx_HAL_Driver/Src/stm32f4xx_hal_gpio.o
                0x0000000008002e80                HAL_GPIO_EXTI_IRQHandler
 .text.HAL_RCC_OscConfig
                0x0000000008002eb0      0x4f0 ./Drivers/STM32F4xx_HAL_Driver/Src/stm32f4xx_hal_rcc.o
                0x0000000008002eb0                HAL_RCC_OscConfig
 .text.HAL_RCC_ClockConfig
                0x00000000080033a0      0x1cc ./Drivers/STM32F4xx_HAL_Driver/Src/stm32f4xx_hal_rcc.o
                0x00000000080033a0                HAL_RCC_ClockConfig
 .text.HAL_RCC_GetSysClockFreq
                0x000000000800356c      0x16c ./Drivers/STM32F4xx_HAL_Driver/Src/stm32f4xx_hal_rcc.o
                0x000000000800356c                HAL_RCC_GetSysClockFreq
 .text.HAL_RCC_GetHCLKFreq
                0x00000000080036d8       0x18 ./Drivers/STM32F4xx_HAL_Driver/Src/stm32f4xx_hal_rcc.o
                0x00000000080036d8                HAL_RCC_GetHCLKFreq
 .text.HAL_RCC_GetPCLK1Freq
                0x00000000080036f0       0x28 ./Drivers/STM32F4xx_HAL_Driver/Src/stm32f4xx_hal_rcc.o
                0x00000000080036f0                HAL_RCC_GetPCLK1Freq
 .text.HAL_RCC_GetPCLK2Freq
                0x0000000008003718       0x28 ./Drivers/STM32F4xx_HAL_Driver/Src/stm32f4xx_hal_rcc.o
                0x0000000008003718                HAL_RCC_GetPCLK2Freq
 .text.HAL_RCC_GetClockConfig
                0x0000000008003740       0x64 ./Drivers/STM32F4xx_HAL_Driver/Src/stm32f4xx_hal_rcc.o
                0x0000000008003740                HAL_RCC_GetClockConfig
 .text.HAL_SPI_Init
                0x00000000080037a4      0x112 ./Drivers/STM32F4xx_HAL_Driver/Src/stm32f4xx_hal_spi.o
                0x00000000080037a4                HAL_SPI_Init
 .text.HAL_SPI_Transmit
                0x00000000080038b6      0x278 ./Drivers/STM32F4xx_HAL_Driver/Src/stm32f4xx_hal_spi.o
                0x00000000080038b6                HAL_SPI_Transmit
 .text.HAL_SPI_TransmitReceive
                0x0000000008003b2e      0x344 ./Drivers/STM32F4xx_HAL_Driver/Src/stm32f4xx_hal_spi.o
                0x0000000008003b2e                HAL_SPI_TransmitReceive
 *fill*         0x0000000008003e72        0x2 
 .text.SPI_WaitFlagStateUntilTimeout
                0x0000000008003e74      0x110 ./Drivers/STM32F4xx_HAL_Driver/Src/stm32f4xx_hal_spi.o
 .text.SPI_EndRxTxTransaction
                0x0000000008003f84       0x84 ./Drivers/STM32F4xx_HAL_Driver/Src/stm32f4xx_hal_spi.o
 .text.HAL_SRAM_Init
                0x0000000008004008       0x88 ./Drivers/STM32F4xx_HAL_Driver/Src/stm32f4xx_hal_sram.o
                0x0000000008004008                HAL_SRAM_Init
 .text.HAL_TIM_Base_Init
                0x0000000008004090       0x9e ./Drivers/STM32F4xx_HAL_Driver/Src/stm32f4xx_hal_tim.o
                0x0000000008004090                HAL_TIM_Base_Init
 *fill*         0x000000000800412e        0x2 
 .text.HAL_TIM_Base_Start_IT
                0x0000000008004130       0xe0 ./Drivers/STM32F4xx_HAL_Driver/Src/stm32f4xx_hal_tim.o
                0x0000000008004130                HAL_TIM_Base_Start_IT
 .text.HAL_TIM_Base_Stop_IT
                0x0000000008004210       0x5e ./Drivers/STM32F4xx_HAL_Driver/Src/stm32f4xx_hal_tim.o
                0x0000000008004210                HAL_TIM_Base_Stop_IT
 .text.HAL_TIM_PWM_Init
                0x000000000800426e       0x9e ./Drivers/STM32F4xx_HAL_Driver/Src/stm32f4xx_hal_tim.o
                0x000000000800426e                HAL_TIM_PWM_Init
 .text.HAL_TIM_PWM_MspInit
                0x000000000800430c       0x14 ./Drivers/STM32F4xx_HAL_Driver/Src/stm32f4xx_hal_tim.o
                0x000000000800430c                HAL_TIM_PWM_MspInit
 .text.HAL_TIM_PWM_Start
                0x0000000008004320      0x190 ./Drivers/STM32F4xx_HAL_Driver/Src/stm32f4xx_hal_tim.o
                0x0000000008004320                HAL_TIM_PWM_Start
 .text.HAL_TIM_IRQHandler
                0x00000000080044b0      0x210 ./Drivers/STM32F4xx_HAL_Driver/Src/stm32f4xx_hal_tim.o
                0x00000000080044b0                HAL_TIM_IRQHandler
 .text.HAL_TIM_PWM_ConfigChannel
                0x00000000080046c0      0x184 ./Drivers/STM32F4xx_HAL_Driver/Src/stm32f4xx_hal_tim.o
                0x00000000080046c0                HAL_TIM_PWM_ConfigChannel
 .text.HAL_TIM_ConfigClockSource
                0x0000000008004844      0x18e ./Drivers/STM32F4xx_HAL_Driver/Src/stm32f4xx_hal_tim.o
                0x0000000008004844                HAL_TIM_ConfigClockSource
 .text.HAL_TIM_OC_DelayElapsedCallback
                0x00000000080049d2       0x14 ./Drivers/STM32F4xx_HAL_Driver/Src/stm32f4xx_hal_tim.o
                0x00000000080049d2                HAL_TIM_OC_DelayElapsedCallback
 .text.HAL_TIM_IC_CaptureCallback
                0x00000000080049e6       0x14 ./Drivers/STM32F4xx_HAL_Driver/Src/stm32f4xx_hal_tim.o
                0x00000000080049e6                HAL_TIM_IC_CaptureCallback
 .text.HAL_TIM_PWM_PulseFinishedCallback
                0x00000000080049fa       0x14 ./Drivers/STM32F4xx_HAL_Driver/Src/stm32f4xx_hal_tim.o
                0x00000000080049fa                HAL_TIM_PWM_PulseFinishedCallback
 .text.HAL_TIM_TriggerCallback
                0x0000000008004a0e       0x14 ./Drivers/STM32F4xx_HAL_Driver/Src/stm32f4xx_hal_tim.o
                0x0000000008004a0e                HAL_TIM_TriggerCallback
 *fill*         0x0000000008004a22        0x2 
 .text.TIM_Base_SetConfig
                0x0000000008004a24      0x140 ./Drivers/STM32F4xx_HAL_Driver/Src/stm32f4xx_hal_tim.o
                0x0000000008004a24                TIM_Base_SetConfig
 .text.TIM_OC1_SetConfig
                0x0000000008004b64       0xe0 ./Drivers/STM32F4xx_HAL_Driver/Src/stm32f4xx_hal_tim.o
 .text.TIM_OC2_SetConfig
                0x0000000008004c44       0xec ./Drivers/STM32F4xx_HAL_Driver/Src/stm32f4xx_hal_tim.o
                0x0000000008004c44                TIM_OC2_SetConfig
 .text.TIM_OC3_SetConfig
                0x0000000008004d30       0xe8 ./Drivers/STM32F4xx_HAL_Driver/Src/stm32f4xx_hal_tim.o
 .text.TIM_OC4_SetConfig
                0x0000000008004e18       0xac ./Drivers/STM32F4xx_HAL_Driver/Src/stm32f4xx_hal_tim.o
 .text.TIM_TI1_ConfigInputStage
                0x0000000008004ec4       0x5e ./Drivers/STM32F4xx_HAL_Driver/Src/stm32f4xx_hal_tim.o
 .text.TIM_TI2_ConfigInputStage
                0x0000000008004f22       0x60 ./Drivers/STM32F4xx_HAL_Driver/Src/stm32f4xx_hal_tim.o
 .text.TIM_ITRx_SetConfig
                0x0000000008004f82       0x36 ./Drivers/STM32F4xx_HAL_Driver/Src/stm32f4xx_hal_tim.o
 .text.TIM_ETR_SetConfig
                0x0000000008004fb8       0x40 ./Drivers/STM32F4xx_HAL_Driver/Src/stm32f4xx_hal_tim.o
                0x0000000008004fb8                TIM_ETR_SetConfig
 .text.TIM_CCxChannelCmd
                0x0000000008004ff8       0x4a ./Drivers/STM32F4xx_HAL_Driver/Src/stm32f4xx_hal_tim.o
                0x0000000008004ff8                TIM_CCxChannelCmd
 *fill*         0x0000000008005042        0x2 
 .text.HAL_TIMEx_MasterConfigSynchronization
                0x0000000008005044       0xf8 ./Drivers/STM32F4xx_HAL_Driver/Src/stm32f4xx_hal_tim_ex.o
                0x0000000008005044                HAL_TIMEx_MasterConfigSynchronization
 .text.HAL_TIMEx_CommutCallback
                0x000000000800513c       0x14 ./Drivers/STM32F4xx_HAL_Driver/Src/stm32f4xx_hal_tim_ex.o
                0x000000000800513c                HAL_TIMEx_CommutCallback
 .text.HAL_TIMEx_BreakCallback
                0x0000000008005150       0x14 ./Drivers/STM32F4xx_HAL_Driver/Src/stm32f4xx_hal_tim_ex.o
                0x0000000008005150                HAL_TIMEx_BreakCallback
 .text.HAL_UART_Init
                0x0000000008005164       0x9a ./Drivers/STM32F4xx_HAL_Driver/Src/stm32f4xx_hal_uart.o
                0x0000000008005164                HAL_UART_Init
 .text.HAL_UART_DeInit
                0x00000000080051fe       0x5e ./Drivers/STM32F4xx_HAL_Driver/Src/stm32f4xx_hal_uart.o
                0x00000000080051fe                HAL_UART_DeInit
 .text.HAL_UART_IRQHandler
                0x000000000800525c      0x51c ./Drivers/STM32F4xx_HAL_Driver/Src/stm32f4xx_hal_uart.o
                0x000000000800525c                HAL_UART_IRQHandler
 .text.HAL_UART_TxCpltCallback
                0x0000000008005778       0x14 ./Drivers/STM32F4xx_HAL_Driver/Src/stm32f4xx_hal_uart.o
                0x0000000008005778                HAL_UART_TxCpltCallback
 .text.HAL_UART_RxCpltCallback
                0x000000000800578c       0x14 ./Drivers/STM32F4xx_HAL_Driver/Src/stm32f4xx_hal_uart.o
                0x000000000800578c                HAL_UART_RxCpltCallback
 .text.HAL_UART_ErrorCallback
                0x00000000080057a0       0x14 ./Drivers/STM32F4xx_HAL_Driver/Src/stm32f4xx_hal_uart.o
                0x00000000080057a0                HAL_UART_ErrorCallback
 .text.HAL_UARTEx_RxEventCallback
                0x00000000080057b4       0x18 ./Drivers/STM32F4xx_HAL_Driver/Src/stm32f4xx_hal_uart.o
                0x00000000080057b4                HAL_UARTEx_RxEventCallback
 .text.UART_EndRxTransfer
                0x00000000080057cc       0xc6 ./Drivers/STM32F4xx_HAL_Driver/Src/stm32f4xx_hal_uart.o
 .text.UART_DMAAbortOnError
                0x0000000008005892       0x28 ./Drivers/STM32F4xx_HAL_Driver/Src/stm32f4xx_hal_uart.o
 .text.UART_Transmit_IT
                0x00000000080058ba       0xa0 ./Drivers/STM32F4xx_HAL_Driver/Src/stm32f4xx_hal_uart.o
 .text.UART_EndTransmit_IT
                0x000000000800595a       0x30 ./Drivers/STM32F4xx_HAL_Driver/Src/stm32f4xx_hal_uart.o
 .text.UART_Receive_IT
                0x000000000800598a      0x176 ./Drivers/STM32F4xx_HAL_Driver/Src/stm32f4xx_hal_uart.o
 .text.UART_SetConfig
                0x0000000008005b00      0x390 ./Drivers/STM32F4xx_HAL_Driver/Src/stm32f4xx_hal_uart.o
 .text.FSMC_NORSRAM_Init
                0x0000000008005e90       0xa4 ./Drivers/STM32F4xx_HAL_Driver/Src/stm32f4xx_ll_fsmc.o
                0x0000000008005e90                FSMC_NORSRAM_Init
 .text.FSMC_NORSRAM_Timing_Init
                0x0000000008005f34       0x7a ./Drivers/STM32F4xx_HAL_Driver/Src/stm32f4xx_ll_fsmc.o
                0x0000000008005f34                FSMC_NORSRAM_Timing_Init
 *fill*         0x0000000008005fae        0x2 
 .text.FSMC_NORSRAM_Extended_Timing_Init
                0x0000000008005fb0       0x80 ./Drivers/STM32F4xx_HAL_Driver/Src/stm32f4xx_ll_fsmc.o
                0x0000000008005fb0                FSMC_NORSRAM_Extended_Timing_Init
 .text.__NVIC_SetPriority
                0x0000000008006030       0x54 ./Middlewares/Third_Party/FreeRTOS/Source/CMSIS_RTOS_V2/cmsis_os2.o
 .text.SysTick_Handler
                0x0000000008006084       0x20 ./Middlewares/Third_Party/FreeRTOS/Source/CMSIS_RTOS_V2/cmsis_os2.o
                0x0000000008006084                SysTick_Handler
 .text.SVC_Setup
                0x00000000080060a4       0x12 ./Middlewares/Third_Party/FreeRTOS/Source/CMSIS_RTOS_V2/cmsis_os2.o
 *fill*         0x00000000080060b6        0x2 
 .text.osKernelInitialize
                0x00000000080060b8       0x48 ./Middlewares/Third_Party/FreeRTOS/Source/CMSIS_RTOS_V2/cmsis_os2.o
                0x00000000080060b8                osKernelInitialize
 .text.osKernelStart
                0x0000000008006100       0x4c ./Middlewares/Third_Party/FreeRTOS/Source/CMSIS_RTOS_V2/cmsis_os2.o
                0x0000000008006100                osKernelStart
 .text.osThreadNew
                0x000000000800614c      0x126 ./Middlewares/Third_Party/FreeRTOS/Source/CMSIS_RTOS_V2/cmsis_os2.o
                0x000000000800614c                osThreadNew
 *fill*         0x0000000008006272        0x2 
 .text.osThreadFlagsSet
                0x0000000008006274       0x9c ./Middlewares/Third_Party/FreeRTOS/Source/CMSIS_RTOS_V2/cmsis_os2.o
                0x0000000008006274                osThreadFlagsSet
 .text.osThreadFlagsClear
                0x0000000008006310       0x7c ./Middlewares/Third_Party/FreeRTOS/Source/CMSIS_RTOS_V2/cmsis_os2.o
                0x0000000008006310                osThreadFlagsClear
 .text.osThreadFlagsWait
                0x000000000800638c      0x102 ./Middlewares/Third_Party/FreeRTOS/Source/CMSIS_RTOS_V2/cmsis_os2.o
                0x000000000800638c                osThreadFlagsWait
 .text.osDelay  0x000000000800648e       0x36 ./Middlewares/Third_Party/FreeRTOS/Source/CMSIS_RTOS_V2/cmsis_os2.o
                0x000000000800648e                osDelay
 .text.TimerCallback
                0x00000000080064c4       0x2a ./Middlewares/Third_Party/FreeRTOS/Source/CMSIS_RTOS_V2/cmsis_os2.o
 *fill*         0x00000000080064ee        0x2 
 .text.osTimerNew
                0x00000000080064f0       0xf8 ./Middlewares/Third_Party/FreeRTOS/Source/CMSIS_RTOS_V2/cmsis_os2.o
                0x00000000080064f0                osTimerNew
 .text.osTimerStart
                0x00000000080065e8       0x5c ./Middlewares/Third_Party/FreeRTOS/Source/CMSIS_RTOS_V2/cmsis_os2.o
                0x00000000080065e8                osTimerStart
 .text.osMutexNew
                0x0000000008006644      0x10c ./Middlewares/Third_Party/FreeRTOS/Source/CMSIS_RTOS_V2/cmsis_os2.o
                0x0000000008006644                osMutexNew
 .text.osMutexAcquire
                0x0000000008006750       0x96 ./Middlewares/Third_Party/FreeRTOS/Source/CMSIS_RTOS_V2/cmsis_os2.o
                0x0000000008006750                osMutexAcquire
 .text.osMutexRelease
                0x00000000080067e6       0x7a ./Middlewares/Third_Party/FreeRTOS/Source/CMSIS_RTOS_V2/cmsis_os2.o
                0x00000000080067e6                osMutexRelease
 .text.vApplicationGetIdleTaskMemory
                0x0000000008006860       0x34 ./Middlewares/Third_Party/FreeRTOS/Source/CMSIS_RTOS_V2/cmsis_os2.o
                0x0000000008006860                vApplicationGetIdleTaskMemory
 .text.vApplicationGetTimerTaskMemory
                0x0000000008006894       0x34 ./Middlewares/Third_Party/FreeRTOS/Source/CMSIS_RTOS_V2/cmsis_os2.o
                0x0000000008006894                vApplicationGetTimerTaskMemory
 .text.vListInitialise
                0x00000000080068c8       0x40 ./Middlewares/Third_Party/FreeRTOS/Source/list.o
                0x00000000080068c8                vListInitialise
 .text.vListInitialiseItem
                0x0000000008006908       0x1a ./Middlewares/Third_Party/FreeRTOS/Source/list.o
                0x0000000008006908                vListInitialiseItem
 .text.vListInsertEnd
                0x0000000008006922       0x48 ./Middlewares/Third_Party/FreeRTOS/Source/list.o
                0x0000000008006922                vListInsertEnd
 .text.vListInsert
                0x000000000800696a       0x72 ./Middlewares/Third_Party/FreeRTOS/Source/list.o
                0x000000000800696a                vListInsert
 .text.uxListRemove
                0x00000000080069dc       0x54 ./Middlewares/Third_Party/FreeRTOS/Source/list.o
                0x00000000080069dc                uxListRemove
 .text.xQueueGenericReset
                0x0000000008006a30       0xd0 ./Middlewares/Third_Party/FreeRTOS/Source/queue.o
                0x0000000008006a30                xQueueGenericReset
 .text.xQueueGenericCreateStatic
                0x0000000008006b00       0xf0 ./Middlewares/Third_Party/FreeRTOS/Source/queue.o
                0x0000000008006b00                xQueueGenericCreateStatic
 .text.xQueueGenericCreate
                0x0000000008006bf0       0x74 ./Middlewares/Third_Party/FreeRTOS/Source/queue.o
                0x0000000008006bf0                xQueueGenericCreate
 .text.prvInitialiseNewQueue
                0x0000000008006c64       0x46 ./Middlewares/Third_Party/FreeRTOS/Source/queue.o
 .text.prvInitialiseMutex
                0x0000000008006caa       0x34 ./Middlewares/Third_Party/FreeRTOS/Source/queue.o
 .text.xQueueCreateMutex
                0x0000000008006cde       0x30 ./Middlewares/Third_Party/FreeRTOS/Source/queue.o
                0x0000000008006cde                xQueueCreateMutex
 .text.xQueueCreateMutexStatic
                0x0000000008006d0e       0x36 ./Middlewares/Third_Party/FreeRTOS/Source/queue.o
                0x0000000008006d0e                xQueueCreateMutexStatic
 .text.xQueueGiveMutexRecursive
                0x0000000008006d44       0x68 ./Middlewares/Third_Party/FreeRTOS/Source/queue.o
                0x0000000008006d44                xQueueGiveMutexRecursive
 .text.xQueueTakeMutexRecursive
                0x0000000008006dac       0x6c ./Middlewares/Third_Party/FreeRTOS/Source/queue.o
                0x0000000008006dac                xQueueTakeMutexRecursive
 .text.xQueueGenericSend
                0x0000000008006e18      0x1fc ./Middlewares/Third_Party/FreeRTOS/Source/queue.o
                0x0000000008006e18                xQueueGenericSend
 .text.xQueueGenericSendFromISR
                0x0000000008007014      0x136 ./Middlewares/Third_Party/FreeRTOS/Source/queue.o
                0x0000000008007014                xQueueGenericSendFromISR
 *fill*         0x000000000800714a        0x2 
 .text.xQueueReceive
                0x000000000800714c      0x1c0 ./Middlewares/Third_Party/FreeRTOS/Source/queue.o
                0x000000000800714c                xQueueReceive
 .text.xQueueSemaphoreTake
                0x000000000800730c      0x218 ./Middlewares/Third_Party/FreeRTOS/Source/queue.o
                0x000000000800730c                xQueueSemaphoreTake
 .text.prvGetDisinheritPriorityAfterTimeout
                0x0000000008007524       0x30 ./Middlewares/Third_Party/FreeRTOS/Source/queue.o
 .text.prvCopyDataToQueue
                0x0000000008007554       0xd4 ./Middlewares/Third_Party/FreeRTOS/Source/queue.o
 .text.prvCopyDataFromQueue
                0x0000000008007628       0x4c ./Middlewares/Third_Party/FreeRTOS/Source/queue.o
 .text.prvUnlockQueue
                0x0000000008007674       0xa4 ./Middlewares/Third_Party/FreeRTOS/Source/queue.o
 .text.prvIsQueueEmpty
                0x0000000008007718       0x2c ./Middlewares/Third_Party/FreeRTOS/Source/queue.o
 .text.prvIsQueueFull
                0x0000000008007744       0x30 ./Middlewares/Third_Party/FreeRTOS/Source/queue.o
 .text.vQueueAddToRegistry
                0x0000000008007774       0x54 ./Middlewares/Third_Party/FreeRTOS/Source/queue.o
                0x0000000008007774                vQueueAddToRegistry
 .text.vQueueWaitForMessageRestricted
                0x00000000080077c8       0x68 ./Middlewares/Third_Party/FreeRTOS/Source/queue.o
                0x00000000080077c8                vQueueWaitForMessageRestricted
 .text.xTaskCreateStatic
                0x0000000008007830       0xba ./Middlewares/Third_Party/FreeRTOS/Source/tasks.o
                0x0000000008007830                xTaskCreateStatic
 .text.xTaskCreate
                0x00000000080078ea       0x8a ./Middlewares/Third_Party/FreeRTOS/Source/tasks.o
                0x00000000080078ea                xTaskCreate
 .text.prvInitialiseNewTask
                0x0000000008007974      0x11e ./Middlewares/Third_Party/FreeRTOS/Source/tasks.o
 *fill*         0x0000000008007a92        0x2 
 .text.prvAddNewTaskToReadyList
                0x0000000008007a94       0xe0 ./Middlewares/Third_Party/FreeRTOS/Source/tasks.o
 .text.vTaskDelay
                0x0000000008007b74       0x68 ./Middlewares/Third_Party/FreeRTOS/Source/tasks.o
                0x0000000008007b74                vTaskDelay
 .text.vTaskStartScheduler
                0x0000000008007bdc       0xcc ./Middlewares/Third_Party/FreeRTOS/Source/tasks.o
                0x0000000008007bdc                vTaskStartScheduler
 .text.vTaskSuspendAll
                0x0000000008007ca8       0x1c ./Middlewares/Third_Party/FreeRTOS/Source/tasks.o
                0x0000000008007ca8                vTaskSuspendAll
 .text.xTaskResumeAll
                0x0000000008007cc4      0x13c ./Middlewares/Third_Party/FreeRTOS/Source/tasks.o
                0x0000000008007cc4                xTaskResumeAll
 .text.xTaskGetTickCount
                0x0000000008007e00       0x20 ./Middlewares/Third_Party/FreeRTOS/Source/tasks.o
                0x0000000008007e00                xTaskGetTickCount
 .text.xTaskIncrementTick
                0x0000000008007e20      0x174 ./Middlewares/Third_Party/FreeRTOS/Source/tasks.o
                0x0000000008007e20                xTaskIncrementTick
 .text.vTaskSwitchContext
                0x0000000008007f94      0x104 ./Middlewares/Third_Party/FreeRTOS/Source/tasks.o
                0x0000000008007f94                vTaskSwitchContext
 .text.vTaskPlaceOnEventList
                0x0000000008008098       0x48 ./Middlewares/Third_Party/FreeRTOS/Source/tasks.o
                0x0000000008008098                vTaskPlaceOnEventList
 .text.vTaskPlaceOnEventListRestricted
                0x00000000080080e0       0x58 ./Middlewares/Third_Party/FreeRTOS/Source/tasks.o
                0x00000000080080e0                vTaskPlaceOnEventListRestricted
 .text.xTaskRemoveFromEventList
                0x0000000008008138       0xc8 ./Middlewares/Third_Party/FreeRTOS/Source/tasks.o
                0x0000000008008138                xTaskRemoveFromEventList
 .text.vTaskInternalSetTimeOutState
                0x0000000008008200       0x2c ./Middlewares/Third_Party/FreeRTOS/Source/tasks.o
                0x0000000008008200                vTaskInternalSetTimeOutState
 .text.xTaskCheckForTimeOut
                0x000000000800822c       0xc4 ./Middlewares/Third_Party/FreeRTOS/Source/tasks.o
                0x000000000800822c                xTaskCheckForTimeOut
 .text.vTaskMissedYield
                0x00000000080082f0       0x18 ./Middlewares/Third_Party/FreeRTOS/Source/tasks.o
                0x00000000080082f0                vTaskMissedYield
 .text.prvIdleTask
                0x0000000008008308       0x30 ./Middlewares/Third_Party/FreeRTOS/Source/tasks.o
 .text.prvInitialiseTaskLists
                0x0000000008008338       0x80 ./Middlewares/Third_Party/FreeRTOS/Source/tasks.o
 .text.prvCheckTasksWaitingTermination
                0x00000000080083b8       0x5c ./Middlewares/Third_Party/FreeRTOS/Source/tasks.o
 .text.prvDeleteTCB
                0x0000000008008414       0x5e ./Middlewares/Third_Party/FreeRTOS/Source/tasks.o
 *fill*         0x0000000008008472        0x2 
 .text.prvResetNextTaskUnblockTime
                0x0000000008008474       0x40 ./Middlewares/Third_Party/FreeRTOS/Source/tasks.o
 .text.xTaskGetCurrentTaskHandle
                0x00000000080084b4       0x20 ./Middlewares/Third_Party/FreeRTOS/Source/tasks.o
                0x00000000080084b4                xTaskGetCurrentTaskHandle
 .text.xTaskGetSchedulerState
                0x00000000080084d4       0x3c ./Middlewares/Third_Party/FreeRTOS/Source/tasks.o
                0x00000000080084d4                xTaskGetSchedulerState
 .text.xTaskPriorityInherit
                0x0000000008008510       0xd0 ./Middlewares/Third_Party/FreeRTOS/Source/tasks.o
                0x0000000008008510                xTaskPriorityInherit
 .text.xTaskPriorityDisinherit
                0x00000000080085e0       0xdc ./Middlewares/Third_Party/FreeRTOS/Source/tasks.o
                0x00000000080085e0                xTaskPriorityDisinherit
 .text.vTaskPriorityDisinheritAfterTimeout
                0x00000000080086bc      0x104 ./Middlewares/Third_Party/FreeRTOS/Source/tasks.o
                0x00000000080086bc                vTaskPriorityDisinheritAfterTimeout
 .text.pvTaskIncrementMutexHeldCount
                0x00000000080087c0       0x28 ./Middlewares/Third_Party/FreeRTOS/Source/tasks.o
                0x00000000080087c0                pvTaskIncrementMutexHeldCount
 .text.xTaskNotifyWait
                0x00000000080087e8       0xb4 ./Middlewares/Third_Party/FreeRTOS/Source/tasks.o
                0x00000000080087e8                xTaskNotifyWait
 .text.xTaskGenericNotify
                0x000000000800889c      0x170 ./Middlewares/Third_Party/FreeRTOS/Source/tasks.o
                0x000000000800889c                xTaskGenericNotify
 .text.xTaskGenericNotifyFromISR
                0x0000000008008a0c      0x1b8 ./Middlewares/Third_Party/FreeRTOS/Source/tasks.o
                0x0000000008008a0c                xTaskGenericNotifyFromISR
 .text.prvAddCurrentTaskToDelayedList
                0x0000000008008bc4       0xa8 ./Middlewares/Third_Party/FreeRTOS/Source/tasks.o
 .text.xTimerCreateTimerTask
                0x0000000008008c6c       0x90 ./Middlewares/Third_Party/FreeRTOS/Source/timers.o
                0x0000000008008c6c                xTimerCreateTimerTask
 .text.xTimerCreate
                0x0000000008008cfc       0x42 ./Middlewares/Third_Party/FreeRTOS/Source/timers.o
                0x0000000008008cfc                xTimerCreate
 .text.xTimerCreateStatic
                0x0000000008008d3e       0x7c ./Middlewares/Third_Party/FreeRTOS/Source/timers.o
                0x0000000008008d3e                xTimerCreateStatic
 .text.prvInitialiseNewTimer
                0x0000000008008dba       0x76 ./Middlewares/Third_Party/FreeRTOS/Source/timers.o
 .text.xTimerGenericCommand
                0x0000000008008e30       0x9c ./Middlewares/Third_Party/FreeRTOS/Source/timers.o
                0x0000000008008e30                xTimerGenericCommand
 .text.prvProcessExpiredTimer
                0x0000000008008ecc       0x98 ./Middlewares/Third_Party/FreeRTOS/Source/timers.o
 .text.prvTimerTask
                0x0000000008008f64       0x24 ./Middlewares/Third_Party/FreeRTOS/Source/timers.o
 .text.prvProcessTimerOrBlockTask
                0x0000000008008f88       0x9c ./Middlewares/Third_Party/FreeRTOS/Source/timers.o
 .text.prvGetNextExpireTime
                0x0000000008009024       0x48 ./Middlewares/Third_Party/FreeRTOS/Source/timers.o
 .text.prvSampleTimeNow
                0x000000000800906c       0x40 ./Middlewares/Third_Party/FreeRTOS/Source/timers.o
 .text.prvInsertTimerInActiveList
                0x00000000080090ac       0x84 ./Middlewares/Third_Party/FreeRTOS/Source/timers.o
 .text.prvProcessReceivedCommands
                0x0000000008009130      0x1c4 ./Middlewares/Third_Party/FreeRTOS/Source/timers.o
 .text.prvSwitchTimerLists
                0x00000000080092f4       0xc8 ./Middlewares/Third_Party/FreeRTOS/Source/timers.o
 .text.prvCheckForValidListAndQueue
                0x00000000080093bc       0x80 ./Middlewares/Third_Party/FreeRTOS/Source/timers.o
 .text.pvTimerGetTimerID
                0x000000000800943c       0x40 ./Middlewares/Third_Party/FreeRTOS/Source/timers.o
                0x000000000800943c                pvTimerGetTimerID
 .text.pxPortInitialiseStack
                0x000000000800947c       0x68 ./Middlewares/Third_Party/FreeRTOS/Source/portable/GCC/ARM_CM4F/port.o
                0x000000000800947c                pxPortInitialiseStack
 .text.prvTaskExitError
                0x00000000080094e4       0x58 ./Middlewares/Third_Party/FreeRTOS/Source/portable/GCC/ARM_CM4F/port.o
 *fill*         0x000000000800953c        0x4 
 .text.SVC_Handler
                0x0000000008009540       0x28 ./Middlewares/Third_Party/FreeRTOS/Source/portable/GCC/ARM_CM4F/port.o
                0x0000000008009540                SVC_Handler
 .text.prvPortStartFirstTask
                0x0000000008009568       0x28 ./Middlewares/Third_Party/FreeRTOS/Source/portable/GCC/ARM_CM4F/port.o
 .text.xPortStartScheduler
                0x0000000008009590      0x144 ./Middlewares/Third_Party/FreeRTOS/Source/portable/GCC/ARM_CM4F/port.o
                0x0000000008009590                xPortStartScheduler
 .text.vPortEnterCritical
                0x00000000080096d4       0x60 ./Middlewares/Third_Party/FreeRTOS/Source/portable/GCC/ARM_CM4F/port.o
                0x00000000080096d4                vPortEnterCritical
 .text.vPortExitCritical
                0x0000000008009734       0x54 ./Middlewares/Third_Party/FreeRTOS/Source/portable/GCC/ARM_CM4F/port.o
                0x0000000008009734                vPortExitCritical
 *fill*         0x0000000008009788        0x8 
 .text.PendSV_Handler
                0x0000000008009790       0x68 ./Middlewares/Third_Party/FreeRTOS/Source/portable/GCC/ARM_CM4F/port.o
                0x0000000008009790                PendSV_Handler
 .text.xPortSysTickHandler
                0x00000000080097f8       0x44 ./Middlewares/Third_Party/FreeRTOS/Source/portable/GCC/ARM_CM4F/port.o
                0x00000000080097f8                xPortSysTickHandler
 .text.vPortSetupTimerInterrupt
                0x000000000800983c       0x48 ./Middlewares/Third_Party/FreeRTOS/Source/portable/GCC/ARM_CM4F/port.o
                0x000000000800983c                vPortSetupTimerInterrupt
 .text.vPortEnableVFP
                0x0000000008009884       0x14 ./Middlewares/Third_Party/FreeRTOS/Source/portable/GCC/ARM_CM4F/port.o
 .text.vPortValidateInterruptPriority
                0x0000000008009898       0x80 ./Middlewares/Third_Party/FreeRTOS/Source/portable/GCC/ARM_CM4F/port.o
                0x0000000008009898                vPortValidateInterruptPriority
 .text.pvPortMalloc
                0x0000000008009918      0x150 ./Middlewares/Third_Party/FreeRTOS/Source/portable/MemMang/heap_5.o
                0x0000000008009918                pvPortMalloc
 .text.vPortFree
                0x0000000008009a68       0xc4 ./Middlewares/Third_Party/FreeRTOS/Source/portable/MemMang/heap_5.o
                0x0000000008009a68                vPortFree
 .text.prvInsertBlockIntoFreeList
                0x0000000008009b2c       0xb4 ./Middlewares/Third_Party/FreeRTOS/Source/portable/MemMang/heap_5.o
 .text.lv_disp_get_scr_act
                0x0000000008009be0       0x2a ./Middlewares/Third_Party/lvgl/src/lv_core/lv_disp.o
                0x0000000008009be0                lv_disp_get_scr_act
 .text.lv_disp_get_layer_top
                0x0000000008009c0a       0x2a ./Middlewares/Third_Party/lvgl/src/lv_core/lv_disp.o
                0x0000000008009c0a                lv_disp_get_layer_top
 .text.lv_disp_get_layer_sys
                0x0000000008009c34       0x2a ./Middlewares/Third_Party/lvgl/src/lv_core/lv_disp.o
                0x0000000008009c34                lv_disp_get_layer_sys
 *fill*         0x0000000008009c5e        0x2 
 .text._lv_group_init
                0x0000000008009c60       0x14 ./Middlewares/Third_Party/lvgl/src/lv_core/lv_group.o
                0x0000000008009c60                _lv_group_init
 .text.lv_group_add_obj
                0x0000000008009c74       0x9a ./Middlewares/Third_Party/lvgl/src/lv_core/lv_group.o
                0x0000000008009c74                lv_group_add_obj
 .text.lv_group_remove_obj
                0x0000000008009d0e       0xe0 ./Middlewares/Third_Party/lvgl/src/lv_core/lv_group.o
                0x0000000008009d0e                lv_group_remove_obj
 .text.lv_group_focus_obj
                0x0000000008009dee      0x12e ./Middlewares/Third_Party/lvgl/src/lv_core/lv_group.o
                0x0000000008009dee                lv_group_focus_obj
 .text.lv_group_focus_next
                0x0000000008009f1c       0x24 ./Middlewares/Third_Party/lvgl/src/lv_core/lv_group.o
                0x0000000008009f1c                lv_group_focus_next
 .text.lv_group_focus_prev
                0x0000000008009f40       0x24 ./Middlewares/Third_Party/lvgl/src/lv_core/lv_group.o
                0x0000000008009f40                lv_group_focus_prev
 .text.lv_group_send_data
                0x0000000008009f64       0x5a ./Middlewares/Third_Party/lvgl/src/lv_core/lv_group.o
                0x0000000008009f64                lv_group_send_data
 .text.lv_group_set_editing
                0x0000000008009fbe       0x86 ./Middlewares/Third_Party/lvgl/src/lv_core/lv_group.o
                0x0000000008009fbe                lv_group_set_editing
 .text.lv_group_get_focused
                0x000000000800a044       0x30 ./Middlewares/Third_Party/lvgl/src/lv_core/lv_group.o
                0x000000000800a044                lv_group_get_focused
 .text.lv_group_get_editing
                0x000000000800a074       0x34 ./Middlewares/Third_Party/lvgl/src/lv_core/lv_group.o
                0x000000000800a074                lv_group_get_editing
 .text.lv_group_refocus
                0x000000000800a0a8       0x62 ./Middlewares/Third_Party/lvgl/src/lv_core/lv_group.o
 .text.focus_next_core
                0x000000000800a10a      0x18a ./Middlewares/Third_Party/lvgl/src/lv_core/lv_group.o
 .text.obj_to_foreground
                0x000000000800a294       0x48 ./Middlewares/Third_Party/lvgl/src/lv_core/lv_group.o
 .text._lv_indev_init
                0x000000000800a2dc       0x10 ./Middlewares/Third_Party/lvgl/src/lv_core/lv_indev.o
                0x000000000800a2dc                _lv_indev_init
 .text._lv_indev_read_task
                0x000000000800a2ec      0x144 ./Middlewares/Third_Party/lvgl/src/lv_core/lv_indev.o
                0x000000000800a2ec                _lv_indev_read_task
 .text.lv_indev_get_act
                0x000000000800a430       0x18 ./Middlewares/Third_Party/lvgl/src/lv_core/lv_indev.o
                0x000000000800a430                lv_indev_get_act
 .text.lv_indev_get_type
                0x000000000800a448       0x22 ./Middlewares/Third_Party/lvgl/src/lv_core/lv_indev.o
                0x000000000800a448                lv_indev_get_type
 *fill*         0x000000000800a46a        0x2 
 .text.lv_indev_reset
                0x000000000800a46c       0xa4 ./Middlewares/Third_Party/lvgl/src/lv_core/lv_indev.o
                0x000000000800a46c                lv_indev_reset
 .text.lv_indev_reset_long_press
                0x000000000800a510       0x32 ./Middlewares/Third_Party/lvgl/src/lv_core/lv_indev.o
                0x000000000800a510                lv_indev_reset_long_press
 .text.lv_indev_get_point
                0x000000000800a542       0x5e ./Middlewares/Third_Party/lvgl/src/lv_core/lv_indev.o
                0x000000000800a542                lv_indev_get_point
 .text.lv_indev_is_dragging
                0x000000000800a5a0       0x48 ./Middlewares/Third_Party/lvgl/src/lv_core/lv_indev.o
                0x000000000800a5a0                lv_indev_is_dragging
 .text.lv_indev_get_obj_act
                0x000000000800a5e8       0x18 ./Middlewares/Third_Party/lvgl/src/lv_core/lv_indev.o
                0x000000000800a5e8                lv_indev_get_obj_act
 .text.indev_pointer_proc
                0x000000000800a600       0x96 ./Middlewares/Third_Party/lvgl/src/lv_core/lv_indev.o
 *fill*         0x000000000800a696        0x2 
 .text.indev_keypad_proc
                0x000000000800a698      0x480 ./Middlewares/Third_Party/lvgl/src/lv_core/lv_indev.o
 .text.indev_encoder_proc
                0x000000000800ab18      0x4e0 ./Middlewares/Third_Party/lvgl/src/lv_core/lv_indev.o
 .text.indev_button_proc
                0x000000000800aff8       0x96 ./Middlewares/Third_Party/lvgl/src/lv_core/lv_indev.o
 *fill*         0x000000000800b08e        0x2 
 .text.indev_proc_press
                0x000000000800b090      0x5e0 ./Middlewares/Third_Party/lvgl/src/lv_core/lv_indev.o
 .text.indev_proc_release
                0x000000000800b670      0x264 ./Middlewares/Third_Party/lvgl/src/lv_core/lv_indev.o
 .text.indev_proc_reset_query_handler
                0x000000000800b8d4       0xb8 ./Middlewares/Third_Party/lvgl/src/lv_core/lv_indev.o
 .text.lv_indev_search_obj
                0x000000000800b98c       0x9c ./Middlewares/Third_Party/lvgl/src/lv_core/lv_indev.o
                0x000000000800b98c                lv_indev_search_obj
 .text.indev_click_focus
                0x000000000800ba28      0x240 ./Middlewares/Third_Party/lvgl/src/lv_core/lv_indev.o
 .text.indev_drag
                0x000000000800bc68      0x454 ./Middlewares/Third_Party/lvgl/src/lv_core/lv_indev.o
 .text.indev_drag_throw
                0x000000000800c0bc      0x288 ./Middlewares/Third_Party/lvgl/src/lv_core/lv_indev.o
 .text.get_dragged_obj
                0x000000000800c344       0x3c ./Middlewares/Third_Party/lvgl/src/lv_core/lv_indev.o
 .text.indev_gesture
                0x000000000800c380      0x1b0 ./Middlewares/Third_Party/lvgl/src/lv_core/lv_indev.o
 .text.indev_reset_check
                0x000000000800c530       0x48 ./Middlewares/Third_Party/lvgl/src/lv_core/lv_indev.o
 .text._lv_memcpy_small
                0x000000000800c578       0x44 ./Middlewares/Third_Party/lvgl/src/lv_core/lv_obj.o
 .text.lv_area_copy
                0x000000000800c5bc       0x1c ./Middlewares/Third_Party/lvgl/src/lv_core/lv_obj.o
 .text.lv_area_get_width
                0x000000000800c5d8       0x2e ./Middlewares/Third_Party/lvgl/src/lv_core/lv_obj.o
 .text.lv_area_get_height
                0x000000000800c606       0x2e ./Middlewares/Third_Party/lvgl/src/lv_core/lv_obj.o
 .text.lv_style_list_get_style
                0x000000000800c634       0x5c ./Middlewares/Third_Party/lvgl/src/lv_core/lv_obj.o
 .text.lv_obj_get_style_radius
                0x000000000800c690       0x22 ./Middlewares/Third_Party/lvgl/src/lv_core/lv_obj.o
 .text.lv_obj_get_style_clip_corner
                0x000000000800c6b2       0x2c ./Middlewares/Third_Party/lvgl/src/lv_core/lv_obj.o
 .text.lv_obj_get_style_transform_width
                0x000000000800c6de       0x22 ./Middlewares/Third_Party/lvgl/src/lv_core/lv_obj.o
 .text.lv_obj_get_style_transform_height
                0x000000000800c700       0x22 ./Middlewares/Third_Party/lvgl/src/lv_core/lv_obj.o
 .text.lv_obj_get_style_opa_scale
                0x000000000800c722       0x24 ./Middlewares/Third_Party/lvgl/src/lv_core/lv_obj.o
 .text.lv_obj_get_style_pad_left
                0x000000000800c746       0x22 ./Middlewares/Third_Party/lvgl/src/lv_core/lv_obj.o
 .text.lv_obj_get_style_pad_right
                0x000000000800c768       0x22 ./Middlewares/Third_Party/lvgl/src/lv_core/lv_obj.o
 .text.lv_obj_get_style_bg_blend_mode
                0x000000000800c78a       0x24 ./Middlewares/Third_Party/lvgl/src/lv_core/lv_obj.o
 .text.lv_obj_get_style_bg_main_stop
                0x000000000800c7ae       0x22 ./Middlewares/Third_Party/lvgl/src/lv_core/lv_obj.o
 .text.lv_obj_get_style_bg_grad_stop
                0x000000000800c7d0       0x22 ./Middlewares/Third_Party/lvgl/src/lv_core/lv_obj.o
 .text.lv_obj_get_style_bg_grad_dir
                0x000000000800c7f2       0x24 ./Middlewares/Third_Party/lvgl/src/lv_core/lv_obj.o
 .text.lv_obj_get_style_bg_color
                0x000000000800c816       0x22 ./Middlewares/Third_Party/lvgl/src/lv_core/lv_obj.o
 .text.lv_obj_get_style_bg_grad_color
                0x000000000800c838       0x22 ./Middlewares/Third_Party/lvgl/src/lv_core/lv_obj.o
 .text.lv_obj_get_style_bg_opa
                0x000000000800c85a       0x22 ./Middlewares/Third_Party/lvgl/src/lv_core/lv_obj.o
 .text.lv_obj_get_style_border_width
                0x000000000800c87c       0x22 ./Middlewares/Third_Party/lvgl/src/lv_core/lv_obj.o
 .text.lv_obj_get_style_border_side
                0x000000000800c89e       0x24 ./Middlewares/Third_Party/lvgl/src/lv_core/lv_obj.o
 .text.lv_obj_get_style_border_blend_mode
                0x000000000800c8c2       0x24 ./Middlewares/Third_Party/lvgl/src/lv_core/lv_obj.o
 .text.lv_obj_get_style_border_post
                0x000000000800c8e6       0x2c ./Middlewares/Third_Party/lvgl/src/lv_core/lv_obj.o
 .text.lv_obj_get_style_border_color
                0x000000000800c912       0x22 ./Middlewares/Third_Party/lvgl/src/lv_core/lv_obj.o
 .text.lv_obj_get_style_border_opa
                0x000000000800c934       0x22 ./Middlewares/Third_Party/lvgl/src/lv_core/lv_obj.o
 .text.lv_obj_get_style_outline_width
                0x000000000800c956       0x22 ./Middlewares/Third_Party/lvgl/src/lv_core/lv_obj.o
 .text.lv_obj_get_style_outline_pad
                0x000000000800c978       0x22 ./Middlewares/Third_Party/lvgl/src/lv_core/lv_obj.o
 .text.lv_obj_get_style_outline_blend_mode
                0x000000000800c99a       0x24 ./Middlewares/Third_Party/lvgl/src/lv_core/lv_obj.o
 .text.lv_obj_get_style_outline_color
                0x000000000800c9be       0x22 ./Middlewares/Third_Party/lvgl/src/lv_core/lv_obj.o
 .text.lv_obj_get_style_outline_opa
                0x000000000800c9e0       0x22 ./Middlewares/Third_Party/lvgl/src/lv_core/lv_obj.o
 .text.lv_obj_get_style_shadow_width
                0x000000000800ca02       0x22 ./Middlewares/Third_Party/lvgl/src/lv_core/lv_obj.o
 .text.lv_obj_get_style_shadow_ofs_x
                0x000000000800ca24       0x22 ./Middlewares/Third_Party/lvgl/src/lv_core/lv_obj.o
 .text.lv_obj_get_style_shadow_ofs_y
                0x000000000800ca46       0x22 ./Middlewares/Third_Party/lvgl/src/lv_core/lv_obj.o
 .text.lv_obj_get_style_shadow_spread
                0x000000000800ca68       0x22 ./Middlewares/Third_Party/lvgl/src/lv_core/lv_obj.o
 .text.lv_obj_get_style_shadow_opa
                0x000000000800ca8a       0x22 ./Middlewares/Third_Party/lvgl/src/lv_core/lv_obj.o
 .text.lv_obj_get_style_pattern_repeat
                0x000000000800caac       0x2c ./Middlewares/Third_Party/lvgl/src/lv_core/lv_obj.o
 .text.lv_obj_get_style_pattern_blend_mode
                0x000000000800cad8       0x24 ./Middlewares/Third_Party/lvgl/src/lv_core/lv_obj.o
 .text.lv_obj_get_style_pattern_recolor
                0x000000000800cafc       0x22 ./Middlewares/Third_Party/lvgl/src/lv_core/lv_obj.o
 .text.lv_obj_get_style_pattern_opa
                0x000000000800cb1e       0x22 ./Middlewares/Third_Party/lvgl/src/lv_core/lv_obj.o
 .text.lv_obj_get_style_pattern_recolor_opa
                0x000000000800cb40       0x22 ./Middlewares/Third_Party/lvgl/src/lv_core/lv_obj.o
 .text.lv_obj_get_style_pattern_image
                0x000000000800cb62       0x22 ./Middlewares/Third_Party/lvgl/src/lv_core/lv_obj.o
 .text.lv_obj_get_style_value_letter_space
                0x000000000800cb84       0x22 ./Middlewares/Third_Party/lvgl/src/lv_core/lv_obj.o
 .text.lv_obj_get_style_value_line_space
                0x000000000800cba6       0x22 ./Middlewares/Third_Party/lvgl/src/lv_core/lv_obj.o
 .text.lv_obj_get_style_value_blend_mode
                0x000000000800cbc8       0x24 ./Middlewares/Third_Party/lvgl/src/lv_core/lv_obj.o
 .text.lv_obj_get_style_value_ofs_x
                0x000000000800cbec       0x22 ./Middlewares/Third_Party/lvgl/src/lv_core/lv_obj.o
 .text.lv_obj_get_style_value_ofs_y
                0x000000000800cc0e       0x22 ./Middlewares/Third_Party/lvgl/src/lv_core/lv_obj.o
 .text.lv_obj_get_style_value_align
                0x000000000800cc30       0x24 ./Middlewares/Third_Party/lvgl/src/lv_core/lv_obj.o
 .text.lv_obj_get_style_value_color
                0x000000000800cc54       0x22 ./Middlewares/Third_Party/lvgl/src/lv_core/lv_obj.o
 .text.lv_obj_get_style_value_opa
                0x000000000800cc76       0x22 ./Middlewares/Third_Party/lvgl/src/lv_core/lv_obj.o
 .text.lv_obj_get_style_value_font
                0x000000000800cc98       0x22 ./Middlewares/Third_Party/lvgl/src/lv_core/lv_obj.o
 .text.lv_obj_get_style_value_str
                0x000000000800ccba       0x22 ./Middlewares/Third_Party/lvgl/src/lv_core/lv_obj.o
 .text.lv_obj_get_style_text_letter_space
                0x000000000800ccdc       0x24 ./Middlewares/Third_Party/lvgl/src/lv_core/lv_obj.o
 .text.lv_obj_get_style_text_line_space
                0x000000000800cd00       0x24 ./Middlewares/Third_Party/lvgl/src/lv_core/lv_obj.o
 .text.lv_obj_get_style_text_decor
                0x000000000800cd24       0x26 ./Middlewares/Third_Party/lvgl/src/lv_core/lv_obj.o
 .text.lv_obj_get_style_text_blend_mode
                0x000000000800cd4a       0x26 ./Middlewares/Third_Party/lvgl/src/lv_core/lv_obj.o
 .text.lv_obj_get_style_text_color
                0x000000000800cd70       0x24 ./Middlewares/Third_Party/lvgl/src/lv_core/lv_obj.o
 .text.lv_obj_get_style_text_sel_color
                0x000000000800cd94       0x24 ./Middlewares/Third_Party/lvgl/src/lv_core/lv_obj.o
 .text.lv_obj_get_style_text_opa
                0x000000000800cdb8       0x24 ./Middlewares/Third_Party/lvgl/src/lv_core/lv_obj.o
 .text.lv_obj_get_style_text_font
                0x000000000800cddc       0x24 ./Middlewares/Third_Party/lvgl/src/lv_core/lv_obj.o
 .text.lv_obj_get_style_line_width
                0x000000000800ce00       0x22 ./Middlewares/Third_Party/lvgl/src/lv_core/lv_obj.o
 .text.lv_obj_get_style_line_blend_mode
                0x000000000800ce22       0x24 ./Middlewares/Third_Party/lvgl/src/lv_core/lv_obj.o
 .text.lv_obj_get_style_line_dash_width
                0x000000000800ce46       0x22 ./Middlewares/Third_Party/lvgl/src/lv_core/lv_obj.o
 .text.lv_obj_get_style_line_dash_gap
                0x000000000800ce68       0x22 ./Middlewares/Third_Party/lvgl/src/lv_core/lv_obj.o
 .text.lv_obj_get_style_line_rounded
                0x000000000800ce8a       0x2c ./Middlewares/Third_Party/lvgl/src/lv_core/lv_obj.o
 .text.lv_obj_get_style_line_color
                0x000000000800ceb6       0x22 ./Middlewares/Third_Party/lvgl/src/lv_core/lv_obj.o
 .text.lv_obj_get_style_line_opa
                0x000000000800ced8       0x22 ./Middlewares/Third_Party/lvgl/src/lv_core/lv_obj.o
 *fill*         0x000000000800cefa        0x2 
 .text.lv_init  0x000000000800cefc       0xb0 ./Middlewares/Third_Party/lvgl/src/lv_core/lv_obj.o
                0x000000000800cefc                lv_init
 .text.lv_obj_create
                0x000000000800cfac      0x524 ./Middlewares/Third_Party/lvgl/src/lv_core/lv_obj.o
                0x000000000800cfac                lv_obj_create
 .text.lv_obj_del
                0x000000000800d4d0       0x72 ./Middlewares/Third_Party/lvgl/src/lv_core/lv_obj.o
                0x000000000800d4d0                lv_obj_del
 *fill*         0x000000000800d542        0x2 
 .text.lv_obj_del_async
                0x000000000800d544       0x1c ./Middlewares/Third_Party/lvgl/src/lv_core/lv_obj.o
                0x000000000800d544                lv_obj_del_async
 .text.lv_obj_invalidate_area
                0x000000000800d560      0x144 ./Middlewares/Third_Party/lvgl/src/lv_core/lv_obj.o
                0x000000000800d560                lv_obj_invalidate_area
 .text.lv_obj_invalidate
                0x000000000800d6a4       0x74 ./Middlewares/Third_Party/lvgl/src/lv_core/lv_obj.o
                0x000000000800d6a4                lv_obj_invalidate
 .text.lv_obj_set_parent
                0x000000000800d718       0xf2 ./Middlewares/Third_Party/lvgl/src/lv_core/lv_obj.o
                0x000000000800d718                lv_obj_set_parent
 .text.lv_obj_move_foreground
                0x000000000800d80a       0x54 ./Middlewares/Third_Party/lvgl/src/lv_core/lv_obj.o
                0x000000000800d80a                lv_obj_move_foreground
 .text.lv_obj_set_pos
                0x000000000800d85e      0x120 ./Middlewares/Third_Party/lvgl/src/lv_core/lv_obj.o
                0x000000000800d85e                lv_obj_set_pos
 .text.lv_obj_set_x
                0x000000000800d97e       0x2a ./Middlewares/Third_Party/lvgl/src/lv_core/lv_obj.o
                0x000000000800d97e                lv_obj_set_x
 .text.lv_obj_set_y
                0x000000000800d9a8       0x2a ./Middlewares/Third_Party/lvgl/src/lv_core/lv_obj.o
                0x000000000800d9a8                lv_obj_set_y
 .text.lv_obj_set_size
                0x000000000800d9d2      0x11a ./Middlewares/Third_Party/lvgl/src/lv_core/lv_obj.o
                0x000000000800d9d2                lv_obj_set_size
 .text.lv_obj_set_width
                0x000000000800daec       0x2a ./Middlewares/Third_Party/lvgl/src/lv_core/lv_obj.o
                0x000000000800daec                lv_obj_set_width
 .text.lv_obj_set_height
                0x000000000800db16       0x2a ./Middlewares/Third_Party/lvgl/src/lv_core/lv_obj.o
                0x000000000800db16                lv_obj_set_height
 .text.lv_obj_align
                0x000000000800db40       0xd2 ./Middlewares/Third_Party/lvgl/src/lv_core/lv_obj.o
                0x000000000800db40                lv_obj_align
 *fill*         0x000000000800dc12        0x2 
 .text.lv_obj_align_origo
                0x000000000800dc14      0x424 ./Middlewares/Third_Party/lvgl/src/lv_core/lv_obj.o
                0x000000000800dc14                lv_obj_align_origo
 .text.lv_obj_realign
                0x000000000800e038       0x62 ./Middlewares/Third_Party/lvgl/src/lv_core/lv_obj.o
                0x000000000800e038                lv_obj_realign
 .text.lv_obj_add_style
                0x000000000800e09a       0x44 ./Middlewares/Third_Party/lvgl/src/lv_core/lv_obj.o
                0x000000000800e09a                lv_obj_add_style
 .text.lv_obj_clean_style_list
                0x000000000800e0de       0x2e ./Middlewares/Third_Party/lvgl/src/lv_core/lv_obj.o
                0x000000000800e0de                lv_obj_clean_style_list
 .text.lv_obj_reset_style_list
                0x000000000800e10c       0x26 ./Middlewares/Third_Party/lvgl/src/lv_core/lv_obj.o
                0x000000000800e10c                lv_obj_reset_style_list
 .text._lv_obj_set_style_local_int
                0x000000000800e132       0x4c ./Middlewares/Third_Party/lvgl/src/lv_core/lv_obj.o
                0x000000000800e132                _lv_obj_set_style_local_int
 .text._lv_obj_set_style_local_color
                0x000000000800e17e       0x42 ./Middlewares/Third_Party/lvgl/src/lv_core/lv_obj.o
                0x000000000800e17e                _lv_obj_set_style_local_color
 .text._lv_obj_set_style_local_opa
                0x000000000800e1c0       0x4a ./Middlewares/Third_Party/lvgl/src/lv_core/lv_obj.o
                0x000000000800e1c0                _lv_obj_set_style_local_opa
 .text._lv_obj_set_style_local_ptr
                0x000000000800e20a       0x42 ./Middlewares/Third_Party/lvgl/src/lv_core/lv_obj.o
                0x000000000800e20a                _lv_obj_set_style_local_ptr
 .text.lv_obj_refresh_style
                0x000000000800e24c      0x30c ./Middlewares/Third_Party/lvgl/src/lv_core/lv_obj.o
                0x000000000800e24c                lv_obj_refresh_style
 .text.lv_obj_report_style_mod
                0x000000000800e558       0x54 ./Middlewares/Third_Party/lvgl/src/lv_core/lv_obj.o
                0x000000000800e558                lv_obj_report_style_mod
 .text.lv_obj_set_click
                0x000000000800e5ac       0x28 ./Middlewares/Third_Party/lvgl/src/lv_core/lv_obj.o
                0x000000000800e5ac                lv_obj_set_click
 .text.lv_obj_set_drag
                0x000000000800e5d4       0x32 ./Middlewares/Third_Party/lvgl/src/lv_core/lv_obj.o
                0x000000000800e5d4                lv_obj_set_drag
 .text.lv_obj_set_drag_throw
                0x000000000800e606       0x28 ./Middlewares/Third_Party/lvgl/src/lv_core/lv_obj.o
                0x000000000800e606                lv_obj_set_drag_throw
 .text.lv_obj_set_drag_parent
                0x000000000800e62e       0x28 ./Middlewares/Third_Party/lvgl/src/lv_core/lv_obj.o
                0x000000000800e62e                lv_obj_set_drag_parent
 .text.lv_obj_add_protect
                0x000000000800e656       0x2a ./Middlewares/Third_Party/lvgl/src/lv_core/lv_obj.o
                0x000000000800e656                lv_obj_add_protect
 .text.lv_obj_clear_protect
                0x000000000800e680       0x30 ./Middlewares/Third_Party/lvgl/src/lv_core/lv_obj.o
                0x000000000800e680                lv_obj_clear_protect
 .text.lv_obj_set_state
                0x000000000800e6b0       0x3a ./Middlewares/Third_Party/lvgl/src/lv_core/lv_obj.o
                0x000000000800e6b0                lv_obj_set_state
 .text.lv_obj_add_state
                0x000000000800e6ea       0x36 ./Middlewares/Third_Party/lvgl/src/lv_core/lv_obj.o
                0x000000000800e6ea                lv_obj_add_state
 .text.lv_obj_clear_state
                0x000000000800e720       0x40 ./Middlewares/Third_Party/lvgl/src/lv_core/lv_obj.o
                0x000000000800e720                lv_obj_clear_state
 .text.lv_obj_set_event_cb
                0x000000000800e760       0x1c ./Middlewares/Third_Party/lvgl/src/lv_core/lv_obj.o
                0x000000000800e760                lv_obj_set_event_cb
 .text.lv_event_send
                0x000000000800e77c       0x34 ./Middlewares/Third_Party/lvgl/src/lv_core/lv_obj.o
                0x000000000800e77c                lv_event_send
 .text.lv_event_send_func
                0x000000000800e7b0       0xd4 ./Middlewares/Third_Party/lvgl/src/lv_core/lv_obj.o
                0x000000000800e7b0                lv_event_send_func
 .text.lv_event_get_data
                0x000000000800e884       0x18 ./Middlewares/Third_Party/lvgl/src/lv_core/lv_obj.o
                0x000000000800e884                lv_event_get_data
 .text.lv_obj_set_signal_cb
                0x000000000800e89c       0x1c ./Middlewares/Third_Party/lvgl/src/lv_core/lv_obj.o
                0x000000000800e89c                lv_obj_set_signal_cb
 .text.lv_signal_send
                0x000000000800e8b8       0x3e ./Middlewares/Third_Party/lvgl/src/lv_core/lv_obj.o
                0x000000000800e8b8                lv_signal_send
 .text.lv_obj_set_design_cb
                0x000000000800e8f6       0x1c ./Middlewares/Third_Party/lvgl/src/lv_core/lv_obj.o
                0x000000000800e8f6                lv_obj_set_design_cb
 .text.lv_obj_allocate_ext_attr
                0x000000000800e912       0x38 ./Middlewares/Third_Party/lvgl/src/lv_core/lv_obj.o
                0x000000000800e912                lv_obj_allocate_ext_attr
 .text.lv_obj_refresh_ext_draw_pad
                0x000000000800e94a       0x22 ./Middlewares/Third_Party/lvgl/src/lv_core/lv_obj.o
                0x000000000800e94a                lv_obj_refresh_ext_draw_pad
 .text.lv_obj_get_screen
                0x000000000800e96c       0x28 ./Middlewares/Third_Party/lvgl/src/lv_core/lv_obj.o
                0x000000000800e96c                lv_obj_get_screen
 .text.lv_obj_get_disp
                0x000000000800e994       0x74 ./Middlewares/Third_Party/lvgl/src/lv_core/lv_obj.o
                0x000000000800e994                lv_obj_get_disp
 .text.lv_obj_get_parent
                0x000000000800ea08       0x18 ./Middlewares/Third_Party/lvgl/src/lv_core/lv_obj.o
                0x000000000800ea08                lv_obj_get_parent
 .text.lv_obj_get_child
                0x000000000800ea20       0x3a ./Middlewares/Third_Party/lvgl/src/lv_core/lv_obj.o
                0x000000000800ea20                lv_obj_get_child
 .text.lv_obj_get_coords
                0x000000000800ea5a       0x1e ./Middlewares/Third_Party/lvgl/src/lv_core/lv_obj.o
                0x000000000800ea5a                lv_obj_get_coords
 .text.lv_obj_get_inner_coords
                0x000000000800ea78       0xa2 ./Middlewares/Third_Party/lvgl/src/lv_core/lv_obj.o
                0x000000000800ea78                lv_obj_get_inner_coords
 .text.lv_obj_get_x
                0x000000000800eb1a       0x40 ./Middlewares/Third_Party/lvgl/src/lv_core/lv_obj.o
                0x000000000800eb1a                lv_obj_get_x
 .text.lv_obj_get_y
                0x000000000800eb5a       0x40 ./Middlewares/Third_Party/lvgl/src/lv_core/lv_obj.o
                0x000000000800eb5a                lv_obj_get_y
 .text.lv_obj_get_width
                0x000000000800eb9a       0x1c ./Middlewares/Third_Party/lvgl/src/lv_core/lv_obj.o
                0x000000000800eb9a                lv_obj_get_width
 .text.lv_obj_get_height
                0x000000000800ebb6       0x1c ./Middlewares/Third_Party/lvgl/src/lv_core/lv_obj.o
                0x000000000800ebb6                lv_obj_get_height
 .text.lv_obj_get_width_fit
                0x000000000800ebd2       0x40 ./Middlewares/Third_Party/lvgl/src/lv_core/lv_obj.o
                0x000000000800ebd2                lv_obj_get_width_fit
 .text.lv_obj_get_auto_realign
                0x000000000800ec12       0x28 ./Middlewares/Third_Party/lvgl/src/lv_core/lv_obj.o
                0x000000000800ec12                lv_obj_get_auto_realign
 .text.lv_obj_get_style_list
                0x000000000800ec3a       0x46 ./Middlewares/Third_Party/lvgl/src/lv_core/lv_obj.o
                0x000000000800ec3a                lv_obj_get_style_list
 .text._lv_obj_get_style_int
                0x000000000800ec80       0xe4 ./Middlewares/Third_Party/lvgl/src/lv_core/lv_obj.o
                0x000000000800ec80                _lv_obj_get_style_int
 .text._lv_obj_get_style_color
                0x000000000800ed64       0xc8 ./Middlewares/Third_Party/lvgl/src/lv_core/lv_obj.o
                0x000000000800ed64                _lv_obj_get_style_color
 .text._lv_obj_get_style_opa
                0x000000000800ee2c       0xc6 ./Middlewares/Third_Party/lvgl/src/lv_core/lv_obj.o
                0x000000000800ee2c                _lv_obj_get_style_opa
 .text._lv_obj_get_style_ptr
                0x000000000800eef2       0xbe ./Middlewares/Third_Party/lvgl/src/lv_core/lv_obj.o
                0x000000000800eef2                _lv_obj_get_style_ptr
 .text.lv_obj_get_hidden
                0x000000000800efb0       0x2a ./Middlewares/Third_Party/lvgl/src/lv_core/lv_obj.o
                0x000000000800efb0                lv_obj_get_hidden
 .text.lv_obj_get_click
                0x000000000800efda       0x2a ./Middlewares/Third_Party/lvgl/src/lv_core/lv_obj.o
                0x000000000800efda                lv_obj_get_click
 .text.lv_obj_get_drag
                0x000000000800f004       0x2a ./Middlewares/Third_Party/lvgl/src/lv_core/lv_obj.o
                0x000000000800f004                lv_obj_get_drag
 .text.lv_obj_get_drag_dir
                0x000000000800f02e       0x20 ./Middlewares/Third_Party/lvgl/src/lv_core/lv_obj.o
                0x000000000800f02e                lv_obj_get_drag_dir
 .text.lv_obj_get_drag_throw
                0x000000000800f04e       0x2a ./Middlewares/Third_Party/lvgl/src/lv_core/lv_obj.o
                0x000000000800f04e                lv_obj_get_drag_throw
 .text.lv_obj_get_drag_parent
                0x000000000800f078       0x2a ./Middlewares/Third_Party/lvgl/src/lv_core/lv_obj.o
                0x000000000800f078                lv_obj_get_drag_parent
 .text.lv_obj_get_gesture_parent
                0x000000000800f0a2       0x2a ./Middlewares/Third_Party/lvgl/src/lv_core/lv_obj.o
                0x000000000800f0a2                lv_obj_get_gesture_parent
 .text.lv_obj_get_base_dir
                0x000000000800f0cc       0x16 ./Middlewares/Third_Party/lvgl/src/lv_core/lv_obj.o
                0x000000000800f0cc                lv_obj_get_base_dir
 .text.lv_obj_is_protected
                0x000000000800f0e2       0x2e ./Middlewares/Third_Party/lvgl/src/lv_core/lv_obj.o
                0x000000000800f0e2                lv_obj_is_protected
 .text.lv_obj_get_state
                0x000000000800f110       0x3a ./Middlewares/Third_Party/lvgl/src/lv_core/lv_obj.o
                0x000000000800f110                lv_obj_get_state
 .text.lv_obj_get_signal_cb
                0x000000000800f14a       0x18 ./Middlewares/Third_Party/lvgl/src/lv_core/lv_obj.o
                0x000000000800f14a                lv_obj_get_signal_cb
 .text.lv_obj_get_design_cb
                0x000000000800f162       0x18 ./Middlewares/Third_Party/lvgl/src/lv_core/lv_obj.o
                0x000000000800f162                lv_obj_get_design_cb
 .text.lv_obj_get_ext_attr
                0x000000000800f17a       0x18 ./Middlewares/Third_Party/lvgl/src/lv_core/lv_obj.o
                0x000000000800f17a                lv_obj_get_ext_attr
 .text.lv_obj_get_group
                0x000000000800f192       0x18 ./Middlewares/Third_Party/lvgl/src/lv_core/lv_obj.o
                0x000000000800f192                lv_obj_get_group
 .text.lv_obj_is_focused
                0x000000000800f1aa       0x30 ./Middlewares/Third_Party/lvgl/src/lv_core/lv_obj.o
                0x000000000800f1aa                lv_obj_is_focused
 .text.lv_obj_is_point_on_coords
                0x000000000800f1da       0x92 ./Middlewares/Third_Party/lvgl/src/lv_core/lv_obj.o
                0x000000000800f1da                lv_obj_is_point_on_coords
 .text.lv_obj_hittest
                0x000000000800f26c       0x46 ./Middlewares/Third_Party/lvgl/src/lv_core/lv_obj.o
                0x000000000800f26c                lv_obj_hittest
 .text.lv_obj_handle_get_type_signal
                0x000000000800f2b2       0x44 ./Middlewares/Third_Party/lvgl/src/lv_core/lv_obj.o
                0x000000000800f2b2                lv_obj_handle_get_type_signal
 .text.lv_obj_init_draw_rect_dsc
                0x000000000800f2f6      0x406 ./Middlewares/Third_Party/lvgl/src/lv_core/lv_obj.o
                0x000000000800f2f6                lv_obj_init_draw_rect_dsc
 .text.lv_obj_init_draw_label_dsc
                0x000000000800f6fc       0xf8 ./Middlewares/Third_Party/lvgl/src/lv_core/lv_obj.o
                0x000000000800f6fc                lv_obj_init_draw_label_dsc
 .text.lv_obj_init_draw_line_dsc
                0x000000000800f7f4      0x110 ./Middlewares/Third_Party/lvgl/src/lv_core/lv_obj.o
                0x000000000800f7f4                lv_obj_init_draw_line_dsc
 .text.lv_obj_get_draw_rect_ext_pad_size
                0x000000000800f904      0x32a ./Middlewares/Third_Party/lvgl/src/lv_core/lv_obj.o
                0x000000000800f904                lv_obj_get_draw_rect_ext_pad_size
 .text.lv_obj_del_async_cb
                0x000000000800fc2e       0x16 ./Middlewares/Third_Party/lvgl/src/lv_core/lv_obj.o
 .text.obj_del_core
                0x000000000800fc44      0x116 ./Middlewares/Third_Party/lvgl/src/lv_core/lv_obj.o
 .text.lv_obj_design
                0x000000000800fd5a      0x32c ./Middlewares/Third_Party/lvgl/src/lv_core/lv_obj.o
 *fill*         0x0000000008010086        0x2 
 .text.lv_obj_signal
                0x0000000008010088      0x154 ./Middlewares/Third_Party/lvgl/src/lv_core/lv_obj.o
 .text.refresh_children_position
                0x00000000080101dc       0x9c ./Middlewares/Third_Party/lvgl/src/lv_core/lv_obj.o
 .text.report_style_mod_core
                0x0000000008010278       0x9a ./Middlewares/Third_Party/lvgl/src/lv_core/lv_obj.o
 .text.refresh_children_style
                0x0000000008010312       0x4c ./Middlewares/Third_Party/lvgl/src/lv_core/lv_obj.o
 *fill*         0x000000000801035e        0x2 
 .text.lv_event_mark_deleted
                0x0000000008010360       0x40 ./Middlewares/Third_Party/lvgl/src/lv_core/lv_obj.o
 .text._lv_memcpy_small
                0x00000000080103a0       0x44 ./Middlewares/Third_Party/lvgl/src/lv_core/lv_refr.o
 .text.lv_area_copy
                0x00000000080103e4       0x1c ./Middlewares/Third_Party/lvgl/src/lv_core/lv_refr.o
 .text.lv_area_get_width
                0x0000000008010400       0x2e ./Middlewares/Third_Party/lvgl/src/lv_core/lv_refr.o
 .text.lv_area_get_height
                0x000000000801042e       0x2e ./Middlewares/Third_Party/lvgl/src/lv_core/lv_refr.o
 .text.lv_obj_set_style_local_pad_top
                0x000000000801045c       0x3c ./Middlewares/Third_Party/lvgl/src/lv_core/lv_refr.o
 .text.lv_obj_set_style_local_pad_bottom
                0x0000000008010498       0x3c ./Middlewares/Third_Party/lvgl/src/lv_core/lv_refr.o
 .text.lv_obj_set_style_local_pad_left
                0x00000000080104d4       0x3c ./Middlewares/Third_Party/lvgl/src/lv_core/lv_refr.o
 .text.lv_obj_set_style_local_pad_right
                0x0000000008010510       0x3c ./Middlewares/Third_Party/lvgl/src/lv_core/lv_refr.o
 .text.lv_obj_set_style_local_bg_color
                0x000000000801054c       0x32 ./Middlewares/Third_Party/lvgl/src/lv_core/lv_refr.o
 .text.lv_obj_set_style_local_bg_opa
                0x000000000801057e       0x3a ./Middlewares/Third_Party/lvgl/src/lv_core/lv_refr.o
 .text.lv_obj_set_style_local_text_color
                0x00000000080105b8       0x38 ./Middlewares/Third_Party/lvgl/src/lv_core/lv_refr.o
 .text.lv_layer_sys
                0x00000000080105f0       0x16 ./Middlewares/Third_Party/lvgl/src/lv_core/lv_refr.o
 .text._lv_refr_init
                0x0000000008010606        0xe ./Middlewares/Third_Party/lvgl/src/lv_core/lv_refr.o
                0x0000000008010606                _lv_refr_init
 .text._lv_inv_area
                0x0000000008010614      0x168 ./Middlewares/Third_Party/lvgl/src/lv_core/lv_refr.o
                0x0000000008010614                _lv_inv_area
 .text._lv_refr_get_disp_refreshing
                0x000000000801077c       0x18 ./Middlewares/Third_Party/lvgl/src/lv_core/lv_refr.o
                0x000000000801077c                _lv_refr_get_disp_refreshing
 .text._lv_disp_refr_task
                0x0000000008010794      0x388 ./Middlewares/Third_Party/lvgl/src/lv_core/lv_refr.o
                0x0000000008010794                _lv_disp_refr_task
 .text.lv_refr_join_area
                0x0000000008010b1c      0x13c ./Middlewares/Third_Party/lvgl/src/lv_core/lv_refr.o
 .text.lv_refr_areas
                0x0000000008010c58      0x12c ./Middlewares/Third_Party/lvgl/src/lv_core/lv_refr.o
 .text.lv_refr_area
                0x0000000008010d84      0x248 ./Middlewares/Third_Party/lvgl/src/lv_core/lv_refr.o
 .text.lv_refr_area_part
                0x0000000008010fcc       0xdc ./Middlewares/Third_Party/lvgl/src/lv_core/lv_refr.o
 .text.lv_refr_get_top_obj
                0x00000000080110a8       0xa8 ./Middlewares/Third_Party/lvgl/src/lv_core/lv_refr.o
 .text.lv_refr_obj_and_children
                0x0000000008011150       0x98 ./Middlewares/Third_Party/lvgl/src/lv_core/lv_refr.o
 .text.lv_refr_obj
                0x00000000080111e8      0x18c ./Middlewares/Third_Party/lvgl/src/lv_core/lv_refr.o
 .text.lv_refr_vdb_flush
                0x0000000008011374       0xd8 ./Middlewares/Third_Party/lvgl/src/lv_core/lv_refr.o
 .text._lv_memcpy_small
                0x000000000801144c       0x44 ./Middlewares/Third_Party/lvgl/src/lv_core/lv_style.o
 .text.lv_style_list_get_style
                0x0000000008011490       0x5c ./Middlewares/Third_Party/lvgl/src/lv_core/lv_style.o
 .text.lv_style_init
                0x00000000080114ec       0x18 ./Middlewares/Third_Party/lvgl/src/lv_core/lv_style.o
                0x00000000080114ec                lv_style_init
 .text.lv_style_copy