Archive member included to satisfy reference by file (symbol)

c:/st/stm32cubeide_1.7.0/stm32cubeide/plugins/com.st.stm32cube.ide.mcu.externaltools.gnu-tools-for-stm32.9-2020-q2-update.win32_2.0.0.202105311346/tools/bin/../lib/gcc/arm-none-eabi/9.3.1/../../../../arm-none-eabi/lib/thumb/v7e-m+fp/hard\libc_nano.a(lib_a-errno.o)
                              ./Src/syscalls.o (__errno)
c:/st/stm32cubeide_1.7.0/stm32cubeide/plugins/com.st.stm32cube.ide.mcu.externaltools.gnu-tools-for-stm32.9-2020-q2-update.win32_2.0.0.202105311346/tools/bin/../lib/gcc/arm-none-eabi/9.3.1/../../../../arm-none-eabi/lib/thumb/v7e-m+fp/hard\libc_nano.a(lib_a-exit.o)
                              c:/st/stm32cubeide_1.7.0/stm32cubeide/plugins/com.st.stm32cube.ide.mcu.externaltools.gnu-tools-for-stm32.9-2020-q2-update.win32_2.0.0.202105311346/tools/bin/../lib/gcc/arm-none-eabi/9.3.1/../../../../arm-none-eabi/lib/thumb/v7e-m+fp/hard/crt0.o (exit)
c:/st/stm32cubeide_1.7.0/stm32cubeide/plugins/com.st.stm32cube.ide.mcu.externaltools.gnu-tools-for-stm32.9-2020-q2-update.win32_2.0.0.202105311346/tools/bin/../lib/gcc/arm-none-eabi/9.3.1/../../../../arm-none-eabi/lib/thumb/v7e-m+fp/hard\libc_nano.a(lib_a-findfp.o)
                              ./Middlewares/Third_Party/FreeRTOS/Source/tasks.o (__sf_fake_stderr)
c:/st/stm32cubeide_1.7.0/stm32cubeide/plugins/com.st.stm32cube.ide.mcu.externaltools.gnu-tools-for-stm32.9-2020-q2-update.win32_2.0.0.202105311346/tools/bin/../lib/gcc/arm-none-eabi/9.3.1/../../../../arm-none-eabi/lib/thumb/v7e-m+fp/hard\libc_nano.a(lib_a-fwalk.o)
                              c:/st/stm32cubeide_1.7.0/stm32cubeide/plugins/com.st.stm32cube.ide.mcu.externaltools.gnu-tools-for-stm32.9-2020-q2-update.win32_2.0.0.202105311346/tools/bin/../lib/gcc/arm-none-eabi/9.3.1/../../../../arm-none-eabi/lib/thumb/v7e-m+fp/hard\libc_nano.a(lib_a-findfp.o) (_fwalk)
c:/st/stm32cubeide_1.7.0/stm32cubeide/plugins/com.st.stm32cube.ide.mcu.externaltools.gnu-tools-for-stm32.9-2020-q2-update.win32_2.0.0.202105311346/tools/bin/../lib/gcc/arm-none-eabi/9.3.1/../../../../arm-none-eabi/lib/thumb/v7e-m+fp/hard\libc_nano.a(lib_a-impure.o)
                              c:/st/stm32cubeide_1.7.0/stm32cubeide/plugins/com.st.stm32cube.ide.mcu.externaltools.gnu-tools-for-stm32.9-2020-q2-update.win32_2.0.0.202105311346/tools/bin/../lib/gcc/arm-none-eabi/9.3.1/../../../../arm-none-eabi/lib/thumb/v7e-m+fp/hard\libc_nano.a(lib_a-exit.o) (_global_impure_ptr)
c:/st/stm32cubeide_1.7.0/stm32cubeide/plugins/com.st.stm32cube.ide.mcu.externaltools.gnu-tools-for-stm32.9-2020-q2-update.win32_2.0.0.202105311346/tools/bin/../lib/gcc/arm-none-eabi/9.3.1/../../../../arm-none-eabi/lib/thumb/v7e-m+fp/hard\libc_nano.a(lib_a-init.o)
                              c:/st/stm32cubeide_1.7.0/stm32cubeide/plugins/com.st.stm32cube.ide.mcu.externaltools.gnu-tools-for-stm32.9-2020-q2-update.win32_2.0.0.202105311346/tools/bin/../lib/gcc/arm-none-eabi/9.3.1/../../../../arm-none-eabi/lib/thumb/v7e-m+fp/hard/crt0.o (__libc_init_array)
c:/st/stm32cubeide_1.7.0/stm32cubeide/plugins/com.st.stm32cube.ide.mcu.externaltools.gnu-tools-for-stm32.9-2020-q2-update.win32_2.0.0.202105311346/tools/bin/../lib/gcc/arm-none-eabi/9.3.1/../../../../arm-none-eabi/lib/thumb/v7e-m+fp/hard\libc_nano.a(lib_a-itoa.o)
                              ./Src/Sensor_task.o (itoa)
c:/st/stm32cubeide_1.7.0/stm32cubeide/plugins/com.st.stm32cube.ide.mcu.externaltools.gnu-tools-for-stm32.9-2020-q2-update.win32_2.0.0.202105311346/tools/bin/../lib/gcc/arm-none-eabi/9.3.1/../../../../arm-none-eabi/lib/thumb/v7e-m+fp/hard\libc_nano.a(lib_a-lock.o)
                              c:/st/stm32cubeide_1.7.0/stm32cubeide/plugins/com.st.stm32cube.ide.mcu.externaltools.gnu-tools-for-stm32.9-2020-q2-update.win32_2.0.0.202105311346/tools/bin/../lib/gcc/arm-none-eabi/9.3.1/../../../../arm-none-eabi/lib/thumb/v7e-m+fp/hard\libc_nano.a(lib_a-findfp.o) (__retarget_lock_init_recursive)
c:/st/stm32cubeide_1.7.0/stm32cubeide/plugins/com.st.stm32cube.ide.mcu.externaltools.gnu-tools-for-stm32.9-2020-q2-update.win32_2.0.0.202105311346/tools/bin/../lib/gcc/arm-none-eabi/9.3.1/../../../../arm-none-eabi/lib/thumb/v7e-m+fp/hard\libc_nano.a(lib_a-memcpy-stub.o)
                              ./Middlewares/Third_Party/FreeRTOS/Source/CMSIS_RTOS_V2/cmsis_os2.o (memcpy)
c:/st/stm32cubeide_1.7.0/stm32cubeide/plugins/com.st.stm32cube.ide.mcu.externaltools.gnu-tools-for-stm32.9-2020-q2-update.win32_2.0.0.202105311346/tools/bin/../lib/gcc/arm-none-eabi/9.3.1/../../../../arm-none-eabi/lib/thumb/v7e-m+fp/hard\libc_nano.a(lib_a-memset.o)
                              c:/st/stm32cubeide_1.7.0/stm32cubeide/plugins/com.st.stm32cube.ide.mcu.externaltools.gnu-tools-for-stm32.9-2020-q2-update.win32_2.0.0.202105311346/tools/bin/../lib/gcc/arm-none-eabi/9.3.1/../../../../arm-none-eabi/lib/thumb/v7e-m+fp/hard/crt0.o (memset)
[...]
Memory Configuration

Name             Origin             Length             Attributes
FLASH            0x0000000008000000 0x0000000000080000 xr
CCMRAM           0x0000000010000000 0x0000000000010000 xrw
RAM              0x0000000020000000 0x0000000000020000 xrw
*default*        0x0000000000000000 0xffffffffffffffff

Linker script and memory map

LOAD c:/st/stm32cubeide_1.7.0/stm32cubeide/plugins/com.st.stm32cube.ide.mcu.externaltools.gnu-tools-for-stm32.9-2020-q2-update.win32_2.0.0.202105311346/tools/bin/../lib/gcc/arm-none-eabi/9.3.1/thumb/v7e-m+fp/hard/crti.o
LOAD c:/st/stm32cubeide_1.7.0/stm32cubeide/plugins/com.st.stm32cube.ide.mcu.externaltools.gnu-tools-for-stm32.9-2020-q2-update.win32_2.0.0.202105311346/tools/bin/../lib/gcc/arm-none-eabi/9.3.1/thumb/v7e-m+fp/hard/crtbegin.o
LOAD c:/st/stm32cubeide_1.7.0/stm32cubeide/plugins/com.st.stm32cube.ide.mcu.externaltools.gnu-tools-for-stm32.9-2020-q2-update.win32_2.0.0.202105311346/tools/bin/../lib/gcc/arm-none-eabi/9.3.1/../../../../arm-none-eabi/lib/thumb/v7e-m+fp/hard/crt0.o
LOAD ./Drivers/STM32F4xx_HAL_Driver/Src/stm32f4xx_hal.o
LOAD ./Drivers/STM32F4xx_HAL_Driver/Src/stm32f4xx_hal_adc.o
LOAD ./Drivers/STM32F4xx_HAL_Driver/Src/stm32f4xx_hal_adc_ex.o
LOAD ./Drivers/STM32F4xx_HAL_Driver/Src/stm32f4xx_hal_can.o
LOAD ./Drivers/STM32F4xx_HAL_Driver/Src/stm32f4xx_hal_cortex.o
LOAD ./Drivers/STM32F4xx_HAL_Driver/Src/stm32f4xx_hal_crc.o
LOAD ./Drivers/STM32F4xx_HAL_Driver/Src/stm32f4xx_hal_dma.o
LOAD ./Drivers/STM32F4xx_HAL_Driver/Src/stm32f4xx_hal_dma_ex.o
LOAD ./Drivers/STM32F4xx_HAL_Driver/Src/stm32f4xx_hal_exti.o
LOAD ./Drivers/STM32F4xx_HAL_Driver/Src/stm32f4xx_hal_flash.o
LOAD ./Drivers/STM32F4xx_HAL_Driver/Src/stm32f4xx_hal_flash_ex.o
LOAD ./Drivers/STM32F4xx_HAL_Driver/Src/stm32f4xx_hal_flash_ramfunc.o
LOAD ./Drivers/STM32F4xx_HAL_Driver/Src/stm32f4xx_hal_gpio.o
LOAD ./Drivers/STM32F4xx_HAL_Driver/Src/stm32f4xx_hal_pwr.o
LOAD ./Drivers/STM32F4xx_HAL_Driver/Src/stm32f4xx_hal_pwr_ex.o
LOAD ./Drivers/STM32F4xx_HAL_Driver/Src/stm32f4xx_hal_rcc.o
LOAD ./Drivers/STM32F4xx_HAL_Driver/Src/stm32f4xx_hal_rcc_ex.o
LOAD ./Drivers/STM32F4xx_HAL_Driver/Src/stm32f4xx_hal_spi.o
LOAD ./Drivers/STM32F4xx_HAL_Driver/Src/stm32f4xx_hal_sram.o
LOAD ./Drivers/STM32F4xx_HAL_Driver/Src/stm32f4xx_hal_tim.o
LOAD ./Drivers/STM32F4xx_HAL_Driver/Src/stm32f4xx_hal_tim_ex.o
LOAD ./Drivers/STM32F4xx_HAL_Driver/Src/stm32f4xx_hal_uart.o
LOAD ./Drivers/STM32F4xx_HAL_Driver/Src/stm32f4xx_ll_adc.o
LOAD ./Drivers/STM32F4xx_HAL_Driver/Src/stm32f4xx_ll_fsmc.o
LOAD ./Middlewares/Third_Party/FreeRTOS/Source/CMSIS_RTOS_V2/cmsis_os2.o
LOAD ./Middlewares/Third_Party/FreeRTOS/Source/croutine.o
LOAD ./Middlewares/Third_Party/FreeRTOS/Source/event_groups.o
LOAD ./Middlewares/Third_Party/FreeRTOS/Source/list.o
LOAD ./Middlewares/Third_Party/FreeRTOS/Source/queue.o
LOAD ./Middlewares/Third_Party/FreeRTOS/Source/stream_buffer.o
LOAD ./Middlewares/Third_Party/FreeRTOS/Source/tasks.o
LOAD ./Middlewares/Third_Party/FreeRTOS/Source/timers.o
LOAD ./Middlewares/Third_Party/FreeRTOS/Source/portable/GCC/ARM_CM4F/port.o
LOAD ./Middlewares/Third_Party/FreeRTOS/Source/portable/MemMang/heap_5.o
LOAD ./Middlewares/Third_Party/lvgl/porting/lv_port_disp_template.o
LOAD ./Middlewares/Third_Party/lvgl/porting/lv_port_fs_template.o
LOAD ./Middlewares/Third_Party/lvgl/porting/lv_port_indev_template.o
LOAD ./Middlewares/Third_Party/lvgl/src/lv_core/lv_debug.o
LOAD ./Middlewares/Third_Party/lvgl/src/lv_core/lv_disp.o
LOAD ./Middlewares/Third_Party/lvgl/src/lv_core/lv_group.o
LOAD ./Middlewares/Third_Party/lvgl/src/lv_core/lv_indev.o
LOAD ./Middlewares/Third_Party/lvgl/src/lv_core/lv_obj.o
LOAD ./Middlewares/Third_Party/lvgl/src/lv_core/lv_refr.o
LOAD ./Middlewares/Third_Party/lvgl/src/lv_core/lv_style.o
LOAD ./Middlewares/Third_Party/lvgl/src/lv_draw/lv_draw_arc.o
LOAD ./Middlewares/Third_Party/lvgl/src/lv_draw/lv_draw_blend.o
LOAD ./Middlewares/Third_Party/lvgl/src/lv_draw/lv_draw_img.o
LOAD ./Middlewares/Third_Party/lvgl/src/lv_draw/lv_draw_label.o
LOAD ./Middlewares/Third_Party/lvgl/src/lv_draw/lv_draw_line.o
LOAD ./Middlewares/Third_Party/lvgl/src/lv_draw/lv_draw_mask.o
LOAD ./Middlewares/Third_Party/lvgl/src/lv_draw/lv_draw_rect.o
LOAD ./Middlewares/Third_Party/lvgl/src/lv_draw/lv_draw_triangle.o
LOAD ./Middlewares/Third_Party/lvgl/src/lv_draw/lv_img_buf.o
LOAD ./Middlewares/Third_Party/lvgl/src/lv_draw/lv_img_cache.o
LOAD ./Middlewares/Third_Party/lvgl/src/lv_draw/lv_img_decoder.o
LOAD ./Middlewares/Third_Party/lvgl/src/lv_font/CNSans_14.o
LOAD ./Middlewares/Third_Party/lvgl/src/lv_font/CNSans_16.o
LOAD ./Middlewares/Third_Party/lvgl/src/lv_font/CNSans_18.o
LOAD ./Middlewares/Third_Party/lvgl/src/lv_font/CNSans_24.o
LOAD ./Middlewares/Third_Party/lvgl/src/lv_font/font_montserrat_24_tiny.o
LOAD ./Middlewares/Third_Party/lvgl/src/lv_font/font_montserrat_48_tiny.o
LOAD ./Middlewares/Third_Party/lvgl/src/lv_font/lv_font.o
LOAD ./Middlewares/Third_Party/lvgl/src/lv_font/lv_font_dejavu_16_persian_hebrew.o
LOAD ./Middlewares/Third_Party/lvgl/src/lv_font/lv_font_fmt_txt.o
LOAD ./Middlewares/Third_Party/lvgl/src/lv_font/lv_font_montserrat_12.o
LOAD ./Middlewares/Third_Party/lvgl/src/lv_font/lv_font_montserrat_12_subpx.o
LOAD ./Middlewares/Third_Party/lvgl/src/lv_font/lv_font_montserrat_14.o
LOAD ./Middlewares/Third_Party/lvgl/src/lv_font/lv_font_montserrat_16.o
LOAD ./Middlewares/Third_Party/lvgl/src/lv_font/lv_font_montserrat_18.o
LOAD ./Middlewares/Third_Party/lvgl/src/lv_font/lv_font_montserrat_20.o
LOAD ./Middlewares/Third_Party/lvgl/src/lv_font/lv_font_montserrat_22.o
LOAD ./Middlewares/Third_Party/lvgl/src/lv_font/lv_font_montserrat_24.o
LOAD ./Middlewares/Third_Party/lvgl/src/lv_font/lv_font_montserrat_26.o
LOAD ./Middlewares/Third_Party/lvgl/src/lv_font/lv_font_montserrat_28.o
LOAD ./Middlewares/Third_Party/lvgl/src/lv_font/lv_font_montserrat_28_compressed.o
LOAD ./Middlewares/Third_Party/lvgl/src/lv_font/lv_font_montserrat_30.o
LOAD ./Middlewares/Third_Party/lvgl/src/lv_font/lv_font_montserrat_32.o
LOAD ./Middlewares/Third_Party/lvgl/src/lv_font/lv_font_montserrat_34.o
LOAD ./Middlewares/Third_Party/lvgl/src/lv_font/lv_font_montserrat_36.o
LOAD ./Middlewares/Third_Party/lvgl/src/lv_font/lv_font_montserrat_38.o
LOAD ./Middlewares/Third_Party/lvgl/src/lv_font/lv_font_montserrat_40.o
LOAD ./Middlewares/Third_Party/lvgl/src/lv_font/lv_font_montserrat_42.o
LOAD ./Middlewares/Third_Party/lvgl/src/lv_font/lv_font_montserrat_44.o
LOAD ./Middlewares/Third_Party/lvgl/src/lv_font/lv_font_montserrat_46.o
LOAD ./Middlewares/Third_Party/lvgl/src/lv_font/lv_font_montserrat_48.o
LOAD ./Middlewares/Third_Party/lvgl/src/lv_font/lv_font_simsun_16_cjk.o
LOAD ./Middlewares/Third_Party/lvgl/src/lv_font/lv_font_unscii_8.o
LOAD ./Middlewares/Third_Party/lvgl/src/lv_gpu/lv_gpu_stm32_dma2d.o
LOAD ./Middlewares/Third_Party/lvgl/src/lv_hal/lv_hal_disp.o
LOAD ./Middlewares/Third_Party/lvgl/src/lv_hal/lv_hal_indev.o
LOAD ./Middlewares/Third_Party/lvgl/src/lv_hal/lv_hal_tick.o
LOAD ./Middlewares/Third_Party/lvgl/src/lv_misc/lv_anim.o
LOAD ./Middlewares/Third_Party/lvgl/src/lv_misc/lv_area.o
LOAD ./Middlewares/Third_Party/lvgl/src/lv_misc/lv_async.o
LOAD ./Middlewares/Third_Party/lvgl/src/lv_misc/lv_bidi.o
LOAD ./Middlewares/Third_Party/lvgl/src/lv_misc/lv_color.o
LOAD ./Middlewares/Third_Party/lvgl/src/lv_misc/lv_fs.o
LOAD ./Middlewares/Third_Party/lvgl/src/lv_misc/lv_gc.o
LOAD ./Middlewares/Third_Party/lvgl/src/lv_misc/lv_ll.o
LOAD ./Middlewares/Third_Party/lvgl/src/lv_misc/lv_log.o
LOAD ./Middlewares/Third_Party/lvgl/src/lv_misc/lv_math.o
LOAD ./Middlewares/Third_Party/lvgl/src/lv_misc/lv_mem.o
LOAD ./Middlewares/Third_Party/lvgl/src/lv_misc/lv_printf.o
LOAD ./Middlewares/Third_Party/lvgl/src/lv_misc/lv_task.o
LOAD ./Middlewares/Third_Party/lvgl/src/lv_misc/lv_templ.o
LOAD ./Middlewares/Third_Party/lvgl/src/lv_misc/lv_txt.o
LOAD ./Middlewares/Third_Party/lvgl/src/lv_misc/lv_txt_ap.o
LOAD ./Middlewares/Third_Party/lvgl/src/lv_misc/lv_utils.o
LOAD ./Middlewares/Third_Party/lvgl/src/lv_themes/lv_theme.o
LOAD ./Middlewares/Third_Party/lvgl/src/lv_themes/lv_theme_empty.o
LOAD ./Middlewares/Third_Party/lvgl/src/lv_themes/lv_theme_material.o
LOAD ./Middlewares/Third_Party/lvgl/src/lv_themes/lv_theme_mono.o
LOAD ./Middlewares/Third_Party/lvgl/src/lv_themes/lv_theme_template.o
LOAD ./Middlewares/Third_Party/lvgl/src/lv_widgets/lv_arc.o
LOAD ./Middlewares/Third_Party/lvgl/src/lv_widgets/lv_bar.o
LOAD ./Middlewares/Third_Party/lvgl/src/lv_widgets/lv_btn.o
LOAD ./Middlewares/Third_Party/lvgl/src/lv_widgets/lv_btnmatrix.o
LOAD ./Middlewares/Third_Party/lvgl/src/lv_widgets/lv_calendar.o
LOAD ./Middlewares/Third_Party/lvgl/src/lv_widgets/lv_canvas.o
LOAD ./Middlewares/Third_Party/lvgl/src/lv_widgets/lv_chart.o
LOAD ./Middlewares/Third_Party/lvgl/src/lv_widgets/lv_checkbox.o
LOAD ./Middlewares/Third_Party/lvgl/src/lv_widgets/lv_cont.o
LOAD ./Middlewares/Third_Party/lvgl/src/lv_widgets/lv_cpicker.o
LOAD ./Middlewares/Third_Party/lvgl/src/lv_widgets/lv_dropdown.o
LOAD ./Middlewares/Third_Party/lvgl/src/lv_widgets/lv_gauge.o
LOAD ./Middlewares/Third_Party/lvgl/src/lv_widgets/lv_img.o
LOAD ./Middlewares/Third_Party/lvgl/src/lv_widgets/lv_imgbtn.o
LOAD ./Middlewares/Third_Party/lvgl/src/lv_widgets/lv_keyboard.o
LOAD ./Middlewares/Third_Party/lvgl/src/lv_widgets/lv_label.o
LOAD ./Middlewares/Third_Party/lvgl/src/lv_widgets/lv_led.o
LOAD ./Middlewares/Third_Party/lvgl/src/lv_widgets/lv_line.o
LOAD ./Middlewares/Third_Party/lvgl/src/lv_widgets/lv_linemeter.o
LOAD ./Middlewares/Third_Party/lvgl/src/lv_widgets/lv_list.o
LOAD ./Middlewares/Third_Party/lvgl/src/lv_widgets/lv_msgbox.o
LOAD ./Middlewares/Third_Party/lvgl/src/lv_widgets/lv_objmask.o
LOAD ./Middlewares/Third_Party/lvgl/src/lv_widgets/lv_objx_templ.o
LOAD ./Middlewares/Third_Party/lvgl/src/lv_widgets/lv_page.o
LOAD ./Middlewares/Third_Party/lvgl/src/lv_widgets/lv_roller.o
LOAD ./Middlewares/Third_Party/lvgl/src/lv_widgets/lv_slider.o
LOAD ./Middlewares/Third_Party/lvgl/src/lv_widgets/lv_spinbox.o
LOAD ./Middlewares/Third_Party/lvgl/src/lv_widgets/lv_spinner.o
LOAD ./Middlewares/Third_Party/lvgl/src/lv_widgets/lv_switch.o
LOAD ./Middlewares/Third_Party/lvgl/src/lv_widgets/lv_table.o
LOAD ./Middlewares/Third_Party/lvgl/src/lv_widgets/lv_tabview.o
LOAD ./Middlewares/Third_Party/lvgl/src/lv_widgets/lv_textarea.o
LOAD ./Middlewares/Third_Party/lvgl/src/lv_widgets/lv_tileview.o
LOAD ./Middlewares/Third_Party/lvgl/src/lv_widgets/lv_win.o
LOAD ./Middlewares/Third_Party/lvgl/tests/lv_test_assert.o
LOAD ./Middlewares/Third_Party/lvgl/tests/lv_test_main.o
LOAD ./Middlewares/Third_Party/lvgl/tests/lv_test_core/lv_test_core.o
LOAD ./Middlewares/Third_Party/lvgl/tests/lv_test_core/lv_test_obj.o
LOAD ./Middlewares/Third_Party/lvgl/tests/lv_test_core/lv_test_style.o
LOAD ./Middlewares/Third_Party/lvgl/tests/lv_test_objx/lv_test_cont.o
LOAD ./Src/ButtonDebouncer.o
LOAD ./Src/COM.o
LOAD ./Src/COM_task.o
LOAD ./Src/FS.o
LOAD ./Src/Flash_EEPROM.o
LOAD ./Src/I2C_EEPROM.o
LOAD ./Src/ICOM_CIV.o
LOAD ./Src/Kenwood.o
LOAD ./Src/LVGL_GUI.o
LOAD ./Src/LVGL_GUI_settings_scene.o
LOAD ./Src/LVGL_items.o
LOAD ./Src/MultiLinearValueMapper.o
LOAD ./Src/NTC.o
LOAD ./Src/R61408.o
LOAD ./Src/RadioTypes.o
LOAD ./Src/RotEnc.o
LOAD ./Src/Sensor_task.o
LOAD ./Src/SoftPWMDriver.o
LOAD ./Src/SoftUART.o
LOAD ./Src/Yaesu.o
LOAD ./Src/fan.o
LOAD ./Src/freertos.o
LOAD ./Src/kfifo.o
LOAD ./Src/main.o
LOAD ./Src/peak_detector.o
LOAD ./Src/persistent.o
LOAD ./Src/stm32f4xx_hal_msp.o
LOAD ./Src/stm32f4xx_hal_timebase_tim.o
LOAD ./Src/stm32f4xx_it.o
LOAD ./Src/syscalls.o
LOAD ./Src/sysmem.o
LOAD ./Src/system_stm32f4xx.o
LOAD ./Src/touch_HR2046.o
LOAD ./Startup/startup_stm32f407vetx.o
START GROUP
LOAD c:/st/stm32cubeide_1.7.0/stm32cubeide/plugins/com.st.stm32cube.ide.mcu.externaltools.gnu-tools-for-stm32.9-2020-q2-update.win32_2.0.0.202105311346/tools/bin/../lib/gcc/arm-none-eabi/9.3.1/../../../../arm-none-eabi/lib/thumb/v7e-m+fp/hard\libc_nano.a
LOAD c:/st/stm32cubeide_1.7.0/stm32cubeide/plugins/com.st.stm32cube.ide.mcu.externaltools.gnu-tools-for-stm32.9-2020-q2-update.win32_2.0.0.202105311346/tools/bin/../lib/gcc/arm-none-eabi/9.3.1/../../../../arm-none-eabi/lib/thumb/v7e-m+fp/hard\libm.a
END GROUP
START GROUP
LOAD c:/st/stm32cubeide_1.7.0/stm32cubeide/plugins/com.st.stm32cube.ide.mcu.externaltools.gnu-tools-for-stm32.9-2020-q2-update.win32_2.0.0.202105311346/tools/bin/../lib/gcc/arm-none-eabi/9.3.1/thumb/v7e-m+fp/hard\libgcc.a
LOAD c:/st/stm32cubeide_1.7.0/stm32cubeide/plugins/com.st.stm32cube.ide.mcu.externaltools.gnu-tools-for-stm32.9-2020-q2-update.win32_2.0.0.202105311346/tools/bin/../lib/gcc/arm-none-eabi/9.3.1/../../../../arm-none-eabi/lib/thumb/v7e-m+fp/hard\libc_nano.a
END GROUP
START GROUP
LOAD c:/st/stm32cubeide_1.7.0/stm32cubeide/plugins/com.st.stm32cube.ide.mcu.externaltools.gnu-tools-for-stm32.9-2020-q2-update.win32_2.0.0.202105311346/tools/bin/../lib/gcc/arm-none-eabi/9.3.1/thumb/v7e-m+fp/hard\libgcc.a
LOAD c:/st/stm32cubeide_1.7.0/stm32cubeide/plugins/com.st.stm32cube.ide.mcu.externaltools.gnu-tools-for-stm32.9-2020-q2-update.win32_2.0.0.202105311346/tools/bin/../lib/gcc/arm-none-eabi/9.3.1/../../../../arm-none-eabi/lib/thumb/v7e-m+fp/hard\libc_nano.a
LOAD c:/st/stm32cubeide_1.7.0/stm32cubeide/plugins/com.st.stm32cube.ide.mcu.externaltools.gnu-tools-for-stm32.9-2020-q2-update.win32_2.0.0.202105311346/tools/bin/../lib/gcc/arm-none-eabi/9.3.1/../../../../arm-none-eabi/lib/thumb/v7e-m+fp/hard\libnosys.a
END GROUP
START GROUP
LOAD c:/st/stm32cubeide_1.7.0/stm32cubeide/plugins/com.st.stm32cube.ide.mcu.externaltools.gnu-tools-for-stm32.9-2020-q2-update.win32_2.0.0.202105311346/tools/bin/../lib/gcc/arm-none-eabi/9.3.1/thumb/v7e-m+fp/hard\libgcc.a
LOAD c:/st/stm32cubeide_1.7.0/stm32cubeide/plugins/com.st.stm32cube.ide.mcu.externaltools.gnu-tools-for-stm32.9-2020-q2-update.win32_2.0.0.202105311346/tools/bin/../lib/gcc/arm-none-eabi/9.3.1/../../../../arm-none-eabi/lib/thumb/v7e-m+fp/hard\libc_nano.a
LOAD c:/st/stm32cubeide_1.7.0/stm32cubeide/plugins/com.st.stm32cube.ide.mcu.externaltools.gnu-tools-for-stm32.9-2020-q2-update.win32_2.0.0.202105311346/tools/bin/../lib/gcc/arm-none-eabi/9.3.1/../../../../arm-none-eabi/lib/thumb/v7e-m+fp/hard\libnosys.a
END GROUP
LOAD c:/st/stm32cubeide_1.7.0/stm32cubeide/plugins/com.st.stm32cube.ide.mcu.externaltools.gnu-tools-for-stm32.9-2020-q2-update.win32_2.0.0.202105311346/tools/bin/../lib/gcc/arm-none-eabi/9.3.1/thumb/v7e-m+fp/hard/crtend.o
LOAD c:/st/stm32cubeide_1.7.0/stm32cubeide/plugins/com.st.stm32cube.ide.mcu.externaltools.gnu-tools-for-stm32.9-2020-q2-update.win32_2.0.0.202105311346/tools/bin/../lib/gcc/arm-none-eabi/9.3.1/thumb/v7e-m+fp/hard/crtn.o
                0x000000002001ffff                _estack = 0x2001ffff
                0x0000000000000100                _Min_Heap_Size = 0x100
                0x0000000000000200                _Min_Stack_Size = 0x200

.isr_vector     0x0000000008000000      0x188
                0x0000000008000000                . = ALIGN (0x4)
 *(.isr_vector)
 .isr_vector    0x0000000008000000      0x188 ./Startup/startup_stm32f407vetx.o
                0x0000000008000000                g_pfnVectors
                0x0000000008000188                . = ALIGN (0x4)

.text           0x0000000008000190    0x3af60
                0x0000000008000190                . = ALIGN (0x4)
 *(.text)
 .text          0x0000000008000190       0x40 c:/st/stm32cubeide_1.7.0/stm32cubeide/plugins/com.st.stm32cube.ide.mcu.externaltools.gnu-tools-for-stm32.9-2020-q2-update.win32_2.0.0.202105311346/tools/bin/../lib/gcc/arm-none-eabi/9.3.1/thumb/v7e-m+fp/hard/crtbegin.o
 .text          0x00000000080001d0       0x14 c:/st/stm32cubeide_1.7.0/stm32cubeide/plugins/com.st.stm32cube.ide.mcu.externaltools.gnu-tools-for-stm32.9-2020-q2-update.win32_2.0.0.202105311346/tools/bin/../lib/gcc/arm-none-eabi/9.3.1/../../../../arm-none-eabi/lib/thumb/v7e-m+fp/hard\libc_nano.a(lib_a-strcmp.o)
                0x00000000080001d0                strcmp
 .text          0x00000000080001e4       0x10 c:/st/stm32cubeide_1.7.0/stm32cubeide/plugins/com.st.stm32cube.ide.mcu.externaltools.gnu-tools-for-stm32.9-2020-q2-update.win32_2.0.0.202105311346/tools/bin/../lib/gcc/arm-none-eabi/9.3.1/../../../../arm-none-eabi/lib/thumb/v7e-m+fp/hard\libc_nano.a(lib_a-strlen.o)
                0x00000000080001e4                strlen
 .text          0x00000000080001f4      0x378 c:/st/stm32cubeide_1.7.0/stm32cubeide/plugins/com.st.stm32cube.ide.mcu.externaltools.gnu-tools-for-stm32.9-2020-q2-update.win32_2.0.0.202105311346/tools/bin/../lib/gcc/arm-none-eabi/9.3.1/thumb/v7e-m+fp/hard\libgcc.a(_arm_addsubdf3.o)
                0x00000000080001f4                __aeabi_drsub
                0x00000000080001fc                __aeabi_dsub
                0x00000000080001fc                __subdf3
                0x0000000008000200                __aeabi_dadd
                0x0000000008000200                __adddf3
                0x0000000008000478                __floatunsidf
                0x0000000008000478                __aeabi_ui2d
                0x0000000008000498                __floatsidf
                0x0000000008000498                __aeabi_i2d
                0x00000000080004bc                __aeabi_f2d
                0x00000000080004bc                __extendsfdf2
                0x0000000008000500                __floatundidf
                0x0000000008000500                __aeabi_ul2d
                0x0000000008000510                __floatdidf
                0x0000000008000510                __aeabi_l2d
 .text          0x000000000800056c      0x424 c:/st/stm32cubeide_1.7.0/stm32cubeide/plugins/com.st.stm32cube.ide.mcu.externaltools.gnu-tools-for-stm32.9-2020-q2-update.win32_2.0.0.202105311346/tools/bin/../lib/gcc/arm-none-eabi/9.3.1/thumb/v7e-m+fp/hard\libgcc.a(_arm_muldivdf3.o)
                0x000000000800056c                __aeabi_dmul
                0x000000000800056c                __muldf3
                0x00000000080007c0                __divdf3
                0x00000000080007c0                __aeabi_ddiv
 .text          0x0000000008000990       0x50 c:/st/stm32cubeide_1.7.0/stm32cubeide/plugins/com.st.stm32cube.ide.mcu.externaltools.gnu-tools-for-stm32.9-2020-q2-update.win32_2.0.0.202105311346/tools/bin/../lib/gcc/arm-none-eabi/9.3.1/thumb/v7e-m+fp/hard\libgcc.a(_arm_fixdfsi.o)
                0x0000000008000990                __aeabi_d2iz
                0x0000000008000990                __fixdfsi
 .text          0x00000000080009e0       0xa0 c:/st/stm32cubeide_1.7.0/stm32cubeide/plugins/com.st.stm32cube.ide.mcu.externaltools.gnu-tools-for-stm32.9-2020-q2-update.win32_2.0.0.202105311346/tools/bin/../lib/gcc/arm-none-eabi/9.3.1/thumb/v7e-m+fp/hard\libgcc.a(_arm_truncdfsf2.o)
                0x00000000080009e0                __truncdfsf2
                0x00000000080009e0                __aeabi_d2f
 .text          0x0000000008000a80       0xa0 c:/st/stm32cubeide_1.7.0/stm32cubeide/plugins/com.st.stm32cube.ide.mcu.externaltools.gnu-tools-for-stm32.9-2020-q2-update.win32_2.0.0.202105311346/tools/bin/../lib/gcc/arm-none-eabi/9.3.1/thumb/v7e-m+fp/hard\libgcc.a(_aeabi_ldivmod.o)
                0x0000000008000a80                __aeabi_ldivmod
 .text          0x0000000008000b20       0x30 c:/st/stm32cubeide_1.7.0/stm32cubeide/plugins/com.st.stm32cube.ide.mcu.externaltools.gnu-tools-for-stm32.9-2020-q2-update.win32_2.0.0.202105311346/tools/bin/../lib/gcc/arm-none-eabi/9.3.1/thumb/v7e-m+fp/hard\libgcc.a(_aeabi_uldivmod.o)
                0x0000000008000b20                __aeabi_uldivmod
 .text          0x0000000008000b50      0x2c4 c:/st/stm32cubeide_1.7.0/stm32cubeide/plugins/com.st.stm32cube.ide.mcu.externaltools.gnu-tools-for-stm32.9-2020-q2-update.win32_2.0.0.202105311346/tools/bin/../lib/gcc/arm-none-eabi/9.3.1/thumb/v7e-m+fp/hard\libgcc.a(_udivmoddi4.o)
                0x0000000008000b50                __udivmoddi4
 .text          0x0000000008000e14        0x4 c:/st/stm32cubeide_1.7.0/stm32cubeide/plugins/com.st.stm32cube.ide.mcu.externaltools.gnu-tools-for-stm32.9-2020-q2-update.win32_2.0.0.202105311346/tools/bin/../lib/gcc/arm-none-eabi/9.3.1/thumb/v7e-m+fp/hard\libgcc.a(_dvmd_tls.o)
                0x0000000008000e14                __aeabi_idiv0
                0x0000000008000e14                __aeabi_ldiv0
 *(.text*)
 .text.HAL_Init
                0x0000000008000e18       0x44 ./Drivers/STM32F4xx_HAL_Driver/Src/stm32f4xx_hal.o
                0x0000000008000e18                HAL_Init
 .text.HAL_IncTick
                0x0000000008000e5c       0x28 ./Drivers/STM32F4xx_HAL_Driver/Src/stm32f4xx_hal.o
                0x0000000008000e5c                HAL_IncTick
 .text.HAL_GetTick
                0x0000000008000e84       0x18 ./Drivers/STM32F4xx_HAL_Driver/Src/stm32f4xx_hal.o
                0x0000000008000e84                HAL_GetTick
 .text.HAL_Delay
                0x0000000008000e9c       0x48 ./Drivers/STM32F4xx_HAL_Driver/Src/stm32f4xx_hal.o
                0x0000000008000e9c                HAL_Delay
 .text.HAL_ADC_Init
                0x0000000008000ee4       0x86 ./Drivers/STM32F4xx_HAL_Driver/Src/stm32f4xx_hal_adc.o
                0x0000000008000ee4                HAL_ADC_Init
 *fill*         0x0000000008000f6a        0x2 
 .text.HAL_ADC_Start_DMA
                0x0000000008000f6c      0x220 ./Drivers/STM32F4xx_HAL_Driver/Src/stm32f4xx_hal_adc.o
                0x0000000008000f6c                HAL_ADC_Start_DMA
 .text.HAL_ADC_ConvHalfCpltCallback
                0x000000000800118c       0x14 ./Drivers/STM32F4xx_HAL_Driver/Src/stm32f4xx_hal_adc.o
                0x000000000800118c                HAL_ADC_ConvHalfCpltCallback
 .text.HAL_ADC_ConfigChannel
                0x00000000080011a0      0x244 ./Drivers/STM32F4xx_HAL_Driver/Src/stm32f4xx_hal_adc.o
                0x00000000080011a0                HAL_ADC_ConfigChannel
 .text.ADC_Init
                0x00000000080013e4      0x1f8 ./Drivers/STM32F4xx_HAL_Driver/Src/stm32f4xx_hal_adc.o
 .text.ADC_DMAConvCplt
                0x00000000080015dc       0xba ./Drivers/STM32F4xx_HAL_Driver/Src/stm32f4xx_hal_adc.o
 .text.ADC_DMAHalfConvCplt
                0x0000000008001696       0x1c ./Drivers/STM32F4xx_HAL_Driver/Src/stm32f4xx_hal_adc.o
 .text.ADC_DMAError
                0x00000000080016b2       0x2e ./Drivers/STM32F4xx_HAL_Driver/Src/stm32f4xx_hal_adc.o
 .text.HAL_CAN_Init
                0x00000000080016e0      0x1f6 ./Drivers/STM32F4xx_HAL_Driver/Src/stm32f4xx_hal_can.o
                0x00000000080016e0                HAL_CAN_Init
 *fill*         0x00000000080018d6        0x2 
 .text.__NVIC_SetPriorityGrouping
                0x00000000080018d8       0x48 ./Drivers/STM32F4xx_HAL_Driver/Src/stm32f4xx_hal_cortex.o
 .text.__NVIC_GetPriorityGrouping
                0x0000000008001920       0x1c ./Drivers/STM32F4xx_HAL_Driver/Src/stm32f4xx_hal_cortex.o
 .text.__NVIC_EnableIRQ
                0x000000000800193c       0x3c ./Drivers/STM32F4xx_HAL_Driver/Src/stm32f4xx_hal_cortex.o
 .text.__NVIC_DisableIRQ
                0x0000000008001978       0x48 ./Drivers/STM32F4xx_HAL_Driver/Src/stm32f4xx_hal_cortex.o
 .text.__NVIC_SetPriority
                0x00000000080019c0       0x54 ./Drivers/STM32F4xx_HAL_Driver/Src/stm32f4xx_hal_cortex.o
 .text.NVIC_EncodePriority
                0x0000000008001a14       0x66 ./Drivers/STM32F4xx_HAL_Driver/Src/stm32f4xx_hal_cortex.o
 .text.HAL_NVIC_SetPriorityGrouping
                0x0000000008001a7a       0x16 ./Drivers/STM32F4xx_HAL_Driver/Src/stm32f4xx_hal_cortex.o
                0x0000000008001a7a                HAL_NVIC_SetPriorityGrouping
 .text.HAL_NVIC_SetPriority
                0x0000000008001a90       0x38 ./Drivers/STM32F4xx_HAL_Driver/Src/stm32f4xx_hal_cortex.o
                0x0000000008001a90                HAL_NVIC_SetPriority
 .text.HAL_NVIC_EnableIRQ
                0x0000000008001ac8       0x1c ./Drivers/STM32F4xx_HAL_Driver/Src/stm32f4xx_hal_cortex.o
                0x0000000008001ac8                HAL_NVIC_EnableIRQ
 .text.HAL_NVIC_DisableIRQ
                0x0000000008001ae4       0x1c ./Drivers/STM32F4xx_HAL_Driver/Src/stm32f4xx_hal_cortex.o
                0x0000000008001ae4                HAL_NVIC_DisableIRQ
 .text.HAL_CRC_Init
                0x0000000008001b00       0x38 ./Drivers/STM32F4xx_HAL_Driver/Src/stm32f4xx_hal_crc.o
                0x0000000008001b00                HAL_CRC_Init
 .text.HAL_DMA_Init
                0x0000000008001b38      0x15c ./Drivers/STM32F4xx_HAL_Driver/Src/stm32f4xx_hal_dma.o
                0x0000000008001b38                HAL_DMA_Init
 .text.HAL_DMA_Start_IT
                0x0000000008001c94       0xb0 ./Drivers/STM32F4xx_HAL_Driver/Src/stm32f4xx_hal_dma.o
                0x0000000008001c94                HAL_DMA_Start_IT
 .text.HAL_DMA_IRQHandler
                0x0000000008001d44      0x314 ./Drivers/STM32F4xx_HAL_Driver/Src/stm32f4xx_hal_dma.o
                0x0000000008001d44                HAL_DMA_IRQHandler
 .text.DMA_SetConfig
                0x0000000008002058       0x5c ./Drivers/STM32F4xx_HAL_Driver/Src/stm32f4xx_hal_dma.o
 .text.DMA_CalcBaseAndBitshift
                0x00000000080020b4       0x6c ./Drivers/STM32F4xx_HAL_Driver/Src/stm32f4xx_hal_dma.o
 .text.DMA_CheckFifoParam
                0x0000000008002120       0xf8 ./Drivers/STM32F4xx_HAL_Driver/Src/stm32f4xx_hal_dma.o
 .text.HAL_FLASH_Program
                0x0000000008002218       0xa8 ./Drivers/STM32F4xx_HAL_Driver/Src/stm32f4xx_hal_flash.o
                0x0000000008002218                HAL_FLASH_Program
 .text.HAL_FLASH_Unlock
                0x00000000080022c0       0x44 ./Drivers/STM32F4xx_HAL_Driver/Src/stm32f4xx_hal_flash.o
                0x00000000080022c0                HAL_FLASH_Unlock
 .text.HAL_FLASH_Lock
                0x0000000008002304       0x20 ./Drivers/STM32F4xx_HAL_Driver/Src/stm32f4xx_hal_flash.o
                0x0000000008002304                HAL_FLASH_Lock
 .text.FLASH_WaitForLastOperation
                0x0000000008002324       0x80 ./Drivers/STM32F4xx_HAL_Driver/Src/stm32f4xx_hal_flash.o
                0x0000000008002324                FLASH_WaitForLastOperation
 .text.FLASH_Program_DoubleWord
                0x00000000080023a4       0x64 ./Drivers/STM32F4xx_HAL_Driver/Src/stm32f4xx_hal_flash.o
 .text.FLASH_Program_Word
                0x0000000008002408       0x44 ./Drivers/STM32F4xx_HAL_Driver/Src/stm32f4xx_hal_flash.o
 .text.FLASH_Program_HalfWord
                0x000000000800244c       0x48 ./Drivers/STM32F4xx_HAL_Driver/Src/stm32f4xx_hal_flash.o
 .text.FLASH_Program_Byte
                0x0000000008002494       0x44 ./Drivers/STM32F4xx_HAL_Driver/Src/stm32f4xx_hal_flash.o
 .text.FLASH_SetErrorCode
                0x00000000080024d8       0xac ./Drivers/STM32F4xx_HAL_Driver/Src/stm32f4xx_hal_flash.o
 .text.HAL_FLASHEx_Erase
                0x0000000008002584       0xe0 ./Drivers/STM32F4xx_HAL_Driver/Src/stm32f4xx_hal_flash_ex.o
                0x0000000008002584                HAL_FLASHEx_Erase
 .text.FLASH_MassErase
                0x0000000008002664       0x48 ./Drivers/STM32F4xx_HAL_Driver/Src/stm32f4xx_hal_flash_ex.o
 .text.FLASH_Erase_Sector
                0x00000000080026ac       0x90 ./Drivers/STM32F4xx_HAL_Driver/Src/stm32f4xx_hal_flash_ex.o
                0x00000000080026ac                FLASH_Erase_Sector
 .text.FLASH_FlushCaches
                0x000000000800273c       0x8c ./Drivers/STM32F4xx_HAL_Driver/Src/stm32f4xx_hal_flash_ex.o
                0x000000000800273c                FLASH_FlushCaches
 .text.HAL_GPIO_Init
                0x00000000080027c8      0x338 ./Drivers/STM32F4xx_HAL_Driver/Src/stm32f4xx_hal_gpio.o
                0x00000000080027c8                HAL_GPIO_Init
 .text.HAL_GPIO_DeInit
                0x0000000008002b00      0x1f8 ./Drivers/STM32F4xx_HAL_Driver/Src/stm32f4xx_hal_gpio.o
                0x0000000008002b00                HAL_GPIO_DeInit
 .text.HAL_GPIO_ReadPin
                0x0000000008002cf8       0x30 ./Drivers/STM32F4xx_HAL_Driver/Src/stm32f4xx_hal_gpio.o
                0x0000000008002cf8                HAL_GPIO_ReadPin
 .text.HAL_GPIO_WritePin
                0x0000000008002d28       0x32 ./Drivers/STM32F4xx_HAL_Driver/Src/stm32f4xx_hal_gpio.o
                0x0000000008002d28                HAL_GPIO_WritePin
 *fill*         0x0000000008002d5a        0x2 
 .text.HAL_GPIO_EXTI_IRQHandler
                0x0000000008002d5c       0x30 ./Drivers/STM32F4xx_HAL_Driver/Src/stm32f4xx_hal_gpio.o
                0x0000000008002d5c                HAL_GPIO_EXTI_IRQHandler
 .text.HAL_RCC_OscConfig
                0x0000000008002d8c      0x4f0 ./Drivers/STM32F4xx_HAL_Driver/Src/stm32f4xx_hal_rcc.o
                0x0000000008002d8c                HAL_RCC_OscConfig
 .text.HAL_RCC_ClockConfig
                0x000000000800327c      0x1cc ./Drivers/STM32F4xx_HAL_Driver/Src/stm32f4xx_hal_rcc.o
                0x000000000800327c                HAL_RCC_ClockConfig
 .text.HAL_RCC_EnableCSS
                0x0000000008003448       0x18 ./Drivers/STM32F4xx_HAL_Driver/Src/stm32f4xx_hal_rcc.o
                0x0000000008003448                HAL_RCC_EnableCSS
 .text.HAL_RCC_GetSysClockFreq
                0x0000000008003460      0x16c ./Drivers/STM32F4xx_HAL_Driver/Src/stm32f4xx_hal_rcc.o
                0x0000000008003460                HAL_RCC_GetSysClockFreq
 .text.HAL_RCC_GetHCLKFreq
                0x00000000080035cc       0x18 ./Drivers/STM32F4xx_HAL_Driver/Src/stm32f4xx_hal_rcc.o
                0x00000000080035cc                HAL_RCC_GetHCLKFreq
 .text.HAL_RCC_GetPCLK1Freq
                0x00000000080035e4       0x28 ./Drivers/STM32F4xx_HAL_Driver/Src/stm32f4xx_hal_rcc.o
                0x00000000080035e4                HAL_RCC_GetPCLK1Freq
 .text.HAL_RCC_GetPCLK2Freq
                0x000000000800360c       0x28 ./Drivers/STM32F4xx_HAL_Driver/Src/stm32f4xx_hal_rcc.o
                0x000000000800360c                HAL_RCC_GetPCLK2Freq
 .text.HAL_RCC_GetClockConfig
                0x0000000008003634       0x64 ./Drivers/STM32F4xx_HAL_Driver/Src/stm32f4xx_hal_rcc.o
                0x0000000008003634                HAL_RCC_GetClockConfig
 .text.HAL_RCC_NMI_IRQHandler
                0x0000000008003698       0x28 ./Drivers/STM32F4xx_HAL_Driver/Src/stm32f4xx_hal_rcc.o
                0x0000000008003698                HAL_RCC_NMI_IRQHandler
 .text.HAL_RCC_CSSCallback
                0x00000000080036c0        0xe ./Drivers/STM32F4xx_HAL_Driver/Src/stm32f4xx_hal_rcc.o
                0x00000000080036c0                HAL_RCC_CSSCallback
 .text.HAL_SPI_Init
                0x00000000080036ce      0x112 ./Drivers/STM32F4xx_HAL_Driver/Src/stm32f4xx_hal_spi.o
                0x00000000080036ce                HAL_SPI_Init
 .text.HAL_SPI_Transmit
                0x00000000080037e0      0x278 ./Drivers/STM32F4xx_HAL_Driver/Src/stm32f4xx_hal_spi.o
                0x00000000080037e0                HAL_SPI_Transmit
 .text.HAL_SPI_TransmitReceive
                0x0000000008003a58      0x344 ./Drivers/STM32F4xx_HAL_Driver/Src/stm32f4xx_hal_spi.o
                0x0000000008003a58                HAL_SPI_TransmitReceive
 .text.SPI_WaitFlagStateUntilTimeout
                0x0000000008003d9c      0x110 ./Drivers/STM32F4xx_HAL_Driver/Src/stm32f4xx_hal_spi.o
 .text.SPI_EndRxTxTransaction
                0x0000000008003eac       0x84 ./Drivers/STM32F4xx_HAL_Driver/Src/stm32f4xx_hal_spi.o
 .text.HAL_SRAM_Init
                0x0000000008003f30       0x88 ./Drivers/STM32F4xx_HAL_Driver/Src/stm32f4xx_hal_sram.o
                0x0000000008003f30                HAL_SRAM_Init
 .text.HAL_TIM_Base_Init
                0x0000000008003fb8       0x9e ./Drivers/STM32F4xx_HAL_Driver/Src/stm32f4xx_hal_tim.o
                0x0000000008003fb8                HAL_TIM_Base_Init
 *fill*         0x0000000008004056        0x2 
 .text.HAL_TIM_Base_Start_IT
                0x0000000008004058       0xe0 ./Drivers/STM32F4xx_HAL_Driver/Src/stm32f4xx_hal_tim.o
                0x0000000008004058                HAL_TIM_Base_Start_IT
 .text.HAL_TIM_Base_Stop_IT
                0x0000000008004138       0x5e ./Drivers/STM32F4xx_HAL_Driver/Src/stm32f4xx_hal_tim.o
                0x0000000008004138                HAL_TIM_Base_Stop_IT
 *fill*         0x0000000008004196        0x2 
 .text.HAL_TIM_PWM_Start
                0x0000000008004198      0x190 ./Drivers/STM32F4xx_HAL_Driver/Src/stm32f4xx_hal_tim.o
                0x0000000008004198                HAL_TIM_PWM_Start
 .text.HAL_TIM_IRQHandler
                0x0000000008004328      0x210 ./Drivers/STM32F4xx_HAL_Driver/Src/stm32f4xx_hal_tim.o
                0x0000000008004328                HAL_TIM_IRQHandler
 .text.HAL_TIM_ConfigClockSource
                0x0000000008004538      0x18e ./Drivers/STM32F4xx_HAL_Driver/Src/stm32f4xx_hal_tim.o
                0x0000000008004538                HAL_TIM_ConfigClockSource
 .text.HAL_TIM_OC_DelayElapsedCallback
                0x00000000080046c6       0x14 ./Drivers/STM32F4xx_HAL_Driver/Src/stm32f4xx_hal_tim.o
                0x00000000080046c6                HAL_TIM_OC_DelayElapsedCallback
 .text.HAL_TIM_IC_CaptureCallback
                0x00000000080046da       0x14 ./Drivers/STM32F4xx_HAL_Driver/Src/stm32f4xx_hal_tim.o
                0x00000000080046da                HAL_TIM_IC_CaptureCallback
 .text.HAL_TIM_PWM_PulseFinishedCallback
                0x00000000080046ee       0x14 ./Drivers/STM32F4xx_HAL_Driver/Src/stm32f4xx_hal_tim.o
                0x00000000080046ee                HAL_TIM_PWM_PulseFinishedCallback
 .text.HAL_TIM_TriggerCallback
                0x0000000008004702       0x14 ./Drivers/STM32F4xx_HAL_Driver/Src/stm32f4xx_hal_tim.o
                0x0000000008004702                HAL_TIM_TriggerCallback
 *fill*         0x0000000008004716        0x2 
 .text.TIM_Base_SetConfig
                0x0000000008004718      0x140 ./Drivers/STM32F4xx_HAL_Driver/Src/stm32f4xx_hal_tim.o
                0x0000000008004718                TIM_Base_SetConfig
 .text.TIM_TI1_ConfigInputStage
                0x0000000008004858       0x5e ./Drivers/STM32F4xx_HAL_Driver/Src/stm32f4xx_hal_tim.o
 .text.TIM_TI2_ConfigInputStage
                0x00000000080048b6       0x60 ./Drivers/STM32F4xx_HAL_Driver/Src/stm32f4xx_hal_tim.o
 .text.TIM_ITRx_SetConfig
                0x0000000008004916       0x36 ./Drivers/STM32F4xx_HAL_Driver/Src/stm32f4xx_hal_tim.o
 .text.TIM_ETR_SetConfig
                0x000000000800494c       0x40 ./Drivers/STM32F4xx_HAL_Driver/Src/stm32f4xx_hal_tim.o
                0x000000000800494c                TIM_ETR_SetConfig
 .text.TIM_CCxChannelCmd
                0x000000000800498c       0x4a ./Drivers/STM32F4xx_HAL_Driver/Src/stm32f4xx_hal_tim.o
                0x000000000800498c                TIM_CCxChannelCmd
 *fill*         0x00000000080049d6        0x2 
 .text.HAL_TIMEx_MasterConfigSynchronization
                0x00000000080049d8       0xf8 ./Drivers/STM32F4xx_HAL_Driver/Src/stm32f4xx_hal_tim_ex.o
                0x00000000080049d8                HAL_TIMEx_MasterConfigSynchronization
 .text.HAL_TIMEx_CommutCallback
                0x0000000008004ad0       0x14 ./Drivers/STM32F4xx_HAL_Driver/Src/stm32f4xx_hal_tim_ex.o
                0x0000000008004ad0                HAL_TIMEx_CommutCallback
 .text.HAL_TIMEx_BreakCallback
                0x0000000008004ae4       0x14 ./Drivers/STM32F4xx_HAL_Driver/Src/stm32f4xx_hal_tim_ex.o
                0x0000000008004ae4                HAL_TIMEx_BreakCallback
 .text.HAL_UART_Init
                0x0000000008004af8       0x9a ./Drivers/STM32F4xx_HAL_Driver/Src/stm32f4xx_hal_uart.o
                0x0000000008004af8                HAL_UART_Init
 .text.HAL_UART_DeInit
                0x0000000008004b92       0x5e ./Drivers/STM32F4xx_HAL_Driver/Src/stm32f4xx_hal_uart.o
                0x0000000008004b92                HAL_UART_DeInit
 .text.UART_SetConfig
                0x0000000008004bf0      0x390 ./Drivers/STM32F4xx_HAL_Driver/Src/stm32f4xx_hal_uart.o
 .text.FSMC_NORSRAM_Init
                0x0000000008004f80       0xa4 ./Drivers/STM32F4xx_HAL_Driver/Src/stm32f4xx_ll_fsmc.o
                0x0000000008004f80                FSMC_NORSRAM_Init
 .text.FSMC_NORSRAM_Timing_Init
                0x0000000008005024       0x7a ./Drivers/STM32F4xx_HAL_Driver/Src/stm32f4xx_ll_fsmc.o
                0x0000000008005024                FSMC_NORSRAM_Timing_Init
 *fill*         0x000000000800509e        0x2 
 .text.FSMC_NORSRAM_Extended_Timing_Init
                0x00000000080050a0       0x80 ./Drivers/STM32F4xx_HAL_Driver/Src/stm32f4xx_ll_fsmc.o
                0x00000000080050a0                FSMC_NORSRAM_Extended_Timing_Init
 .text.__NVIC_SetPriority
                0x0000000008005120       0x54 ./Middlewares/Third_Party/FreeRTOS/Source/CMSIS_RTOS_V2/cmsis_os2.o
 .text.SysTick_Handler
                0x0000000008005174       0x20 ./Middlewares/Third_Party/FreeRTOS/Source/CMSIS_RTOS_V2/cmsis_os2.o
                0x0000000008005174                SysTick_Handler
 .text.SVC_Setup
                0x0000000008005194       0x12 ./Middlewares/Third_Party/FreeRTOS/Source/CMSIS_RTOS_V2/cmsis_os2.o
 *fill*         0x00000000080051a6        0x2 
 .text.osKernelInitialize
                0x00000000080051a8       0x48 ./Middlewares/Third_Party/FreeRTOS/Source/CMSIS_RTOS_V2/cmsis_os2.o
                0x00000000080051a8                osKernelInitialize
 .text.osKernelStart
                0x00000000080051f0       0x4c ./Middlewares/Third_Party/FreeRTOS/Source/CMSIS_RTOS_V2/cmsis_os2.o
                0x00000000080051f0                osKernelStart
 .text.osThreadNew
                0x000000000800523c      0x126 ./Middlewares/Third_Party/FreeRTOS/Source/CMSIS_RTOS_V2/cmsis_os2.o
                0x000000000800523c                osThreadNew
 *fill*         0x0000000008005362        0x2 
 .text.osThreadFlagsSet
                0x0000000008005364       0x9c ./Middlewares/Third_Party/FreeRTOS/Source/CMSIS_RTOS_V2/cmsis_os2.o
                0x0000000008005364                osThreadFlagsSet
 .text.osThreadFlagsClear
                0x0000000008005400       0x7c ./Middlewares/Third_Party/FreeRTOS/Source/CMSIS_RTOS_V2/cmsis_os2.o
                0x0000000008005400                osThreadFlagsClear
 .text.osThreadFlagsWait
                0x000000000800547c      0x102 ./Middlewares/Third_Party/FreeRTOS/Source/CMSIS_RTOS_V2/cmsis_os2.o
                0x000000000800547c                osThreadFlagsWait
 .text.osDelay  0x000000000800557e       0x36 ./Middlewares/Third_Party/FreeRTOS/Source/CMSIS_RTOS_V2/cmsis_os2.o
                0x000000000800557e                osDelay
 .text.TimerCallback
                0x00000000080055b4       0x2a ./Middlewares/Third_Party/FreeRTOS/Source/CMSIS_RTOS_V2/cmsis_os2.o
 *fill*         0x00000000080055de        0x2 
 .text.osTimerNew
                0x00000000080055e0       0xf8 ./Middlewares/Third_Party/FreeRTOS/Source/CMSIS_RTOS_V2/cmsis_os2.o
                0x00000000080055e0                osTimerNew
 .text.osTimerStart
                0x00000000080056d8       0x5c ./Middlewares/Third_Party/FreeRTOS/Source/CMSIS_RTOS_V2/cmsis_os2.o
                0x00000000080056d8                osTimerStart
 .text.osMutexNew
                0x0000000008005734      0x10c ./Middlewares/Third_Party/FreeRTOS/Source/CMSIS_RTOS_V2/cmsis_os2.o
                0x0000000008005734                osMutexNew
 .text.osMutexAcquire
                0x0000000008005840       0x96 ./Middlewares/Third_Party/FreeRTOS/Source/CMSIS_RTOS_V2/cmsis_os2.o
                0x0000000008005840                osMutexAcquire
 .text.osMutexRelease
                0x00000000080058d6       0x7a ./Middlewares/Third_Party/FreeRTOS/Source/CMSIS_RTOS_V2/cmsis_os2.o
                0x00000000080058d6                osMutexRelease
 .text.osSemaphoreNew
                0x0000000008005950      0x112 ./Middlewares/Third_Party/FreeRTOS/Source/CMSIS_RTOS_V2/cmsis_os2.o
                0x0000000008005950                osSemaphoreNew
 *fill*         0x0000000008005a62        0x2 
 .text.osSemaphoreRelease
                0x0000000008005a64       0x88 ./Middlewares/Third_Party/FreeRTOS/Source/CMSIS_RTOS_V2/cmsis_os2.o
                0x0000000008005a64                osSemaphoreRelease
 .text.vApplicationGetIdleTaskMemory
                0x0000000008005aec       0x34 ./Middlewares/Third_Party/FreeRTOS/Source/CMSIS_RTOS_V2/cmsis_os2.o
                0x0000000008005aec                vApplicationGetIdleTaskMemory
 .text.vApplicationGetTimerTaskMemory
                0x0000000008005b20       0x34 ./Middlewares/Third_Party/FreeRTOS/Source/CMSIS_RTOS_V2/cmsis_os2.o
                0x0000000008005b20                vApplicationGetTimerTaskMemory
 .text.vListInitialise
                0x0000000008005b54       0x40 ./Middlewares/Third_Party/FreeRTOS/Source/list.o
                0x0000000008005b54                vListInitialise
 .text.vListInitialiseItem
                0x0000000008005b94       0x1a ./Middlewares/Third_Party/FreeRTOS/Source/list.o
                0x0000000008005b94                vListInitialiseItem
 .text.vListInsertEnd
                0x0000000008005bae       0x48 ./Middlewares/Third_Party/FreeRTOS/Source/list.o
                0x0000000008005bae                vListInsertEnd
 .text.vListInsert
                0x0000000008005bf6       0x72 ./Middlewares/Third_Party/FreeRTOS/Source/list.o
                0x0000000008005bf6                vListInsert
 .text.uxListRemove
                0x0000000008005c68       0x54 ./Middlewares/Third_Party/FreeRTOS/Source/list.o
                0x0000000008005c68                uxListRemove
 .text.xQueueGenericReset
                0x0000000008005cbc       0xd0 ./Middlewares/Third_Party/FreeRTOS/Source/queue.o
                0x0000000008005cbc                xQueueGenericReset
 .text.xQueueGenericCreateStatic
                0x0000000008005d8c       0xf0 ./Middlewares/Third_Party/FreeRTOS/Source/queue.o
                0x0000000008005d8c                xQueueGenericCreateStatic
 .text.xQueueGenericCreate
                0x0000000008005e7c       0x74 ./Middlewares/Third_Party/FreeRTOS/Source/queue.o
                0x0000000008005e7c                xQueueGenericCreate
 .text.prvInitialiseNewQueue
                0x0000000008005ef0       0x46 ./Middlewares/Third_Party/FreeRTOS/Source/queue.o
 .text.prvInitialiseMutex
                0x0000000008005f36       0x34 ./Middlewares/Third_Party/FreeRTOS/Source/queue.o
 .text.xQueueCreateMutex
                0x0000000008005f6a       0x30 ./Middlewares/Third_Party/FreeRTOS/Source/queue.o
                0x0000000008005f6a                xQueueCreateMutex
 .text.xQueueCreateMutexStatic
                0x0000000008005f9a       0x36 ./Middlewares/Third_Party/FreeRTOS/Source/queue.o
                0x0000000008005f9a                xQueueCreateMutexStatic
 .text.xQueueGiveMutexRecursive
                0x0000000008005fd0       0x68 ./Middlewares/Third_Party/FreeRTOS/Source/queue.o
                0x0000000008005fd0                xQueueGiveMutexRecursive
 .text.xQueueTakeMutexRecursive
                0x0000000008006038       0x6c ./Middlewares/Third_Party/FreeRTOS/Source/queue.o
                0x0000000008006038                xQueueTakeMutexRecursive
 .text.xQueueCreateCountingSemaphoreStatic
                0x00000000080060a4       0x6e ./Middlewares/Third_Party/FreeRTOS/Source/queue.o
                0x00000000080060a4                xQueueCreateCountingSemaphoreStatic
 .text.xQueueCreateCountingSemaphore
                0x0000000008006112       0x66 ./Middlewares/Third_Party/FreeRTOS/Source/queue.o
                0x0000000008006112                xQueueCreateCountingSemaphore
 .text.xQueueGenericSend
                0x0000000008006178      0x1fc ./Middlewares/Third_Party/FreeRTOS/Source/queue.o
                0x0000000008006178                xQueueGenericSend
 .text.xQueueGenericSendFromISR
                0x0000000008006374      0x136 ./Middlewares/Third_Party/FreeRTOS/Source/queue.o
                0x0000000008006374                xQueueGenericSendFromISR
 .text.xQueueGiveFromISR
                0x00000000080064aa      0x11a ./Middlewares/Third_Party/FreeRTOS/Source/queue.o
                0x00000000080064aa                xQueueGiveFromISR
 .text.xQueueReceive
                0x00000000080065c4      0x1c0 ./Middlewares/Third_Party/FreeRTOS/Source/queue.o
                0x00000000080065c4                xQueueReceive
 .text.xQueueSemaphoreTake
                0x0000000008006784      0x218 ./Middlewares/Third_Party/FreeRTOS/Source/queue.o
                0x0000000008006784                xQueueSemaphoreTake
 .text.vQueueDelete
                0x000000000800699c       0x46 ./Middlewares/Third_Party/FreeRTOS/Source/queue.o
                0x000000000800699c                vQueueDelete
 .text.prvGetDisinheritPriorityAfterTimeout
                0x00000000080069e2       0x30 ./Middlewares/Third_Party/FreeRTOS/Source/queue.o
 .text.prvCopyDataToQueue
                0x0000000008006a12       0xd4 ./Middlewares/Third_Party/FreeRTOS/Source/queue.o
 .text.prvCopyDataFromQueue
                0x0000000008006ae6       0x4c ./Middlewares/Third_Party/FreeRTOS/Source/queue.o
 .text.prvUnlockQueue
                0x0000000008006b32       0xa4 ./Middlewares/Third_Party/FreeRTOS/Source/queue.o
 .text.prvIsQueueEmpty
                0x0000000008006bd6       0x2c ./Middlewares/Third_Party/FreeRTOS/Source/queue.o
 .text.prvIsQueueFull
                0x0000000008006c02       0x30 ./Middlewares/Third_Party/FreeRTOS/Source/queue.o
 *fill*         0x0000000008006c32        0x2 
 .text.vQueueAddToRegistry
                0x0000000008006c34       0x54 ./Middlewares/Third_Party/FreeRTOS/Source/queue.o
                0x0000000008006c34                vQueueAddToRegistry
 .text.vQueueUnregisterQueue
                0x0000000008006c88       0x54 ./Middlewares/Third_Party/FreeRTOS/Source/queue.o
                0x0000000008006c88                vQueueUnregisterQueue
 .text.vQueueWaitForMessageRestricted
                0x0000000008006cdc       0x68 ./Middlewares/Third_Party/FreeRTOS/Source/queue.o
                0x0000000008006cdc                vQueueWaitForMessageRestricted
 .text.xTaskCreateStatic
                0x0000000008006d44       0xba ./Middlewares/Third_Party/FreeRTOS/Source/tasks.o
                0x0000000008006d44                xTaskCreateStatic
 .text.xTaskCreate
                0x0000000008006dfe       0x8a ./Middlewares/Third_Party/FreeRTOS/Source/tasks.o
                0x0000000008006dfe                xTaskCreate
 .text.prvInitialiseNewTask
                0x0000000008006e88      0x14c ./Middlewares/Third_Party/FreeRTOS/Source/tasks.o
 .text.prvAddNewTaskToReadyList
                0x0000000008006fd4       0xe0 ./Middlewares/Third_Party/FreeRTOS/Source/tasks.o
 .text.vTaskDelay
                0x00000000080070b4       0x68 ./Middlewares/Third_Party/FreeRTOS/Source/tasks.o
                0x00000000080070b4                vTaskDelay
 .text.vTaskStartScheduler
                0x000000000800711c       0xe0 ./Middlewares/Third_Party/FreeRTOS/Source/tasks.o
                0x000000000800711c                vTaskStartScheduler
 .text.vTaskSuspendAll
                0x00000000080071fc       0x1c ./Middlewares/Third_Party/FreeRTOS/Source/tasks.o
                0x00000000080071fc                vTaskSuspendAll
 .text.xTaskResumeAll
                0x0000000008007218      0x13c ./Middlewares/Third_Party/FreeRTOS/Source/tasks.o
                0x0000000008007218                xTaskResumeAll
 .text.xTaskGetTickCount
                0x0000000008007354       0x20 ./Middlewares/Third_Party/FreeRTOS/Source/tasks.o
                0x0000000008007354                xTaskGetTickCount
 .text.xTaskIncrementTick
                0x0000000008007374      0x174 ./Middlewares/Third_Party/FreeRTOS/Source/tasks.o
                0x0000000008007374                xTaskIncrementTick
 .text.vTaskSwitchContext
                0x00000000080074e8      0x114 ./Middlewares/Third_Party/FreeRTOS/Source/tasks.o
                0x00000000080074e8                vTaskSwitchContext
 .text.vTaskPlaceOnEventList
                0x00000000080075fc       0x48 ./Middlewares/Third_Party/FreeRTOS/Source/tasks.o
                0x00000000080075fc                vTaskPlaceOnEventList
 .text.vTaskPlaceOnEventListRestricted
                0x0000000008007644       0x58 ./Middlewares/Third_Party/FreeRTOS/Source/tasks.o
                0x0000000008007644                vTaskPlaceOnEventListRestricted
 .text.xTaskRemoveFromEventList
                0x000000000800769c       0xc8 ./Middlewares/Third_Party/FreeRTOS/Source/tasks.o
                0x000000000800769c                xTaskRemoveFromEventList
 .text.vTaskInternalSetTimeOutState
                0x0000000008007764       0x2c ./Middlewares/Third_Party/FreeRTOS/Source/tasks.o
                0x0000000008007764                vTaskInternalSetTimeOutState
 .text.xTaskCheckForTimeOut
                0x0000000008007790       0xc4 ./Middlewares/Third_Party/FreeRTOS/Source/tasks.o
                0x0000000008007790                xTaskCheckForTimeOut
 .text.vTaskMissedYield
                0x0000000008007854       0x18 ./Middlewares/Third_Party/FreeRTOS/Source/tasks.o
                0x0000000008007854                vTaskMissedYield
 .text.prvIdleTask
                0x000000000800786c       0x30 ./Middlewares/Third_Party/FreeRTOS/Source/tasks.o
 .text.prvInitialiseTaskLists
                0x000000000800789c       0x80 ./Middlewares/Third_Party/FreeRTOS/Source/tasks.o
 .text.prvCheckTasksWaitingTermination
                0x000000000800791c       0x5c ./Middlewares/Third_Party/FreeRTOS/Source/tasks.o
 .text.prvDeleteTCB
                0x0000000008007978       0x68 ./Middlewares/Third_Party/FreeRTOS/Source/tasks.o
 .text.prvResetNextTaskUnblockTime
                0x00000000080079e0       0x40 ./Middlewares/Third_Party/FreeRTOS/Source/tasks.o
 .text.xTaskGetCurrentTaskHandle
                0x0000000008007a20       0x20 ./Middlewares/Third_Party/FreeRTOS/Source/tasks.o
                0x0000000008007a20                xTaskGetCurrentTaskHandle
 .text.xTaskGetSchedulerState
                0x0000000008007a40       0x3c ./Middlewares/Third_Party/FreeRTOS/Source/tasks.o
                0x0000000008007a40                xTaskGetSchedulerState
 .text.xTaskPriorityInherit
                0x0000000008007a7c       0xd0 ./Middlewares/Third_Party/FreeRTOS/Source/tasks.o
                0x0000000008007a7c                xTaskPriorityInherit
 .text.xTaskPriorityDisinherit
                0x0000000008007b4c       0xdc ./Middlewares/Third_Party/FreeRTOS/Source/tasks.o
                0x0000000008007b4c                xTaskPriorityDisinherit
 .text.vTaskPriorityDisinheritAfterTimeout
                0x0000000008007c28      0x104 ./Middlewares/Third_Party/FreeRTOS/Source/tasks.o
                0x0000000008007c28                vTaskPriorityDisinheritAfterTimeout
 .text.pvTaskIncrementMutexHeldCount
                0x0000000008007d2c       0x28 ./Middlewares/Third_Party/FreeRTOS/Source/tasks.o
                0x0000000008007d2c                pvTaskIncrementMutexHeldCount
 .text.xTaskNotifyWait
                0x0000000008007d54       0xc0 ./Middlewares/Third_Party/FreeRTOS/Source/tasks.o
                0x0000000008007d54                xTaskNotifyWait
 .text.xTaskGenericNotify
                0x0000000008007e14      0x17c ./Middlewares/Third_Party/FreeRTOS/Source/tasks.o
                0x0000000008007e14                xTaskGenericNotify
 .text.xTaskGenericNotifyFromISR
                0x0000000008007f90      0x1c8 ./Middlewares/Third_Party/FreeRTOS/Source/tasks.o
                0x0000000008007f90                xTaskGenericNotifyFromISR
 .text.prvAddCurrentTaskToDelayedList
                0x0000000008008158       0xa8 ./Middlewares/Third_Party/FreeRTOS/Source/tasks.o
 .text.xTimerCreateTimerTask
                0x0000000008008200       0x90 ./Middlewares/Third_Party/FreeRTOS/Source/timers.o
                0x0000000008008200                xTimerCreateTimerTask
 .text.xTimerCreate
                0x0000000008008290       0x42 ./Middlewares/Third_Party/FreeRTOS/Source/timers.o
                0x0000000008008290                xTimerCreate
 .text.xTimerCreateStatic
                0x00000000080082d2       0x7c ./Middlewares/Third_Party/FreeRTOS/Source/timers.o
                0x00000000080082d2                xTimerCreateStatic
 .text.prvInitialiseNewTimer
                0x000000000800834e       0x76 ./Middlewares/Third_Party/FreeRTOS/Source/timers.o
 .text.xTimerGenericCommand
                0x00000000080083c4       0x9c ./Middlewares/Third_Party/FreeRTOS/Source/timers.o
                0x00000000080083c4                xTimerGenericCommand
 .text.prvProcessExpiredTimer
                0x0000000008008460       0x98 ./Middlewares/Third_Party/FreeRTOS/Source/timers.o
 .text.prvTimerTask
                0x00000000080084f8       0x24 ./Middlewares/Third_Party/FreeRTOS/Source/timers.o
 .text.prvProcessTimerOrBlockTask
                0x000000000800851c       0x9c ./Middlewares/Third_Party/FreeRTOS/Source/timers.o
 .text.prvGetNextExpireTime
                0x00000000080085b8       0x48 ./Middlewares/Third_Party/FreeRTOS/Source/timers.o
 .text.prvSampleTimeNow
                0x0000000008008600       0x40 ./Middlewares/Third_Party/FreeRTOS/Source/timers.o
 .text.prvInsertTimerInActiveList
                0x0000000008008640       0x84 ./Middlewares/Third_Party/FreeRTOS/Source/timers.o
 .text.prvProcessReceivedCommands
                0x00000000080086c4      0x1c4 ./Middlewares/Third_Party/FreeRTOS/Source/timers.o
 .text.prvSwitchTimerLists
                0x0000000008008888       0xc8 ./Middlewares/Third_Party/FreeRTOS/Source/timers.o
 .text.prvCheckForValidListAndQueue
                0x0000000008008950       0x80 ./Middlewares/Third_Party/FreeRTOS/Source/timers.o
 .text.pvTimerGetTimerID
                0x00000000080089d0       0x40 ./Middlewares/Third_Party/FreeRTOS/Source/timers.o
                0x00000000080089d0                pvTimerGetTimerID
 .text.pxPortInitialiseStack
                0x0000000008008a10       0x68 ./Middlewares/Third_Party/FreeRTOS/Source/portable/GCC/ARM_CM4F/port.o
                0x0000000008008a10                pxPortInitialiseStack
 .text.prvTaskExitError
                0x0000000008008a78       0x58 ./Middlewares/Third_Party/FreeRTOS/Source/portable/GCC/ARM_CM4F/port.o
 .text.SVC_Handler
                0x0000000008008ad0       0x28 ./Middlewares/Third_Party/FreeRTOS/Source/portable/GCC/ARM_CM4F/port.o
                0x0000000008008ad0                SVC_Handler
 .text.prvPortStartFirstTask
                0x0000000008008af8       0x28 ./Middlewares/Third_Party/FreeRTOS/Source/portable/GCC/ARM_CM4F/port.o
 .text.xPortStartScheduler
                0x0000000008008b20      0x144 ./Middlewares/Third_Party/FreeRTOS/Source/portable/GCC/ARM_CM4F/port.o
                0x0000000008008b20                xPortStartScheduler
 .text.vPortEnterCritical
                0x0000000008008c64       0x60 ./Middlewares/Third_Party/FreeRTOS/Source/portable/GCC/ARM_CM4F/port.o
                0x0000000008008c64                vPortEnterCritical
 .text.vPortExitCritical
                0x0000000008008cc4       0x54 ./Middlewares/Third_Party/FreeRTOS/Source/portable/GCC/ARM_CM4F/port.o
                0x0000000008008cc4                vPortExitCritical
 *fill*         0x0000000008008d18        0x8 
 .text.PendSV_Handler
                0x0000000008008d20       0x68 ./Middlewares/Third_Party/FreeRTOS/Source/portable/GCC/ARM_CM4F/port.o
                0x0000000008008d20                PendSV_Handler
 .text.xPortSysTickHandler
                0x0000000008008d88       0x44 ./Middlewares/Third_Party/FreeRTOS/Source/portable/GCC/ARM_CM4F/port.o
                0x0000000008008d88                xPortSysTickHandler
 .text.vPortSetupTimerInterrupt
                0x0000000008008dcc       0x48 ./Middlewares/Third_Party/FreeRTOS/Source/portable/GCC/ARM_CM4F/port.o
                0x0000000008008dcc                vPortSetupTimerInterrupt
 .text.vPortEnableVFP
                0x0000000008008e14       0x14 ./Middlewares/Third_Party/FreeRTOS/Source/portable/GCC/ARM_CM4F/port.o
 .text.vPortValidateInterruptPriority
                0x0000000008008e28       0x80 ./Middlewares/Third_Party/FreeRTOS/Source/portable/GCC/ARM_CM4F/port.o
                0x0000000008008e28                vPortValidateInterruptPriority
 .text.pvPortMalloc
                0x0000000008008ea8      0x150 ./Middlewares/Third_Party/FreeRTOS/Source/portable/MemMang/heap_5.o
                0x0000000008008ea8                pvPortMalloc
 .text.vPortFree
                0x0000000008008ff8       0xc4 ./Middlewares/Third_Party/FreeRTOS/Source/portable/MemMang/heap_5.o
                0x0000000008008ff8                vPortFree
 .text.prvInsertBlockIntoFreeList
                0x00000000080090bc       0xb4 ./Middlewares/Third_Party/FreeRTOS/Source/portable/MemMang/heap_5.o
 .text.vPortDefineHeapRegions
                0x0000000008009170      0x194 ./Middlewares/Third_Party/FreeRTOS/Source/portable/MemMang/heap_5.o
                0x0000000008009170                vPortDefineHeapRegions
 .text.lv_disp_get_scr_act
                0x0000000008009304       0x2a ./Middlewares/Third_Party/lvgl/src/lv_core/lv_disp.o
                0x0000000008009304                lv_disp_get_scr_act
 .text.lv_disp_get_layer_top
                0x000000000800932e       0x2a ./Middlewares/Third_Party/lvgl/src/lv_core/lv_disp.o
                0x000000000800932e                lv_disp_get_layer_top
 .text.lv_disp_get_layer_sys
                0x0000000008009358       0x2a ./Middlewares/Third_Party/lvgl/src/lv_core/lv_disp.o
                0x0000000008009358                lv_disp_get_layer_sys
 *fill*         0x0000000008009382        0x2 
 .text._lv_group_init
                0x0000000008009384       0x14 ./Middlewares/Third_Party/lvgl/src/lv_core/lv_group.o
                0x0000000008009384                _lv_group_init
 .text.lv_group_create
                0x0000000008009398       0x70 ./Middlewares/Third_Party/lvgl/src/lv_core/lv_group.o
                0x0000000008009398                lv_group_create
 .text.lv_group_del
                0x0000000008009408       0x78 ./Middlewares/Third_Party/lvgl/src/lv_core/lv_group.o
                0x0000000008009408                lv_group_del
 .text.lv_group_add_obj
                0x0000000008009480       0x9a ./Middlewares/Third_Party/lvgl/src/lv_core/lv_group.o
                0x0000000008009480                lv_group_add_obj
 .text.lv_group_remove_obj
                0x000000000800951a       0xe0 ./Middlewares/Third_Party/lvgl/src/lv_core/lv_group.o
                0x000000000800951a                lv_group_remove_obj
 .text.lv_group_focus_obj
                0x00000000080095fa      0x12e ./Middlewares/Third_Party/lvgl/src/lv_core/lv_group.o
                0x00000000080095fa                lv_group_focus_obj
 .text.lv_group_focus_next
                0x0000000008009728       0x24 ./Middlewares/Third_Party/lvgl/src/lv_core/lv_group.o
                0x0000000008009728                lv_group_focus_next
 .text.lv_group_focus_prev
                0x000000000800974c       0x24 ./Middlewares/Third_Party/lvgl/src/lv_core/lv_group.o
                0x000000000800974c                lv_group_focus_prev
 .text.lv_group_send_data
                0x0000000008009770       0x5a ./Middlewares/Third_Party/lvgl/src/lv_core/lv_group.o
                0x0000000008009770                lv_group_send_data
 .text.lv_group_set_editing
                0x00000000080097ca       0x86 ./Middlewares/Third_Party/lvgl/src/lv_core/lv_group.o
                0x00000000080097ca                lv_group_set_editing
 .text.lv_group_get_focused
                0x0000000008009850       0x30 ./Middlewares/Third_Party/lvgl/src/lv_core/lv_group.o
                0x0000000008009850                lv_group_get_focused
 .text.lv_group_get_editing
                0x0000000008009880       0x34 ./Middlewares/Third_Party/lvgl/src/lv_core/lv_group.o
                0x0000000008009880                lv_group_get_editing
 .text.lv_group_refocus
                0x00000000080098b4       0x62 ./Middlewares/Third_Party/lvgl/src/lv_core/lv_group.o
 .text.focus_next_core
                0x0000000008009916      0x18a ./Middlewares/Third_Party/lvgl/src/lv_core/lv_group.o
 .text.obj_to_foreground
                0x0000000008009aa0       0x48 ./Middlewares/Third_Party/lvgl/src/lv_core/lv_group.o
 .text._lv_indev_init
                0x0000000008009ae8       0x10 ./Middlewares/Third_Party/lvgl/src/lv_core/lv_indev.o
                0x0000000008009ae8                _lv_indev_init
 .text._lv_indev_read_task
                0x0000000008009af8      0x144 ./Middlewares/Third_Party/lvgl/src/lv_core/lv_indev.o
                0x0000000008009af8                _lv_indev_read_task
 .text.lv_indev_get_act
                0x0000000008009c3c       0x18 ./Middlewares/Third_Party/lvgl/src/lv_core/lv_indev.o
                0x0000000008009c3c                lv_indev_get_act
 .text.lv_indev_get_type
                0x0000000008009c54       0x22 ./Middlewares/Third_Party/lvgl/src/lv_core/lv_indev.o
                0x0000000008009c54                lv_indev_get_type
 *fill*         0x0000000008009c76        0x2 
 .text.lv_indev_reset
                0x0000000008009c78       0xa4 ./Middlewares/Third_Party/lvgl/src/lv_core/lv_indev.o
                0x0000000008009c78                lv_indev_reset
 .text.lv_indev_reset_long_press
                0x0000000008009d1c       0x32 ./Middlewares/Third_Party/lvgl/src/lv_core/lv_indev.o
                0x0000000008009d1c                lv_indev_reset_long_press
 .text.lv_indev_set_group
                0x0000000008009d4e       0x2c ./Middlewares/Third_Party/lvgl/src/lv_core/lv_indev.o
                0x0000000008009d4e                lv_indev_set_group
 .text.lv_indev_get_point
                0x0000000008009d7a       0x5e ./Middlewares/Third_Party/lvgl/src/lv_core/lv_indev.o
                0x0000000008009d7a                lv_indev_get_point
 .text.lv_indev_is_dragging
                0x0000000008009dd8       0x48 ./Middlewares/Third_Party/lvgl/src/lv_core/lv_indev.o
                0x0000000008009dd8                lv_indev_is_dragging
 .text.lv_indev_get_obj_act
                0x0000000008009e20       0x18 ./Middlewares/Third_Party/lvgl/src/lv_core/lv_indev.o
                0x0000000008009e20                lv_indev_get_obj_act
 .text.indev_pointer_proc
                0x0000000008009e38       0x96 ./Middlewares/Third_Party/lvgl/src/lv_core/lv_indev.o
 *fill*         0x0000000008009ece        0x2 
 .text.indev_keypad_proc
                0x0000000008009ed0      0x480 ./Middlewares/Third_Party/lvgl/src/lv_core/lv_indev.o
 .text.indev_encoder_proc
                0x000000000800a350      0x4e0 ./Middlewares/Third_Party/lvgl/src/lv_core/lv_indev.o
 .text.indev_button_proc
                0x000000000800a830       0x96 ./Middlewares/Third_Party/lvgl/src/lv_core/lv_indev.o
 *fill*         0x000000000800a8c6        0x2 
 .text.indev_proc_press
                0x000000000800a8c8      0x5e0 ./Middlewares/Third_Party/lvgl/src/lv_core/lv_indev.o
 .text.indev_proc_release
                0x000000000800aea8      0x264 ./Middlewares/Third_Party/lvgl/src/lv_core/lv_indev.o
 .text.indev_proc_reset_query_handler
                0x000000000800b10c       0xb8 ./Middlewares/Third_Party/lvgl/src/lv_core/lv_indev.o
 .text.lv_indev_search_obj
                0x000000000800b1c4       0x9c ./Middlewares/Third_Party/lvgl/src/lv_core/lv_indev.o
                0x000000000800b1c4                lv_indev_search_obj
 .text.indev_click_focus
                0x000000000800b260      0x240 ./Middlewares/Third_Party/lvgl/src/lv_core/lv_indev.o
 .text.indev_drag
                0x000000000800b4a0      0x454 ./Middlewares/Third_Party/lvgl/src/lv_core/lv_indev.o
 .text.indev_drag_throw
                0x000000000800b8f4      0x288 ./Middlewares/Third_Party/lvgl/src/lv_core/lv_indev.o
 .text.get_dragged_obj
                0x000000000800bb7c       0x3c ./Middlewares/Third_Party/lvgl/src/lv_core/lv_indev.o
 .text.indev_gesture
                0x000000000800bbb8      0x1b0 ./Middlewares/Third_Party/lvgl/src/lv_core/lv_indev.o
 .text.indev_reset_check
                0x000000000800bd68       0x48 ./Middlewares/Third_Party/lvgl/src/lv_core/lv_indev.o
 .text._lv_memcpy_small
                0x000000000800bdb0       0x44 ./Middlewares/Third_Party/lvgl/src/lv_core/lv_obj.o
 .text.lv_area_copy
                0x000000000800bdf4       0x1c ./Middlewares/Third_Party/lvgl/src/lv_core/lv_obj.o
 .text.lv_area_get_width
                0x000000000800be10       0x2e ./Middlewares/Third_Party/lvgl/src/lv_core/lv_obj.o
 .text.lv_area_get_height
                0x000000000800be3e       0x2e ./Middlewares/Third_Party/lvgl/src/lv_core/lv_obj.o
 .text.lv_style_list_get_style
                0x000000000800be6c       0x5c ./Middlewares/Third_Party/lvgl/src/lv_core/lv_obj.o
 .text.lv_obj_get_style_radius
                0x000000000800bec8       0x22 ./Middlewares/Third_Party/lvgl/src/lv_core/lv_obj.o
 .text.lv_obj_get_style_clip_corner
                0x000000000800beea       0x2c ./Middlewares/Third_Party/lvgl/src/lv_core/lv_obj.o
 .text.lv_obj_get_style_transform_width
                0x000000000800bf16       0x22 ./Middlewares/Third_Party/lvgl/src/lv_core/lv_obj.o
 .text.lv_obj_get_style_transform_height
                0x000000000800bf38       0x22 ./Middlewares/Third_Party/lvgl/src/lv_core/lv_obj.o
 .text.lv_obj_get_style_opa_scale
                0x000000000800bf5a       0x24 ./Middlewares/Third_Party/lvgl/src/lv_core/lv_obj.o
 .text.lv_obj_get_style_pad_left
                0x000000000800bf7e       0x22 ./Middlewares/Third_Party/lvgl/src/lv_core/lv_obj.o
 .text.lv_obj_get_style_pad_right
                0x000000000800bfa0       0x22 ./Middlewares/Third_Party/lvgl/src/lv_core/lv_obj.o
 .text.lv_obj_get_style_bg_blend_mode
                0x000000000800bfc2       0x24 ./Middlewares/Third_Party/lvgl/src/lv_core/lv_obj.o
 .text.lv_obj_get_style_bg_main_stop
                0x000000000800bfe6       0x22 ./Middlewares/Third_Party/lvgl/src/lv_core/lv_obj.o
 .text.lv_obj_get_style_bg_grad_stop
                0x000000000800c008       0x22 ./Middlewares/Third_Party/lvgl/src/lv_core/lv_obj.o
 .text.lv_obj_get_style_bg_grad_dir
                0x000000000800c02a       0x24 ./Middlewares/Third_Party/lvgl/src/lv_core/lv_obj.o
 .text.lv_obj_get_style_bg_color
                0x000000000800c04e       0x22 ./Middlewares/Third_Party/lvgl/src/lv_core/lv_obj.o
 .text.lv_obj_get_style_bg_grad_color
                0x000000000800c070       0x22 ./Middlewares/Third_Party/lvgl/src/lv_core/lv_obj.o
 .text.lv_obj_get_style_bg_opa
                0x000000000800c092       0x22 ./Middlewares/Third_Party/lvgl/src/lv_core/lv_obj.o
 .text.lv_obj_get_style_border_width
                0x000000000800c0b4       0x22 ./Middlewares/Third_Party/lvgl/src/lv_core/lv_obj.o
 .text.lv_obj_get_style_border_side
                0x000000000800c0d6       0x24 ./Middlewares/Third_Party/lvgl/src/lv_core/lv_obj.o
 .text.lv_obj_get_style_border_blend_mode
                0x000000000800c0fa       0x24 ./Middlewares/Third_Party/lvgl/src/lv_core/lv_obj.o
 .text.lv_obj_get_style_border_post
                0x000000000800c11e       0x2c ./Middlewares/Third_Party/lvgl/src/lv_core/lv_obj.o
 .text.lv_obj_get_style_border_color
                0x000000000800c14a       0x22 ./Middlewares/Third_Party/lvgl/src/lv_core/lv_obj.o
 .text.lv_obj_get_style_border_opa
                0x000000000800c16c       0x22 ./Middlewares/Third_Party/lvgl/src/lv_core/lv_obj.o
 .text.lv_obj_get_style_outline_width
                0x000000000800c18e       0x22 ./Middlewares/Third_Party/lvgl/src/lv_core/lv_obj.o
 .text.lv_obj_get_style_outline_pad
                0x000000000800c1b0       0x22 ./Middlewares/Third_Party/lvgl/src/lv_core/lv_obj.o
 .text.lv_obj_get_style_outline_blend_mode
                0x000000000800c1d2       0x24 ./Middlewares/Third_Party/lvgl/src/lv_core/lv_obj.o
 .text.lv_obj_get_style_outline_color
                0x000000000800c1f6       0x22 ./Middlewares/Third_Party/lvgl/src/lv_core/lv_obj.o
 .text.lv_obj_get_style_outline_opa
                0x000000000800c218       0x22 ./Middlewares/Third_Party/lvgl/src/lv_core/lv_obj.o
 .text.lv_obj_get_style_shadow_width
                0x000000000800c23a       0x22 ./Middlewares/Third_Party/lvgl/src/lv_core/lv_obj.o
 .text.lv_obj_get_style_shadow_ofs_x
                0x000000000800c25c       0x22 ./Middlewares/Third_Party/lvgl/src/lv_core/lv_obj.o
 .text.lv_obj_get_style_shadow_ofs_y
                0x000000000800c27e       0x22 ./Middlewares/Third_Party/lvgl/src/lv_core/lv_obj.o
 .text.lv_obj_get_style_shadow_spread
                0x000000000800c2a0       0x22 ./Middlewares/Third_Party/lvgl/src/lv_core/lv_obj.o
 .text.lv_obj_get_style_shadow_opa
                0x000000000800c2c2       0x22 ./Middlewares/Third_Party/lvgl/src/lv_core/lv_obj.o
 .text.lv_obj_get_style_pattern_repeat
                0x000000000800c2e4       0x2c ./Middlewares/Third_Party/lvgl/src/lv_core/lv_obj.o
 .text.lv_obj_get_style_pattern_blend_mode
                0x000000000800c310       0x24 ./Middlewares/Third_Party/lvgl/src/lv_core/lv_obj.o
 .text.lv_obj_get_style_pattern_recolor
                0x000000000800c334       0x22 ./Middlewares/Third_Party/lvgl/src/lv_core/lv_obj.o
 .text.lv_obj_get_style_pattern_opa
                0x000000000800c356       0x22 ./Middlewares/Third_Party/lvgl/src/lv_core/lv_obj.o
 .text.lv_obj_get_style_pattern_recolor_opa
                0x000000000800c378       0x22 ./Middlewares/Third_Party/lvgl/src/lv_core/lv_obj.o
 .text.lv_obj_get_style_pattern_image
                0x000000000800c39a       0x22 ./Middlewares/Third_Party/lvgl/src/lv_core/lv_obj.o
 .text.lv_obj_get_style_value_letter_space
                0x000000000800c3bc       0x22 ./Middlewares/Third_Party/lvgl/src/lv_core/lv_obj.o
 .text.lv_obj_get_style_value_line_space
                0x000000000800c3de       0x22 ./Middlewares/Third_Party/lvgl/src/lv_core/lv_obj.o
 .text.lv_obj_get_style_value_blend_mode
                0x000000000800c400       0x24 ./Middlewares/Third_Party/lvgl/src/lv_core/lv_obj.o
 .text.lv_obj_get_style_value_ofs_x
                0x000000000800c424       0x22 ./Middlewares/Third_Party/lvgl/src/lv_core/lv_obj.o
 .text.lv_obj_get_style_value_ofs_y
                0x000000000800c446       0x22 ./Middlewares/Third_Party/lvgl/src/lv_core/lv_obj.o
 .text.lv_obj_get_style_value_align
                0x000000000800c468       0x24 ./Middlewares/Third_Party/lvgl/src/lv_core/lv_obj.o
 .text.lv_obj_get_style_value_color
                0x000000000800c48c       0x22 ./Middlewares/Third_Party/lvgl/src/lv_core/lv_obj.o
 .text.lv_obj_get_style_value_opa
                0x000000000800c4ae       0x22 ./Middlewares/Third_Party/lvgl/src/lv_core/lv_obj.o
 .text.lv_obj_get_style_value_font
                0x000000000800c4d0       0x22 ./Middlewares/Third_Party/lvgl/src/lv_core/lv_obj.o
 .text.lv_obj_get_style_value_str
                0x000000000800c4f2       0x22 ./Middlewares/Third_Party/lvgl/src/lv_core/lv_obj.o
 .text.lv_obj_get_style_text_letter_space
                0x000000000800c514       0x24 ./Middlewares/Third_Party/lvgl/src/lv_core/lv_obj.o
 .text.lv_obj_get_style_text_line_space
                0x000000000800c538       0x24 ./Middlewares/Third_Party/lvgl/src/lv_core/lv_obj.o
 .text.lv_obj_get_style_text_decor
                0x000000000800c55c       0x26 ./Middlewares/Third_Party/lvgl/src/lv_core/lv_obj.o
 .text.lv_obj_get_style_text_blend_mode
                0x000000000800c582       0x26 ./Middlewares/Third_Party/lvgl/src/lv_core/lv_obj.o
 .text.lv_obj_get_style_text_color
                0x000000000800c5a8       0x24 ./Middlewares/Third_Party/lvgl/src/lv_core/lv_obj.o
 .text.lv_obj_get_style_text_sel_color
                0x000000000800c5cc       0x24 ./Middlewares/Third_Party/lvgl/src/lv_core/lv_obj.o
 .text.lv_obj_get_style_text_opa
                0x000000000800c5f0       0x24 ./Middlewares/Third_Party/lvgl/src/lv_core/lv_obj.o
 .text.lv_obj_get_style_text_font
                0x000000000800c614       0x24 ./Middlewares/Third_Party/lvgl/src/lv_core/lv_obj.o
 .text.lv_obj_get_style_line_width
                0x000000000800c638       0x22 ./Middlewares/Third_Party/lvgl/src/lv_core/lv_obj.o
 .text.lv_obj_get_style_line_blend_mode
                0x000000000800c65a       0x24 ./Middlewares/Third_Party/lvgl/src/lv_core/lv_obj.o
 .text.lv_obj_get_style_line_dash_width
                0x000000000800c67e       0x22 ./Middlewares/Third_Party/lvgl/src/lv_core/lv_obj.o
 .text.lv_obj_get_style_line_dash_gap
                0x000000000800c6a0       0x22 ./Middlewares/Third_Party/lvgl/src/lv_core/lv_obj.o
 .text.lv_obj_get_style_line_rounded
                0x000000000800c6c2       0x2c ./Middlewares/Third_Party/lvgl/src/lv_core/lv_obj.o
 .text.lv_obj_get_style_line_color
                0x000000000800c6ee       0x22 ./Middlewares/Third_Party/lvgl/src/lv_core/lv_obj.o
 .text.lv_obj_get_style_line_opa
                0x000000000800c710       0x22 ./Middlewares/Third_Party/lvgl/src/lv_core/lv_obj.o
 *fill*         0x000000000800c732        0x2 
 .text.lv_init  0x000000000800c734       0xb0 ./Middlewares/Third_Party/lvgl/src/lv_core/lv_obj.o
                0x000000000800c734                lv_init
 .text.lv_obj_create
                0x000000000800c7e4      0x524 ./Middlewares/Third_Party/lvgl/src/lv_core/lv_obj.o
                0x000000000800c7e4                lv_obj_create
 .text.lv_obj_del
                0x000000000800cd08       0x72 ./Middlewares/Third_Party/lvgl/src/lv_core/lv_obj.o
                0x000000000800cd08                lv_obj_del
 *fill*         0x000000000800cd7a        0x2 
 .text.lv_obj_del_async
                0x000000000800cd7c       0x1c ./Middlewares/Third_Party/lvgl/src/lv_core/lv_obj.o
                0x000000000800cd7c                lv_obj_del_async
 .text.lv_obj_invalidate_area
                0x000000000800cd98      0x144 ./Middlewares/Third_Party/lvgl/src/lv_core/lv_obj.o
                0x000000000800cd98                lv_obj_invalidate_area
 .text.lv_obj_invalidate
                0x000000000800cedc       0x74 ./Middlewares/Third_Party/lvgl/src/lv_core/lv_obj.o
                0x000000000800cedc                lv_obj_invalidate
 .text.lv_obj_set_parent
                0x000000000800cf50       0xf2 ./Middlewares/Third_Party/lvgl/src/lv_core/lv_obj.o
                0x000000000800cf50                lv_obj_set_parent
 .text.lv_obj_move_foreground
                0x000000000800d042       0x54 ./Middlewares/Third_Party/lvgl/src/lv_core/lv_obj.o
                0x000000000800d042                lv_obj_move_foreground
 .text.lv_obj_set_pos
                0x000000000800d096      0x120 ./Middlewares/Third_Party/lvgl/src/lv_core/lv_obj.o
                0x000000000800d096                lv_obj_set_pos
 .text.lv_obj_set_x
                0x000000000800d1b6       0x2a ./Middlewares/Third_Party/lvgl/src/lv_core/lv_obj.o
                0x000000000800d1b6                lv_obj_set_x
 .text.lv_obj_set_y
                0x000000000800d1e0       0x2a ./Middlewares/Third_Party/lvgl/src/lv_core/lv_obj.o
                0x000000000800d1e0                lv_obj_set_y
 .text.lv_obj_set_size
                0x000000000800d20a      0x11a ./Middlewares/Third_Party/lvgl/src/lv_core/lv_obj.o
                0x000000000800d20a                lv_obj_set_size
 .text.lv_obj_set_width
                0x000000000800d324       0x2a ./Middlewares/Third_Party/lvgl/src/lv_core/lv_obj.o
                0x000000000800d324                lv_obj_set_width
 .text.lv_obj_set_height
                0x000000000800d34e       0x2a ./Middlewares/Third_Party/lvgl/src/lv_core/lv_obj.o
                0x000000000800d34e                lv_obj_set_height
 .text.lv_obj_align
                0x000000000800d378       0xd2 ./Middlewares/Third_Party/lvgl/src/lv_core/lv_obj.o
                0x000000000800d378                lv_obj_align
 *fill*         0x000000000800d44a        0x2 
 .text.lv_obj_align_origo
                0x000000000800d44c      0x424 ./Middlewares/Third_Party/lvgl/src/lv_core/lv_obj.o
                0x000000000800d44c                lv_obj_align_origo
 .text.lv_obj_realign
                0x000000000800d870       0x62 ./Middlewares/Third_Party/lvgl/src/lv_core/lv_obj.o
                0x000000000800d870                lv_obj_realign
 .text.lv_obj_add_style
                0x000000000800d8d2       0x44 ./Middlewares/Third_Party/lvgl/src/lv_core/lv_obj.o
                0x000000000800d8d2                lv_obj_add_style
 .text.lv_obj_clean_style_list
                0x000000000800d916       0x2e ./Middlewares/Third_Party/lvgl/src/lv_core/lv_obj.o
                0x000000000800d916                lv_obj_clean_style_list
 .text.lv_obj_reset_style_list
                0x000000000800d944       0x26 ./Middlewares/Third_Party/lvgl/src/lv_core/lv_obj.o
                0x000000000800d944                lv_obj_reset_style_list
 .text._lv_obj_set_style_local_int
                0x000000000800d96a       0x4c ./Middlewares/Third_Party/lvgl/src/lv_core/lv_obj.o
                0x000000000800d96a                _lv_obj_set_style_local_int
 .text._lv_obj_set_style_local_color
                0x000000000800d9b6       0x42 ./Middlewares/Third_Party/lvgl/src/lv_core/lv_obj.o
                0x000000000800d9b6                _lv_obj_set_style_local_color
 .text._lv_obj_set_style_local_opa
                0x000000000800d9f8       0x4a ./Middlewares/Third_Party/lvgl/src/lv_core/lv_obj.o
                0x000000000800d9f8                _lv_obj_set_style_local_opa
 .text._lv_obj_set_style_local_ptr
                0x000000000800da42       0x42 ./Middlewares/Third_Party/lvgl/src/lv_core/lv_obj.o
                0x000000000800da42                _lv_obj_set_style_local_ptr
 .text.lv_obj_refresh_style
                0x000000000800da84      0x30c ./Middlewares/Third_Party/lvgl/src/lv_core/lv_obj.o
                0x000000000800da84                lv_obj_refresh_style
 .text.lv_obj_report_style_mod
                0x000000000800dd90       0x54 ./Middlewares/Third_Party/lvgl/src/lv_core/lv_obj.o
                0x000000000800dd90                lv_obj_report_style_mod
 .text.lv_obj_set_click
                0x000000000800dde4       0x28 ./Middlewares/Third_Party/lvgl/src/lv_core/lv_obj.o
                0x000000000800dde4                lv_obj_set_click
 .text.lv_obj_set_drag
                0x000000000800de0c       0x32 ./Middlewares/Third_Party/lvgl/src/lv_core/lv_obj.o
                0x000000000800de0c                lv_obj_set_drag
 .text.lv_obj_set_drag_throw
                0x000000000800de3e       0x28 ./Middlewares/Third_Party/lvgl/src/lv_core/lv_obj.o
                0x000000000800de3e                lv_obj_set_drag_throw
 .text.lv_obj_set_drag_parent
                0x000000000800de66       0x28 ./Middlewares/Third_Party/lvgl/src/lv_core/lv_obj.o
                0x000000000800de66                lv_obj_set_drag_parent
 .text.lv_obj_add_protect
                0x000000000800de8e       0x2a ./Middlewares/Third_Party/lvgl/src/lv_core/lv_obj.o
                0x000000000800de8e                lv_obj_add_protect
 .text.lv_obj_clear_protect
                0x000000000800deb8       0x30 ./Middlewares/Third_Party/lvgl/src/lv_core/lv_obj.o
                0x000000000800deb8                lv_obj_clear_protect
 .text.lv_obj_set_state
                0x000000000800dee8       0x3a ./Middlewares/Third_Party/lvgl/src/lv_core/lv_obj.o
                0x000000000800dee8                lv_obj_set_state
 .text.lv_obj_add_state
                0x000000000800df22       0x36 ./Middlewares/Third_Party/lvgl/src/lv_core/lv_obj.o
                0x000000000800df22                lv_obj_add_state
 .text.lv_obj_clear_state
                0x000000000800df58       0x40 ./Middlewares/Third_Party/lvgl/src/lv_core/lv_obj.o
                0x000000000800df58                lv_obj_clear_state
 .text.lv_obj_set_event_cb
                0x000000000800df98       0x1c ./Middlewares/Third_Party/lvgl/src/lv_core/lv_obj.o
                0x000000000800df98                lv_obj_set_event_cb
 .text.lv_event_send
                0x000000000800dfb4       0x34 ./Middlewares/Third_Party/lvgl/src/lv_core/lv_obj.o
                0x000000000800dfb4                lv_event_send
 .text.lv_event_send_func
                0x000000000800dfe8       0xd4 ./Middlewares/Third_Party/lvgl/src/lv_core/lv_obj.o
                0x000000000800dfe8                lv_event_send_func
 .text.lv_event_get_data
                0x000000000800e0bc       0x18 ./Middlewares/Third_Party/lvgl/src/lv_core/lv_obj.o
                0x000000000800e0bc                lv_event_get_data
 .text.lv_obj_set_signal_cb
                0x000000000800e0d4       0x1c ./Middlewares/Third_Party/lvgl/src/lv_core/lv_obj.o
                0x000000000800e0d4                lv_obj_set_signal_cb
 .text.lv_signal_send
                0x000000000800e0f0       0x3e ./Middlewares/Third_Party/lvgl/src/lv_core/lv_obj.o
                0x000000000800e0f0                lv_signal_send
 .text.lv_obj_set_design_cb
                0x000000000800e12e       0x1c ./Middlewares/Third_Party/lvgl/src/lv_core/lv_obj.o
                0x000000000800e12e                lv_obj_set_design_cb
 .text.lv_obj_allocate_ext_attr
                0x000000000800e14a       0x38 ./Middlewares/Third_Party/lvgl/src/lv_core/lv_obj.o
                0x000000000800e14a                lv_obj_allocate_ext_attr
 .text.lv_obj_refresh_ext_draw_pad
                0x000000000800e182       0x22 ./Middlewares/Third_Party/lvgl/src/lv_core/lv_obj.o
                0x000000000800e182                lv_obj_refresh_ext_draw_pad
 .text.lv_obj_get_screen
                0x000000000800e1a4       0x28 ./Middlewares/Third_Party/lvgl/src/lv_core/lv_obj.o
                0x000000000800e1a4                lv_obj_get_screen
 .text.lv_obj_get_disp
                0x000000000800e1cc       0x74 ./Middlewares/Third_Party/lvgl/src/lv_core/lv_obj.o
                0x000000000800e1cc                lv_obj_get_disp
 .text.lv_obj_get_parent
                0x000000000800e240       0x18 ./Middlewares/Third_Party/lvgl/src/lv_core/lv_obj.o
                0x000000000800e240                lv_obj_get_parent
 .text.lv_obj_get_child
                0x000000000800e258       0x3a ./Middlewares/Third_Party/lvgl/src/lv_core/lv_obj.o
                0x000000000800e258                lv_obj_get_child
 .text.lv_obj_get_coords
                0x000000000800e292       0x1e ./Middlewares/Third_Party/lvgl/src/lv_core/lv_obj.o
                0x000000000800e292                lv_obj_get_coords
 .text.lv_obj_get_inner_coords
                0x000000000800e2b0       0xa2 ./Middlewares/Third_Party/lvgl/src/lv_core/lv_obj.o
                0x000000000800e2b0                lv_obj_get_inner_coords
 .text.lv_obj_get_x
                0x000000000800e352       0x40 ./Middlewares/Third_Party/lvgl/src/lv_core/lv_obj.o
                0x000000000800e352                lv_obj_get_x
 .text.lv_obj_get_y
                0x000000000800e392       0x40 ./Middlewares/Third_Party/lvgl/src/lv_core/lv_obj.o
                0x000000000800e392                lv_obj_get_y
 .text.lv_obj_get_width
                0x000000000800e3d2       0x1c ./Middlewares/Third_Party/lvgl/src/lv_core/lv_obj.o
                0x000000000800e3d2                lv_obj_get_width
 .text.lv_obj_get_height
                0x000000000800e3ee       0x1c ./Middlewares/Third_Party/lvgl/src/lv_core/lv_obj.o
                0x000000000800e3ee                lv_obj_get_height
 .text.lv_obj_get_width_fit
                0x000000000800e40a       0x40 ./Middlewares/Third_Party/lvgl/src/lv_core/lv_obj.o
                0x000000000800e40a                lv_obj_get_width_fit
 .text.lv_obj_get_auto_realign
                0x000000000800e44a       0x28 ./Middlewares/Third_Party/lvgl/src/lv_core/lv_obj.o
                0x000000000800e44a                lv_obj_get_auto_realign
 .text.lv_obj_get_style_list
                0x000000000800e472       0x46 ./Middlewares/Third_Party/lvgl/src/lv_core/lv_obj.o
                0x000000000800e472                lv_obj_get_style_list
 .text._lv_obj_get_style_int
                0x000000000800e4b8       0xe4 ./Middlewares/Third_Party/lvgl/src/lv_core/lv_obj.o
                0x000000000800e4b8                _lv_obj_get_style_int
 .text._lv_obj_get_style_color
                0x000000000800e59c       0xc8 ./Middlewares/Third_Party/lvgl/src/lv_core/lv_obj.o
                0x000000000800e59c                _lv_obj_get_style_color
 .text._lv_obj_get_style_opa
                0x000000000800e664       0xc6 ./Middlewares/Third_Party/lvgl/src/lv_core/lv_obj.o
                0x000000000800e664                _lv_obj_get_style_opa
 .text._lv_obj_get_style_ptr
                0x000000000800e72a       0xbe ./Middlewares/Third_Party/lvgl/src/lv_core/lv_obj.o
                0x000000000800e72a                _lv_obj_get_style_ptr
 .text.lv_obj_get_hidden
                0x000000000800e7e8       0x2a ./Middlewares/Third_Party/lvgl/src/lv_core/lv_obj.o
                0x000000000800e7e8                lv_obj_get_hidden
 .text.lv_obj_get_click
                0x000000000800e812       0x2a ./Middlewares/Third_Party/lvgl/src/lv_core/lv_obj.o
                0x000000000800e812                lv_obj_get_click
 .text.lv_obj_get_drag
                0x000000000800e83c       0x2a ./Middlewares/Third_Party/lvgl/src/lv_core/lv_obj.o
                0x000000000800e83c                lv_obj_get_drag
 .text.lv_obj_get_drag_dir
                0x000000000800e866       0x20 ./Middlewares/Third_Party/lvgl/src/lv_core/lv_obj.o
                0x000000000800e866                lv_obj_get_drag_dir
 .text.lv_obj_get_drag_throw
                0x000000000800e886       0x2a ./Middlewares/Third_Party/lvgl/src/lv_core/lv_obj.o
                0x000000000800e886                lv_obj_get_drag_throw
 .text.lv_obj_get_drag_parent
                0x000000000800e8b0       0x2a ./Middlewares/Third_Party/lvgl/src/lv_core/lv_obj.o
                0x000000000800e8b0                lv_obj_get_drag_parent
 .text.lv_obj_get_gesture_parent
                0x000000000800e8da       0x2a ./Middlewares/Third_Party/lvgl/src/lv_core/lv_obj.o
                0x000000000800e8da                lv_obj_get_gesture_parent
 .text.lv_obj_get_base_dir
                0x000000000800e904       0x16 ./Middlewares/Third_Party/lvgl/src/lv_core/lv_obj.o
                0x000000000800e904                lv_obj_get_base_dir
 .text.lv_obj_is_protected
                0x000000000800e91a       0x2e ./Middlewares/Third_Party/lvgl/src/lv_core/lv_obj.o
                0x000000000800e91a                lv_obj_is_protected
 .text.lv_obj_get_state
                0x000000000800e948       0x3a ./Middlewares/Third_Party/lvgl/src/lv_core/lv_obj.o
                0x000000000800e948                lv_obj_get_state
 .text.lv_obj_get_signal_cb
                0x000000000800e982       0x18 ./Middlewares/Third_Party/lvgl/src/lv_core/lv_obj.o
                0x000000000800e982                lv_obj_get_signal_cb
 .text.lv_obj_get_design_cb
                0x000000000800e99a       0x18 ./Middlewares/Third_Party/lvgl/src/lv_core/lv_obj.o
                0x000000000800e99a                lv_obj_get_design_cb
 .text.lv_obj_get_ext_attr
                0x000000000800e9b2       0x18 ./Middlewares/Third_Party/lvgl/src/lv_core/lv_obj.o
                0x000000000800e9b2                lv_obj_get_ext_attr
 .text.lv_obj_get_group
                0x000000000800e9ca       0x18 ./Middlewares/Third_Party/lvgl/src/lv_core/lv_obj.o
                0x000000000800e9ca                lv_obj_get_group
 .text.lv_obj_is_focused
                0x000000000800e9e2       0x30 ./Middlewares/Third_Party/lvgl/src/lv_core/lv_obj.o
                0x000000000800e9e2                lv_obj_is_focused
 .text.lv_obj_is_point_on_coords
                0x000000000800ea12       0x92 ./Middlewares/Third_Party/lvgl/src/lv_core/lv_obj.o
                0x000000000800ea12                lv_obj_is_point_on_coords
 .text.lv_obj_hittest
                0x000000000800eaa4       0x46 ./Middlewares/Third_Party/lvgl/src/lv_core/lv_obj.o
                0x000000000800eaa4                lv_obj_hittest
 .text.lv_obj_handle_get_type_signal
                0x000000000800eaea       0x44 ./Middlewares/Third_Party/lvgl/src/lv_core/lv_obj.o
                0x000000000800eaea                lv_obj_handle_get_type_signal
 .text.lv_obj_init_draw_rect_dsc
                0x000000000800eb2e      0x406 ./Middlewares/Third_Party/lvgl/src/lv_core/lv_obj.o
                0x000000000800eb2e                lv_obj_init_draw_rect_dsc
 .text.lv_obj_init_draw_label_dsc
                0x000000000800ef34       0xf8 ./Middlewares/Third_Party/lvgl/src/lv_core/lv_obj.o
                0x000000000800ef34                lv_obj_init_draw_label_dsc
 .text.lv_obj_init_draw_line_dsc
                0x000000000800f02c      0x110 ./Middlewares/Third_Party/lvgl/src/lv_core/lv_obj.o
                0x000000000800f02c                lv_obj_init_draw_line_dsc
 .text.lv_obj_get_draw_rect_ext_pad_size
                0x000000000800f13c      0x32a ./Middlewares/Third_Party/lvgl/src/lv_core/lv_obj.o
                0x000000000800f13c                lv_obj_get_draw_rect_ext_pad_size
 .text.lv_obj_del_async_cb
                0x000000000800f466       0x16 ./Middlewares/Third_Party/lvgl/src/lv_core/lv_obj.o
 .text.obj_del_core
                0x000000000800f47c      0x116 ./Middlewares/Third_Party/lvgl/src/lv_core/lv_obj.o
 .text.lv_obj_design
                0x000000000800f592      0x32c ./Middlewares/Third_Party/lvgl/src/lv_core/lv_obj.o
 *fill*         0x000000000800f8be        0x2 
 .text.lv_obj_signal
                0x000000000800f8c0      0x154 ./Middlewares/Third_Party/lvgl/src/lv_core/lv_obj.o
 .text.refresh_children_position
                0x000000000800fa14       0x9c ./Middlewares/Third_Party/lvgl/src/lv_core/lv_obj.o
 .text.report_style_mod_core
                0x000000000800fab0       0x9a ./Middlewares/Third_Party/lvgl/src/lv_core/lv_obj.o
 .text.refresh_children_style
                0x000000000800fb4a       0x4c ./Middlewares/Third_Party/lvgl/src/lv_core/lv_obj.o
 *fill*         0x000000000800fb96        0x2 
 .text.lv_event_mark_deleted
                0x000000000800fb98       0x40 ./Middlewares/Third_Party/lvgl/src/lv_core/lv_obj.o
 .text._lv_memcpy_small
                0x000000000800fbd8       0x44 ./Middlewares/Third_Party/lvgl/src/lv_core/lv_refr.o
 .text.lv_area_copy
                0x000000000800fc1c       0x1c ./Middlewares/Third_Party/lvgl/src/lv_core/lv_refr.o
 .text.lv_area_get_width
                0x000000000800fc38       0x2e ./Middlewares/Third_Party/lvgl/src/lv_core/lv_refr.o
 .text.lv_area_get_height
                0x000000000800fc66       0x2e ./Middlewares/Third_Party/lvgl/src/lv_core/lv_refr.o
 .text._lv_refr_init
                0x000000000800fc94        0xe ./Middlewares/Third_Party/lvgl/src/lv_core/lv_refr.o
                0x000000000800fc94                _lv_refr_init
 .text._lv_inv_area
                0x000000000800fca2      0x168 ./Middlewares/Third_Party/lvgl/src/lv_core/lv_refr.o
                0x000000000800fca2                _lv_inv_area
 *fill*         0x000000000800fe0a        0x2 
 .text._lv_refr_get_disp_refreshing
                0x000000000800fe0c       0x18 ./Middlewares/Third_Party/lvgl/src/lv_core/lv_refr.o
                0x000000000800fe0c                _lv_refr_get_disp_refreshing
 .text._lv_disp_refr_task
                0x000000000800fe24      0x224 ./Middlewares/Third_Party/lvgl/src/lv_core/lv_refr.o
                0x000000000800fe24                _lv_disp_refr_task
 .text.lv_refr_join_area
                0x0000000008010048      0x13c ./Middlewares/Third_Party/lvgl/src/lv_core/lv_refr.o
 .text.lv_refr_areas
                0x0000000008010184      0x12c ./Middlewares/Third_Party/lvgl/src/lv_core/lv_refr.o
 .text.lv_refr_area
                0x00000000080102b0      0x248 ./Middlewares/Third_Party/lvgl/src/lv_core/lv_refr.o
 .text.lv_refr_area_part
                0x00000000080104f8       0xdc ./Middlewares/Third_Party/lvgl/src/lv_core/lv_refr.o
 .text.lv_refr_get_top_obj
                0x00000000080105d4       0xa8 ./Middlewares/Third_Party/lvgl/src/lv_core/lv_refr.o
 .text.lv_refr_obj_and_children
                0x000000000801067c       0x98 ./Middlewares/Third_Party/lvgl/src/lv_core/lv_refr.o
 .text.lv_refr_obj
                0x0000000008010714      0x18c ./Middlewares/Third_Party/lvgl/src/lv_core/lv_refr.o
 .text.lv_refr_vdb_flush
                0x00000000080108a0       0xd8 ./Middlewares/Third_Party/lvgl/src/lv_core/lv_refr.o
 .text._lv_memcpy_small
                0x0000000008010978       0x44 ./Middlewares/Third_Party/lvgl/src/lv_core/lv_style.o
 .text.lv_style_list_get_style
                0x00000000080109bc       0x5c ./Middlewares/Third_Party/lvgl/src/lv_core/lv_style.o
 .text.lv_style_init
                0x0000000008010a18       0x18 ./Middlewares/Third_Party/lvgl/src/lv_core/lv_style.o
                0x0000000008010a18                lv_style_init
 .text.lv_style_copy
                0x0000000008010a30       0x4e ./Middlewares/Third_Party/lvgl/src/lv_core/lv_style.o
                0x0000000008010a30                lv_style_copy
 .text.lv_style_list_init
                0x0000000008010a7e       0x18 ./Middlewares/Third_Party/lvgl/src/lv_core/lv_style.o
                0x0000000008010a7e                lv_style_list_init
 .text.lv_style_list_copy
                0x0000000008010a96      0x144 ./Middlewares/Third_Party/lvgl/src/lv_core/lv_style.o
                0x0000000008010a96                lv_style_list_copy
 .text._lv_style_list_add_style
                0x0000000008010bda       0xce ./Middlewares/Third_Party/lvgl/src/lv_core/lv_style.o
                0x0000000008010bda                _lv_style_list_add_style
 .text._lv_style_list_remove_style
                0x0000000008010ca8      0x106 ./Middlewares/Third_Party/lvgl/src/lv_core/lv_style.o
                0x0000000008010ca8                _lv_style_list_remove_style
 .text._lv_style_list_reset
                0x0000000008010dae       0xa4 ./Middlewares/Third_Party/lvgl/src/lv_core/lv_style.o
                0x0000000008010dae                _lv_style_list_reset
 .text.lv_style_reset
                0x0000000008010e52       0x20 ./Middlewares/Third_Party/lvgl/src/lv_core/lv_style.o
                0x0000000008010e52                lv_style_reset
 .text._lv_style_get_mem_size