Archive member included to satisfy reference by file (symbol)

c:/st/stm32cubeide_1.7.0/stm32cubeide/plugins/com.st.stm32cube.ide.mcu.externaltools.gnu-tools-for-stm32.9-2020-q2-update.win32_2.0.0.202105311346/tools/bin/../lib/gcc/arm-none-eabi/9.3.1/../../../../arm-none-eabi/lib/thumb/v7e-m+fp/hard\libc_nano.a(lib_a-atoi.o)
                              ./Src/COM.o (atoi)
c:/st/stm32cubeide_1.7.0/stm32cubeide/plugins/com.st.stm32cube.ide.mcu.externaltools.gnu-tools-for-stm32.9-2020-q2-update.win32_2.0.0.202105311346/tools/bin/../lib/gcc/arm-none-eabi/9.3.1/../../../../arm-none-eabi/lib/thumb/v7e-m+fp/hard\libc_nano.a(lib_a-errno.o)
                              ./Src/syscalls.o (__errno)
c:/st/stm32cubeide_1.7.0/stm32cubeide/plugins/com.st.stm32cube.ide.mcu.externaltools.gnu-tools-for-stm32.9-2020-q2-update.win32_2.0.0.202105311346/tools/bin/../lib/gcc/arm-none-eabi/9.3.1/../../../../arm-none-eabi/lib/thumb/v7e-m+fp/hard\libc_nano.a(lib_a-exit.o)
                              c:/st/stm32cubeide_1.7.0/stm32cubeide/plugins/com.st.stm32cube.ide.mcu.externaltools.gnu-tools-for-stm32.9-2020-q2-update.win32_2.0.0.202105311346/tools/bin/../lib/gcc/arm-none-eabi/9.3.1/../../../../arm-none-eabi/lib/thumb/v7e-m+fp/hard/crt0.o (exit)
c:/st/stm32cubeide_1.7.0/stm32cubeide/plugins/com.st.stm32cube.ide.mcu.externaltools.gnu-tools-for-stm32.9-2020-q2-update.win32_2.0.0.202105311346/tools/bin/../lib/gcc/arm-none-eabi/9.3.1/../../../../arm-none-eabi/lib/thumb/v7e-m+fp/hard\libc_nano.a(lib_a-findfp.o)
                              ./Middlewares/Third_Party/FreeRTOS/Source/tasks.o (__sf_fake_stderr)
c:/st/stm32cubeide_1.7.0/stm32cubeide/plugins/com.st.stm32cube.ide.mcu.externaltools.gnu-tools-for-stm32.9-2020-q2-update.win32_2.0.0.202105311346/tools/bin/../lib/gcc/arm-none-eabi/9.3.1/../../../../arm-none-eabi/lib/thumb/v7e-m+fp/hard\libc_nano.a(lib_a-fwalk.o)
                              c:/st/stm32cubeide_1.7.0/stm32cubeide/plugins/com.st.stm32cube.ide.mcu.externaltools.gnu-tools-for-stm32.9-2020-q2-update.win32_2.0.0.202105311346/tools/bin/../lib/gcc/arm-none-eabi/9.3.1/../../../../arm-none-eabi/lib/thumb/v7e-m+fp/hard\libc_nano.a(lib_a-findfp.o) (_fwalk)
c:/st/stm32cubeide_1.7.0/stm32cubeide/plugins/com.st.stm32cube.ide.mcu.externaltools.gnu-tools-for-stm32.9-2020-q2-update.win32_2.0.0.202105311346/tools/bin/../lib/gcc/arm-none-eabi/9.3.1/../../../../arm-none-eabi/lib/thumb/v7e-m+fp/hard\libc_nano.a(lib_a-impure.o)
                              c:/st/stm32cubeide_1.7.0/stm32cubeide/plugins/com.st.stm32cube.ide.mcu.externaltools.gnu-tools-for-stm32.9-2020-q2-update.win32_2.0.0.202105311346/tools/bin/../lib/gcc/arm-none-eabi/9.3.1/../../../../arm-none-eabi/lib/thumb/v7e-m+fp/hard\libc_nano.a(lib_a-exit.o) (_global_impure_ptr)
c:/st/stm32cubeide_1.7.0/stm32cubeide/plugins/com.st.stm32cube.ide.mcu.externaltools.gnu-tools-for-stm32.9-2020-q2-update.win32_2.0.0.202105311346/tools/bin/../lib/gcc/arm-none-eabi/9.3.1/../../../../arm-none-eabi/lib/thumb/v7e-m+fp/hard\libc_nano.a(lib_a-init.o)
                              c:/st/stm32cubeide_1.7.0/stm32cubeide/plugins/com.st.stm32cube.ide.mcu.externaltools.gnu-tools-for-stm32.9-2020-q2-update.win32_2.0.0.202105311346/tools/bin/../lib/gcc/arm-none-eabi/9.3.1/../../../../arm-none-eabi/lib/thumb/v7e-m+fp/hard/crt0.o (__libc_init_array)
c:/st/stm32cubeide_1.7.0/stm32cubeide/plugins/com.st.stm32cube.ide.mcu.externaltools.gnu-tools-for-stm32.9-2020-q2-update.win32_2.0.0.202105311346/tools/bin/../lib/gcc/arm-none-eabi/9.3.1/../../../../arm-none-eabi/lib/thumb/v7e-m+fp/hard\libc_nano.a(lib_a-itoa.o)
                              ./Src/Sensor_task.o (itoa)
c:/st/stm32cubeide_1.7.0/stm32cubeide/plugins/com.st.stm32cube.ide.mcu.externaltools.gnu-tools-for-stm32.9-2020-q2-update.win32_2.0.0.202105311346/tools/bin/../lib/gcc/arm-none-eabi/9.3.1/../../../../arm-none-eabi/lib/thumb/v7e-m+fp/hard\libc_nano.a(lib_a-lock.o)
                              c:/st/stm32cubeide_1.7.0/stm32cubeide/plugins/com.st.stm32cube.ide.mcu.externaltools.gnu-tools-for-stm32.9-2020-q2-update.win32_2.0.0.202105311346/tools/bin/../lib/gcc/arm-none-eabi/9.3.1/../../../../arm-none-eabi/lib/thumb/v7e-m+fp/hard\libc_nano.a(lib_a-findfp.o) (__retarget_lock_init_recursive)
c:/st/stm32cubeide_1.7.0/stm32cubeide/plugins/com.st.stm32cube.ide.mcu.externaltools.gnu-tools-for-stm32.9-2020-q2-update.win32_2.0.0.202105311346/tools/bin/../lib/gcc/arm-none-eabi/9.3.1/../../../../arm-none-eabi/lib/thumb/v7e-m+fp/hard\libc_nano.a(lib_a-memcpy-stub.o)
                              ./Middlewares/Third_Party/FreeRTOS/Source/CMSIS_RTOS_V2/cmsis_os2.o (memcpy)
c:/st/stm32cubeide_1.7.0/stm32cubeide/plugins/com.st.stm32cube.ide.mcu.externaltools.gnu-tools-for-stm32.9-2020-q2-update.win32_2.0.0.202105311346/tools/bin/../lib/gcc/arm-none-eabi/9.3.1/../../../../arm-none-eabi/lib/thumb/v7e-m+fp/hard\libc_nano.a(lib_a-memset.o)
[...]
Memory Configuration

Name             Origin             Length             Attributes
FLASH            0x0000000008000000 0x0000000000080000 xr
CCMRAM           0x0000000010000000 0x0000000000010000 xrw
RAM              0x0000000020000000 0x0000000000020000 xrw
*default*        0x0000000000000000 0xffffffffffffffff

Linker script and memory map

LOAD c:/st/stm32cubeide_1.7.0/stm32cubeide/plugins/com.st.stm32cube.ide.mcu.externaltools.gnu-tools-for-stm32.9-2020-q2-update.win32_2.0.0.202105311346/tools/bin/../lib/gcc/arm-none-eabi/9.3.1/thumb/v7e-m+fp/hard/crti.o
LOAD c:/st/stm32cubeide_1.7.0/stm32cubeide/plugins/com.st.stm32cube.ide.mcu.externaltools.gnu-tools-for-stm32.9-2020-q2-update.win32_2.0.0.202105311346/tools/bin/../lib/gcc/arm-none-eabi/9.3.1/thumb/v7e-m+fp/hard/crtbegin.o
LOAD c:/st/stm32cubeide_1.7.0/stm32cubeide/plugins/com.st.stm32cube.ide.mcu.externaltools.gnu-tools-for-stm32.9-2020-q2-update.win32_2.0.0.202105311346/tools/bin/../lib/gcc/arm-none-eabi/9.3.1/../../../../arm-none-eabi/lib/thumb/v7e-m+fp/hard/crt0.o
LOAD ./Drivers/STM32F4xx_HAL_Driver/Src/stm32f4xx_hal.o
LOAD ./Drivers/STM32F4xx_HAL_Driver/Src/stm32f4xx_hal_adc.o
LOAD ./Drivers/STM32F4xx_HAL_Driver/Src/stm32f4xx_hal_adc_ex.o
LOAD ./Drivers/STM32F4xx_HAL_Driver/Src/stm32f4xx_hal_can.o
LOAD ./Drivers/STM32F4xx_HAL_Driver/Src/stm32f4xx_hal_cortex.o
LOAD ./Drivers/STM32F4xx_HAL_Driver/Src/stm32f4xx_hal_crc.o
LOAD ./Drivers/STM32F4xx_HAL_Driver/Src/stm32f4xx_hal_dma.o
LOAD ./Drivers/STM32F4xx_HAL_Driver/Src/stm32f4xx_hal_dma_ex.o
LOAD ./Drivers/STM32F4xx_HAL_Driver/Src/stm32f4xx_hal_exti.o
LOAD ./Drivers/STM32F4xx_HAL_Driver/Src/stm32f4xx_hal_flash.o
LOAD ./Drivers/STM32F4xx_HAL_Driver/Src/stm32f4xx_hal_flash_ex.o
LOAD ./Drivers/STM32F4xx_HAL_Driver/Src/stm32f4xx_hal_flash_ramfunc.o
LOAD ./Drivers/STM32F4xx_HAL_Driver/Src/stm32f4xx_hal_gpio.o
LOAD ./Drivers/STM32F4xx_HAL_Driver/Src/stm32f4xx_hal_pwr.o
LOAD ./Drivers/STM32F4xx_HAL_Driver/Src/stm32f4xx_hal_pwr_ex.o
LOAD ./Drivers/STM32F4xx_HAL_Driver/Src/stm32f4xx_hal_rcc.o
LOAD ./Drivers/STM32F4xx_HAL_Driver/Src/stm32f4xx_hal_rcc_ex.o
LOAD ./Drivers/STM32F4xx_HAL_Driver/Src/stm32f4xx_hal_spi.o
LOAD ./Drivers/STM32F4xx_HAL_Driver/Src/stm32f4xx_hal_sram.o
LOAD ./Drivers/STM32F4xx_HAL_Driver/Src/stm32f4xx_hal_tim.o
LOAD ./Drivers/STM32F4xx_HAL_Driver/Src/stm32f4xx_hal_tim_ex.o
LOAD ./Drivers/STM32F4xx_HAL_Driver/Src/stm32f4xx_hal_uart.o
LOAD ./Drivers/STM32F4xx_HAL_Driver/Src/stm32f4xx_ll_adc.o
LOAD ./Drivers/STM32F4xx_HAL_Driver/Src/stm32f4xx_ll_fsmc.o
LOAD ./Middlewares/Third_Party/FreeRTOS/Source/CMSIS_RTOS_V2/cmsis_os2.o
LOAD ./Middlewares/Third_Party/FreeRTOS/Source/croutine.o
LOAD ./Middlewares/Third_Party/FreeRTOS/Source/event_groups.o
LOAD ./Middlewares/Third_Party/FreeRTOS/Source/list.o
LOAD ./Middlewares/Third_Party/FreeRTOS/Source/queue.o
LOAD ./Middlewares/Third_Party/FreeRTOS/Source/stream_buffer.o
LOAD ./Middlewares/Third_Party/FreeRTOS/Source/tasks.o
LOAD ./Middlewares/Third_Party/FreeRTOS/Source/timers.o
LOAD ./Middlewares/Third_Party/FreeRTOS/Source/portable/GCC/ARM_CM4F/port.o
LOAD ./Middlewares/Third_Party/FreeRTOS/Source/portable/MemMang/heap_5.o
LOAD ./Middlewares/Third_Party/lvgl/porting/lv_port_disp_template.o
LOAD ./Middlewares/Third_Party/lvgl/porting/lv_port_fs_template.o
LOAD ./Middlewares/Third_Party/lvgl/porting/lv_port_indev_template.o
LOAD ./Middlewares/Third_Party/lvgl/src/lv_core/lv_debug.o
LOAD ./Middlewares/Third_Party/lvgl/src/lv_core/lv_disp.o
LOAD ./Middlewares/Third_Party/lvgl/src/lv_core/lv_group.o
LOAD ./Middlewares/Third_Party/lvgl/src/lv_core/lv_indev.o
LOAD ./Middlewares/Third_Party/lvgl/src/lv_core/lv_obj.o
LOAD ./Middlewares/Third_Party/lvgl/src/lv_core/lv_refr.o
LOAD ./Middlewares/Third_Party/lvgl/src/lv_core/lv_style.o
LOAD ./Middlewares/Third_Party/lvgl/src/lv_draw/lv_draw_arc.o
LOAD ./Middlewares/Third_Party/lvgl/src/lv_draw/lv_draw_blend.o
LOAD ./Middlewares/Third_Party/lvgl/src/lv_draw/lv_draw_img.o
LOAD ./Middlewares/Third_Party/lvgl/src/lv_draw/lv_draw_label.o
LOAD ./Middlewares/Third_Party/lvgl/src/lv_draw/lv_draw_line.o
LOAD ./Middlewares/Third_Party/lvgl/src/lv_draw/lv_draw_mask.o
LOAD ./Middlewares/Third_Party/lvgl/src/lv_draw/lv_draw_rect.o
LOAD ./Middlewares/Third_Party/lvgl/src/lv_draw/lv_draw_triangle.o
LOAD ./Middlewares/Third_Party/lvgl/src/lv_draw/lv_img_buf.o
LOAD ./Middlewares/Third_Party/lvgl/src/lv_draw/lv_img_cache.o
LOAD ./Middlewares/Third_Party/lvgl/src/lv_draw/lv_img_decoder.o
LOAD ./Middlewares/Third_Party/lvgl/src/lv_font/CNSans_14.o
LOAD ./Middlewares/Third_Party/lvgl/src/lv_font/CNSans_16.o
LOAD ./Middlewares/Third_Party/lvgl/src/lv_font/CNSans_18.o
LOAD ./Middlewares/Third_Party/lvgl/src/lv_font/CNSans_24.o
LOAD ./Middlewares/Third_Party/lvgl/src/lv_font/font_montserrat_24_tiny.o
LOAD ./Middlewares/Third_Party/lvgl/src/lv_font/font_montserrat_48_tiny.o
LOAD ./Middlewares/Third_Party/lvgl/src/lv_font/lv_font.o
LOAD ./Middlewares/Third_Party/lvgl/src/lv_font/lv_font_dejavu_16_persian_hebrew.o
LOAD ./Middlewares/Third_Party/lvgl/src/lv_font/lv_font_fmt_txt.o
LOAD ./Middlewares/Third_Party/lvgl/src/lv_font/lv_font_montserrat_12.o
LOAD ./Middlewares/Third_Party/lvgl/src/lv_font/lv_font_montserrat_12_subpx.o
LOAD ./Middlewares/Third_Party/lvgl/src/lv_font/lv_font_montserrat_14.o
LOAD ./Middlewares/Third_Party/lvgl/src/lv_font/lv_font_montserrat_16.o
LOAD ./Middlewares/Third_Party/lvgl/src/lv_font/lv_font_montserrat_18.o
LOAD ./Middlewares/Third_Party/lvgl/src/lv_font/lv_font_montserrat_20.o
LOAD ./Middlewares/Third_Party/lvgl/src/lv_font/lv_font_montserrat_22.o
LOAD ./Middlewares/Third_Party/lvgl/src/lv_font/lv_font_montserrat_24.o
LOAD ./Middlewares/Third_Party/lvgl/src/lv_font/lv_font_montserrat_26.o
LOAD ./Middlewares/Third_Party/lvgl/src/lv_font/lv_font_montserrat_28.o
LOAD ./Middlewares/Third_Party/lvgl/src/lv_font/lv_font_montserrat_28_compressed.o
LOAD ./Middlewares/Third_Party/lvgl/src/lv_font/lv_font_montserrat_30.o
LOAD ./Middlewares/Third_Party/lvgl/src/lv_font/lv_font_montserrat_32.o
LOAD ./Middlewares/Third_Party/lvgl/src/lv_font/lv_font_montserrat_34.o
LOAD ./Middlewares/Third_Party/lvgl/src/lv_font/lv_font_montserrat_36.o
LOAD ./Middlewares/Third_Party/lvgl/src/lv_font/lv_font_montserrat_38.o
LOAD ./Middlewares/Third_Party/lvgl/src/lv_font/lv_font_montserrat_40.o
LOAD ./Middlewares/Third_Party/lvgl/src/lv_font/lv_font_montserrat_42.o
LOAD ./Middlewares/Third_Party/lvgl/src/lv_font/lv_font_montserrat_44.o
LOAD ./Middlewares/Third_Party/lvgl/src/lv_font/lv_font_montserrat_46.o
LOAD ./Middlewares/Third_Party/lvgl/src/lv_font/lv_font_montserrat_48.o
LOAD ./Middlewares/Third_Party/lvgl/src/lv_font/lv_font_simsun_16_cjk.o
LOAD ./Middlewares/Third_Party/lvgl/src/lv_font/lv_font_unscii_8.o
LOAD ./Middlewares/Third_Party/lvgl/src/lv_gpu/lv_gpu_stm32_dma2d.o
LOAD ./Middlewares/Third_Party/lvgl/src/lv_hal/lv_hal_disp.o
LOAD ./Middlewares/Third_Party/lvgl/src/lv_hal/lv_hal_indev.o
LOAD ./Middlewares/Third_Party/lvgl/src/lv_hal/lv_hal_tick.o
LOAD ./Middlewares/Third_Party/lvgl/src/lv_misc/lv_anim.o
LOAD ./Middlewares/Third_Party/lvgl/src/lv_misc/lv_area.o
LOAD ./Middlewares/Third_Party/lvgl/src/lv_misc/lv_async.o
LOAD ./Middlewares/Third_Party/lvgl/src/lv_misc/lv_bidi.o
LOAD ./Middlewares/Third_Party/lvgl/src/lv_misc/lv_color.o
LOAD ./Middlewares/Third_Party/lvgl/src/lv_misc/lv_fs.o
LOAD ./Middlewares/Third_Party/lvgl/src/lv_misc/lv_gc.o
LOAD ./Middlewares/Third_Party/lvgl/src/lv_misc/lv_ll.o
LOAD ./Middlewares/Third_Party/lvgl/src/lv_misc/lv_log.o
LOAD ./Middlewares/Third_Party/lvgl/src/lv_misc/lv_math.o
LOAD ./Middlewares/Third_Party/lvgl/src/lv_misc/lv_mem.o
LOAD ./Middlewares/Third_Party/lvgl/src/lv_misc/lv_printf.o
LOAD ./Middlewares/Third_Party/lvgl/src/lv_misc/lv_task.o
LOAD ./Middlewares/Third_Party/lvgl/src/lv_misc/lv_templ.o
LOAD ./Middlewares/Third_Party/lvgl/src/lv_misc/lv_txt.o
LOAD ./Middlewares/Third_Party/lvgl/src/lv_misc/lv_txt_ap.o
LOAD ./Middlewares/Third_Party/lvgl/src/lv_misc/lv_utils.o
LOAD ./Middlewares/Third_Party/lvgl/src/lv_themes/lv_theme.o
LOAD ./Middlewares/Third_Party/lvgl/src/lv_themes/lv_theme_empty.o
LOAD ./Middlewares/Third_Party/lvgl/src/lv_themes/lv_theme_material.o
LOAD ./Middlewares/Third_Party/lvgl/src/lv_themes/lv_theme_mono.o
LOAD ./Middlewares/Third_Party/lvgl/src/lv_themes/lv_theme_template.o
LOAD ./Middlewares/Third_Party/lvgl/src/lv_widgets/lv_arc.o
LOAD ./Middlewares/Third_Party/lvgl/src/lv_widgets/lv_bar.o
LOAD ./Middlewares/Third_Party/lvgl/src/lv_widgets/lv_btn.o
LOAD ./Middlewares/Third_Party/lvgl/src/lv_widgets/lv_btnmatrix.o
LOAD ./Middlewares/Third_Party/lvgl/src/lv_widgets/lv_calendar.o
LOAD ./Middlewares/Third_Party/lvgl/src/lv_widgets/lv_canvas.o
LOAD ./Middlewares/Third_Party/lvgl/src/lv_widgets/lv_chart.o
LOAD ./Middlewares/Third_Party/lvgl/src/lv_widgets/lv_checkbox.o
LOAD ./Middlewares/Third_Party/lvgl/src/lv_widgets/lv_cont.o
LOAD ./Middlewares/Third_Party/lvgl/src/lv_widgets/lv_cpicker.o
LOAD ./Middlewares/Third_Party/lvgl/src/lv_widgets/lv_dropdown.o
LOAD ./Middlewares/Third_Party/lvgl/src/lv_widgets/lv_gauge.o
LOAD ./Middlewares/Third_Party/lvgl/src/lv_widgets/lv_img.o
LOAD ./Middlewares/Third_Party/lvgl/src/lv_widgets/lv_imgbtn.o
LOAD ./Middlewares/Third_Party/lvgl/src/lv_widgets/lv_keyboard.o
LOAD ./Middlewares/Third_Party/lvgl/src/lv_widgets/lv_label.o
LOAD ./Middlewares/Third_Party/lvgl/src/lv_widgets/lv_led.o
LOAD ./Middlewares/Third_Party/lvgl/src/lv_widgets/lv_line.o
LOAD ./Middlewares/Third_Party/lvgl/src/lv_widgets/lv_linemeter.o
LOAD ./Middlewares/Third_Party/lvgl/src/lv_widgets/lv_list.o
LOAD ./Middlewares/Third_Party/lvgl/src/lv_widgets/lv_msgbox.o
LOAD ./Middlewares/Third_Party/lvgl/src/lv_widgets/lv_objmask.o
LOAD ./Middlewares/Third_Party/lvgl/src/lv_widgets/lv_objx_templ.o
LOAD ./Middlewares/Third_Party/lvgl/src/lv_widgets/lv_page.o
LOAD ./Middlewares/Third_Party/lvgl/src/lv_widgets/lv_roller.o
LOAD ./Middlewares/Third_Party/lvgl/src/lv_widgets/lv_slider.o
LOAD ./Middlewares/Third_Party/lvgl/src/lv_widgets/lv_spinbox.o
LOAD ./Middlewares/Third_Party/lvgl/src/lv_widgets/lv_spinner.o
LOAD ./Middlewares/Third_Party/lvgl/src/lv_widgets/lv_switch.o
LOAD ./Middlewares/Third_Party/lvgl/src/lv_widgets/lv_table.o
LOAD ./Middlewares/Third_Party/lvgl/src/lv_widgets/lv_tabview.o
LOAD ./Middlewares/Third_Party/lvgl/src/lv_widgets/lv_textarea.o
LOAD ./Middlewares/Third_Party/lvgl/src/lv_widgets/lv_tileview.o
LOAD ./Middlewares/Third_Party/lvgl/src/lv_widgets/lv_win.o
LOAD ./Middlewares/Third_Party/lvgl/tests/lv_test_assert.o
LOAD ./Middlewares/Third_Party/lvgl/tests/lv_test_main.o
LOAD ./Middlewares/Third_Party/lvgl/tests/lv_test_core/lv_test_core.o
LOAD ./Middlewares/Third_Party/lvgl/tests/lv_test_core/lv_test_obj.o
LOAD ./Middlewares/Third_Party/lvgl/tests/lv_test_core/lv_test_style.o
LOAD ./Middlewares/Third_Party/lvgl/tests/lv_test_objx/lv_test_cont.o
LOAD ./Src/ButtonDebouncer.o
LOAD ./Src/COM.o
LOAD ./Src/FS.o
LOAD ./Src/Flash_EEPROM.o
LOAD ./Src/I2C_EEPROM.o
LOAD ./Src/ICOM_CIV.o
LOAD ./Src/Kenwood.o
LOAD ./Src/LVGL_GUI.o
LOAD ./Src/LVGL_GUI_settings_scene.o
LOAD ./Src/LVGL_items.o
LOAD ./Src/MultiLinearValueMapper.o
LOAD ./Src/NTC.o
LOAD ./Src/R61408.o
LOAD ./Src/RadioTypes.o
LOAD ./Src/RotEnc.o
LOAD ./Src/Sensor_task.o
LOAD ./Src/SoftPWMDriver.o
LOAD ./Src/SoftUART.o
LOAD ./Src/Yaesu.o
LOAD ./Src/fan.o
LOAD ./Src/freertos.o
LOAD ./Src/main.o
LOAD ./Src/peak_detector.o
LOAD ./Src/persistent.o
LOAD ./Src/stm32f4xx_hal_msp.o
LOAD ./Src/stm32f4xx_hal_timebase_tim.o
LOAD ./Src/stm32f4xx_it.o
LOAD ./Src/syscalls.o
LOAD ./Src/sysmem.o
LOAD ./Src/system_stm32f4xx.o
LOAD ./Src/touch_HR2046.o
LOAD ./Startup/startup_stm32f407vetx.o
START GROUP
LOAD c:/st/stm32cubeide_1.7.0/stm32cubeide/plugins/com.st.stm32cube.ide.mcu.externaltools.gnu-tools-for-stm32.9-2020-q2-update.win32_2.0.0.202105311346/tools/bin/../lib/gcc/arm-none-eabi/9.3.1/../../../../arm-none-eabi/lib/thumb/v7e-m+fp/hard\libc_nano.a
LOAD c:/st/stm32cubeide_1.7.0/stm32cubeide/plugins/com.st.stm32cube.ide.mcu.externaltools.gnu-tools-for-stm32.9-2020-q2-update.win32_2.0.0.202105311346/tools/bin/../lib/gcc/arm-none-eabi/9.3.1/../../../../arm-none-eabi/lib/thumb/v7e-m+fp/hard\libm.a
END GROUP
START GROUP
LOAD c:/st/stm32cubeide_1.7.0/stm32cubeide/plugins/com.st.stm32cube.ide.mcu.externaltools.gnu-tools-for-stm32.9-2020-q2-update.win32_2.0.0.202105311346/tools/bin/../lib/gcc/arm-none-eabi/9.3.1/thumb/v7e-m+fp/hard\libgcc.a
LOAD c:/st/stm32cubeide_1.7.0/stm32cubeide/plugins/com.st.stm32cube.ide.mcu.externaltools.gnu-tools-for-stm32.9-2020-q2-update.win32_2.0.0.202105311346/tools/bin/../lib/gcc/arm-none-eabi/9.3.1/../../../../arm-none-eabi/lib/thumb/v7e-m+fp/hard\libc_nano.a
END GROUP
START GROUP
LOAD c:/st/stm32cubeide_1.7.0/stm32cubeide/plugins/com.st.stm32cube.ide.mcu.externaltools.gnu-tools-for-stm32.9-2020-q2-update.win32_2.0.0.202105311346/tools/bin/../lib/gcc/arm-none-eabi/9.3.1/thumb/v7e-m+fp/hard\libgcc.a
LOAD c:/st/stm32cubeide_1.7.0/stm32cubeide/plugins/com.st.stm32cube.ide.mcu.externaltools.gnu-tools-for-stm32.9-2020-q2-update.win32_2.0.0.202105311346/tools/bin/../lib/gcc/arm-none-eabi/9.3.1/../../../../arm-none-eabi/lib/thumb/v7e-m+fp/hard\libc_nano.a
LOAD c:/st/stm32cubeide_1.7.0/stm32cubeide/plugins/com.st.stm32cube.ide.mcu.externaltools.gnu-tools-for-stm32.9-2020-q2-update.win32_2.0.0.202105311346/tools/bin/../lib/gcc/arm-none-eabi/9.3.1/../../../../arm-none-eabi/lib/thumb/v7e-m+fp/hard\libnosys.a
END GROUP
START GROUP
LOAD c:/st/stm32cubeide_1.7.0/stm32cubeide/plugins/com.st.stm32cube.ide.mcu.externaltools.gnu-tools-for-stm32.9-2020-q2-update.win32_2.0.0.202105311346/tools/bin/../lib/gcc/arm-none-eabi/9.3.1/thumb/v7e-m+fp/hard\libgcc.a
LOAD c:/st/stm32cubeide_1.7.0/stm32cubeide/plugins/com.st.stm32cube.ide.mcu.externaltools.gnu-tools-for-stm32.9-2020-q2-update.win32_2.0.0.202105311346/tools/bin/../lib/gcc/arm-none-eabi/9.3.1/../../../../arm-none-eabi/lib/thumb/v7e-m+fp/hard\libc_nano.a
LOAD c:/st/stm32cubeide_1.7.0/stm32cubeide/plugins/com.st.stm32cube.ide.mcu.externaltools.gnu-tools-for-stm32.9-2020-q2-update.win32_2.0.0.202105311346/tools/bin/../lib/gcc/arm-none-eabi/9.3.1/../../../../arm-none-eabi/lib/thumb/v7e-m+fp/hard\libnosys.a
END GROUP
LOAD c:/st/stm32cubeide_1.7.0/stm32cubeide/plugins/com.st.stm32cube.ide.mcu.externaltools.gnu-tools-for-stm32.9-2020-q2-update.win32_2.0.0.202105311346/tools/bin/../lib/gcc/arm-none-eabi/9.3.1/thumb/v7e-m+fp/hard/crtend.o
LOAD c:/st/stm32cubeide_1.7.0/stm32cubeide/plugins/com.st.stm32cube.ide.mcu.externaltools.gnu-tools-for-stm32.9-2020-q2-update.win32_2.0.0.202105311346/tools/bin/../lib/gcc/arm-none-eabi/9.3.1/thumb/v7e-m+fp/hard/crtn.o
                0x000000002001ffff                _estack = 0x2001ffff
                0x0000000000000100                _Min_Heap_Size = 0x100
                0x0000000000000200                _Min_Stack_Size = 0x200

.isr_vector     0x0000000008000000      0x188
                0x0000000008000000                . = ALIGN (0x4)
 *(.isr_vector)
 .isr_vector    0x0000000008000000      0x188 ./Startup/startup_stm32f407vetx.o
                0x0000000008000000                g_pfnVectors
                0x0000000008000188                . = ALIGN (0x4)

.text           0x0000000008000190    0x25444
                0x0000000008000190                . = ALIGN (0x4)
 *(.text)
 .text          0x0000000008000190       0x40 c:/st/stm32cubeide_1.7.0/stm32cubeide/plugins/com.st.stm32cube.ide.mcu.externaltools.gnu-tools-for-stm32.9-2020-q2-update.win32_2.0.0.202105311346/tools/bin/../lib/gcc/arm-none-eabi/9.3.1/thumb/v7e-m+fp/hard/crtbegin.o
 .text          0x00000000080001d0       0x14 c:/st/stm32cubeide_1.7.0/stm32cubeide/plugins/com.st.stm32cube.ide.mcu.externaltools.gnu-tools-for-stm32.9-2020-q2-update.win32_2.0.0.202105311346/tools/bin/../lib/gcc/arm-none-eabi/9.3.1/../../../../arm-none-eabi/lib/thumb/v7e-m+fp/hard\libc_nano.a(lib_a-strcmp.o)
                0x00000000080001d0                strcmp
 .text          0x00000000080001e4       0x10 c:/st/stm32cubeide_1.7.0/stm32cubeide/plugins/com.st.stm32cube.ide.mcu.externaltools.gnu-tools-for-stm32.9-2020-q2-update.win32_2.0.0.202105311346/tools/bin/../lib/gcc/arm-none-eabi/9.3.1/../../../../arm-none-eabi/lib/thumb/v7e-m+fp/hard\libc_nano.a(lib_a-strlen.o)
                0x00000000080001e4                strlen
 .text          0x00000000080001f4      0x378 c:/st/stm32cubeide_1.7.0/stm32cubeide/plugins/com.st.stm32cube.ide.mcu.externaltools.gnu-tools-for-stm32.9-2020-q2-update.win32_2.0.0.202105311346/tools/bin/../lib/gcc/arm-none-eabi/9.3.1/thumb/v7e-m+fp/hard\libgcc.a(_arm_addsubdf3.o)
                0x00000000080001f4                __aeabi_drsub
                0x00000000080001fc                __aeabi_dsub
                0x00000000080001fc                __subdf3
                0x0000000008000200                __aeabi_dadd
                0x0000000008000200                __adddf3
                0x0000000008000478                __floatunsidf
                0x0000000008000478                __aeabi_ui2d
                0x0000000008000498                __floatsidf
                0x0000000008000498                __aeabi_i2d
                0x00000000080004bc                __aeabi_f2d
                0x00000000080004bc                __extendsfdf2
                0x0000000008000500                __floatundidf
                0x0000000008000500                __aeabi_ul2d
                0x0000000008000510                __floatdidf
                0x0000000008000510                __aeabi_l2d
 .text          0x000000000800056c      0x424 c:/st/stm32cubeide_1.7.0/stm32cubeide/plugins/com.st.stm32cube.ide.mcu.externaltools.gnu-tools-for-stm32.9-2020-q2-update.win32_2.0.0.202105311346/tools/bin/../lib/gcc/arm-none-eabi/9.3.1/thumb/v7e-m+fp/hard\libgcc.a(_arm_muldivdf3.o)
                0x000000000800056c                __aeabi_dmul
                0x000000000800056c                __muldf3
                0x00000000080007c0                __divdf3
                0x00000000080007c0                __aeabi_ddiv
 .text          0x0000000008000990       0x50 c:/st/stm32cubeide_1.7.0/stm32cubeide/plugins/com.st.stm32cube.ide.mcu.externaltools.gnu-tools-for-stm32.9-2020-q2-update.win32_2.0.0.202105311346/tools/bin/../lib/gcc/arm-none-eabi/9.3.1/thumb/v7e-m+fp/hard\libgcc.a(_arm_fixdfsi.o)
                0x0000000008000990                __aeabi_d2iz
                0x0000000008000990                __fixdfsi
 .text          0x00000000080009e0       0xa0 c:/st/stm32cubeide_1.7.0/stm32cubeide/plugins/com.st.stm32cube.ide.mcu.externaltools.gnu-tools-for-stm32.9-2020-q2-update.win32_2.0.0.202105311346/tools/bin/../lib/gcc/arm-none-eabi/9.3.1/thumb/v7e-m+fp/hard\libgcc.a(_arm_truncdfsf2.o)
                0x00000000080009e0                __truncdfsf2
                0x00000000080009e0                __aeabi_d2f
 .text          0x0000000008000a80       0xa0 c:/st/stm32cubeide_1.7.0/stm32cubeide/plugins/com.st.stm32cube.ide.mcu.externaltools.gnu-tools-for-stm32.9-2020-q2-update.win32_2.0.0.202105311346/tools/bin/../lib/gcc/arm-none-eabi/9.3.1/thumb/v7e-m+fp/hard\libgcc.a(_aeabi_ldivmod.o)
                0x0000000008000a80                __aeabi_ldivmod
 .text          0x0000000008000b20       0x30 c:/st/stm32cubeide_1.7.0/stm32cubeide/plugins/com.st.stm32cube.ide.mcu.externaltools.gnu-tools-for-stm32.9-2020-q2-update.win32_2.0.0.202105311346/tools/bin/../lib/gcc/arm-none-eabi/9.3.1/thumb/v7e-m+fp/hard\libgcc.a(_aeabi_uldivmod.o)
                0x0000000008000b20                __aeabi_uldivmod
 .text          0x0000000008000b50      0x2c4 c:/st/stm32cubeide_1.7.0/stm32cubeide/plugins/com.st.stm32cube.ide.mcu.externaltools.gnu-tools-for-stm32.9-2020-q2-update.win32_2.0.0.202105311346/tools/bin/../lib/gcc/arm-none-eabi/9.3.1/thumb/v7e-m+fp/hard\libgcc.a(_udivmoddi4.o)
                0x0000000008000b50                __udivmoddi4
 .text          0x0000000008000e14        0x4 c:/st/stm32cubeide_1.7.0/stm32cubeide/plugins/com.st.stm32cube.ide.mcu.externaltools.gnu-tools-for-stm32.9-2020-q2-update.win32_2.0.0.202105311346/tools/bin/../lib/gcc/arm-none-eabi/9.3.1/thumb/v7e-m+fp/hard\libgcc.a(_dvmd_tls.o)
                0x0000000008000e14                __aeabi_idiv0
                0x0000000008000e14                __aeabi_ldiv0
 *(.text*)
 .text.HAL_Init
                0x0000000008000e18       0x34 ./Drivers/STM32F4xx_HAL_Driver/Src/stm32f4xx_hal.o
                0x0000000008000e18                HAL_Init
 .text.HAL_IncTick
                0x0000000008000e4c       0x18 ./Drivers/STM32F4xx_HAL_Driver/Src/stm32f4xx_hal.o
                0x0000000008000e4c                HAL_IncTick
 .text.HAL_GetTick
                0x0000000008000e64        0xc ./Drivers/STM32F4xx_HAL_Driver/Src/stm32f4xx_hal.o
                0x0000000008000e64                HAL_GetTick
 .text.HAL_Delay
                0x0000000008000e70       0x24 ./Drivers/STM32F4xx_HAL_Driver/Src/stm32f4xx_hal.o
                0x0000000008000e70                HAL_Delay
 .text.HAL_ADC_Init
                0x0000000008000e94      0x15c ./Drivers/STM32F4xx_HAL_Driver/Src/stm32f4xx_hal_adc.o
                0x0000000008000e94                HAL_ADC_Init
 .text.HAL_ADC_Start_DMA
                0x0000000008000ff0      0x168 ./Drivers/STM32F4xx_HAL_Driver/Src/stm32f4xx_hal_adc.o
                0x0000000008000ff0                HAL_ADC_Start_DMA
 .text.HAL_ADC_ConvHalfCpltCallback
                0x0000000008001158        0x4 ./Drivers/STM32F4xx_HAL_Driver/Src/stm32f4xx_hal_adc.o
                0x0000000008001158                HAL_ADC_ConvHalfCpltCallback
 .text.ADC_DMAHalfConvCplt
                0x000000000800115c        0xc ./Drivers/STM32F4xx_HAL_Driver/Src/stm32f4xx_hal_adc.o
 .text.ADC_DMAError
                0x0000000008001168       0x18 ./Drivers/STM32F4xx_HAL_Driver/Src/stm32f4xx_hal_adc.o
 .text.ADC_DMAConvCplt
                0x0000000008001180       0x6c ./Drivers/STM32F4xx_HAL_Driver/Src/stm32f4xx_hal_adc.o
 .text.HAL_ADC_ConfigChannel
                0x00000000080011ec      0x150 ./Drivers/STM32F4xx_HAL_Driver/Src/stm32f4xx_hal_adc.o
                0x00000000080011ec                HAL_ADC_ConfigChannel
 .text.HAL_CAN_Init
                0x000000000800133c      0x104 ./Drivers/STM32F4xx_HAL_Driver/Src/stm32f4xx_hal_can.o
                0x000000000800133c                HAL_CAN_Init
 .text.HAL_NVIC_SetPriorityGrouping
                0x0000000008001440       0x28 ./Drivers/STM32F4xx_HAL_Driver/Src/stm32f4xx_hal_cortex.o
                0x0000000008001440                HAL_NVIC_SetPriorityGrouping
 .text.HAL_NVIC_SetPriority
                0x0000000008001468       0x70 ./Drivers/STM32F4xx_HAL_Driver/Src/stm32f4xx_hal_cortex.o
                0x0000000008001468                HAL_NVIC_SetPriority
 .text.HAL_NVIC_EnableIRQ
                0x00000000080014d8       0x1c ./Drivers/STM32F4xx_HAL_Driver/Src/stm32f4xx_hal_cortex.o
                0x00000000080014d8                HAL_NVIC_EnableIRQ
 .text.HAL_NVIC_DisableIRQ
                0x00000000080014f4       0x28 ./Drivers/STM32F4xx_HAL_Driver/Src/stm32f4xx_hal_cortex.o
                0x00000000080014f4                HAL_NVIC_DisableIRQ
 .text.HAL_CRC_Init
                0x000000000800151c       0x28 ./Drivers/STM32F4xx_HAL_Driver/Src/stm32f4xx_hal_crc.o
                0x000000000800151c                HAL_CRC_Init
 .text.HAL_DMA_Init
                0x0000000008001544      0x134 ./Drivers/STM32F4xx_HAL_Driver/Src/stm32f4xx_hal_dma.o
                0x0000000008001544                HAL_DMA_Init
 .text.HAL_DMA_Start_IT
                0x0000000008001678       0x7c ./Drivers/STM32F4xx_HAL_Driver/Src/stm32f4xx_hal_dma.o
                0x0000000008001678                HAL_DMA_Start_IT
 .text.HAL_DMA_Abort
                0x00000000080016f4       0x90 ./Drivers/STM32F4xx_HAL_Driver/Src/stm32f4xx_hal_dma.o
                0x00000000080016f4                HAL_DMA_Abort
 .text.HAL_DMA_Abort_IT
                0x0000000008001784       0x24 ./Drivers/STM32F4xx_HAL_Driver/Src/stm32f4xx_hal_dma.o
                0x0000000008001784                HAL_DMA_Abort_IT
 .text.HAL_DMA_IRQHandler
                0x00000000080017a8      0x1e0 ./Drivers/STM32F4xx_HAL_Driver/Src/stm32f4xx_hal_dma.o
                0x00000000080017a8                HAL_DMA_IRQHandler
 .text.HAL_GPIO_Init
                0x0000000008001988      0x224 ./Drivers/STM32F4xx_HAL_Driver/Src/stm32f4xx_hal_gpio.o
                0x0000000008001988                HAL_GPIO_Init
 .text.HAL_GPIO_DeInit
                0x0000000008001bac      0x158 ./Drivers/STM32F4xx_HAL_Driver/Src/stm32f4xx_hal_gpio.o
                0x0000000008001bac                HAL_GPIO_DeInit
 .text.HAL_GPIO_ReadPin
                0x0000000008001d04        0xc ./Drivers/STM32F4xx_HAL_Driver/Src/stm32f4xx_hal_gpio.o
                0x0000000008001d04                HAL_GPIO_ReadPin
 .text.HAL_GPIO_WritePin
                0x0000000008001d10        0x8 ./Drivers/STM32F4xx_HAL_Driver/Src/stm32f4xx_hal_gpio.o
                0x0000000008001d10                HAL_GPIO_WritePin
 .text.HAL_GPIO_EXTI_IRQHandler
                0x0000000008001d18       0x18 ./Drivers/STM32F4xx_HAL_Driver/Src/stm32f4xx_hal_gpio.o
                0x0000000008001d18                HAL_GPIO_EXTI_IRQHandler
 .text.HAL_RCC_OscConfig
                0x0000000008001d30      0x3cc ./Drivers/STM32F4xx_HAL_Driver/Src/stm32f4xx_hal_rcc.o
                0x0000000008001d30                HAL_RCC_OscConfig
 .text.HAL_RCC_GetSysClockFreq
                0x00000000080020fc       0x6c ./Drivers/STM32F4xx_HAL_Driver/Src/stm32f4xx_hal_rcc.o
                0x00000000080020fc                HAL_RCC_GetSysClockFreq
 .text.HAL_RCC_ClockConfig
                0x0000000008002168      0x13c ./Drivers/STM32F4xx_HAL_Driver/Src/stm32f4xx_hal_rcc.o
                0x0000000008002168                HAL_RCC_ClockConfig
 .text.HAL_RCC_GetPCLK1Freq
                0x00000000080022a4       0x20 ./Drivers/STM32F4xx_HAL_Driver/Src/stm32f4xx_hal_rcc.o
                0x00000000080022a4                HAL_RCC_GetPCLK1Freq
 .text.HAL_RCC_GetPCLK2Freq
                0x00000000080022c4       0x20 ./Drivers/STM32F4xx_HAL_Driver/Src/stm32f4xx_hal_rcc.o
                0x00000000080022c4                HAL_RCC_GetPCLK2Freq
 .text.HAL_RCC_GetClockConfig
                0x00000000080022e4       0x44 ./Drivers/STM32F4xx_HAL_Driver/Src/stm32f4xx_hal_rcc.o
                0x00000000080022e4                HAL_RCC_GetClockConfig
 .text.SPI_WaitFlagStateUntilTimeout.constprop.0
                0x0000000008002328       0xbc ./Drivers/STM32F4xx_HAL_Driver/Src/stm32f4xx_hal_spi.o
 .text.SPI_EndRxTxTransaction
                0x00000000080023e4       0x64 ./Drivers/STM32F4xx_HAL_Driver/Src/stm32f4xx_hal_spi.o
 .text.HAL_SPI_Init
                0x0000000008002448       0xc0 ./Drivers/STM32F4xx_HAL_Driver/Src/stm32f4xx_hal_spi.o
                0x0000000008002448                HAL_SPI_Init
 .text.HAL_SPI_Transmit
                0x0000000008002508      0x180 ./Drivers/STM32F4xx_HAL_Driver/Src/stm32f4xx_hal_spi.o
                0x0000000008002508                HAL_SPI_Transmit
 .text.HAL_SPI_TransmitReceive
                0x0000000008002688      0x1fc ./Drivers/STM32F4xx_HAL_Driver/Src/stm32f4xx_hal_spi.o
                0x0000000008002688                HAL_SPI_TransmitReceive
 .text.HAL_SRAM_Init
                0x0000000008002884       0x58 ./Drivers/STM32F4xx_HAL_Driver/Src/stm32f4xx_hal_sram.o
                0x0000000008002884                HAL_SRAM_Init
 .text.TIM_OC1_SetConfig
                0x00000000080028dc       0x60 ./Drivers/STM32F4xx_HAL_Driver/Src/stm32f4xx_hal_tim.o
 .text.TIM_OC3_SetConfig
                0x000000000800293c       0x64 ./Drivers/STM32F4xx_HAL_Driver/Src/stm32f4xx_hal_tim.o
 .text.TIM_OC4_SetConfig
                0x00000000080029a0       0x54 ./Drivers/STM32F4xx_HAL_Driver/Src/stm32f4xx_hal_tim.o
 .text.HAL_TIM_Base_Start_IT
                0x00000000080029f4       0x78 ./Drivers/STM32F4xx_HAL_Driver/Src/stm32f4xx_hal_tim.o
                0x00000000080029f4                HAL_TIM_Base_Start_IT
 .text.HAL_TIM_Base_Stop_IT
                0x0000000008002a6c       0x30 ./Drivers/STM32F4xx_HAL_Driver/Src/stm32f4xx_hal_tim.o
                0x0000000008002a6c                HAL_TIM_Base_Stop_IT
 .text.HAL_TIM_OC_Start
                0x0000000008002a9c       0xe0 ./Drivers/STM32F4xx_HAL_Driver/Src/stm32f4xx_hal_tim.o
                0x0000000008002a9c                HAL_TIM_OC_Start
 .text.HAL_TIM_PWM_MspInit
                0x0000000008002b7c        0x4 ./Drivers/STM32F4xx_HAL_Driver/Src/stm32f4xx_hal_tim.o
                0x0000000008002b7c                HAL_TIM_PWM_MspInit
 .text.HAL_TIM_PWM_Start
                0x0000000008002b80        0x4 ./Drivers/STM32F4xx_HAL_Driver/Src/stm32f4xx_hal_tim.o
                0x0000000008002b80                HAL_TIM_PWM_Start
 .text.HAL_TIM_ConfigClockSource
                0x0000000008002b84      0x160 ./Drivers/STM32F4xx_HAL_Driver/Src/stm32f4xx_hal_tim.o
                0x0000000008002b84                HAL_TIM_ConfigClockSource
 .text.HAL_TIM_OC_DelayElapsedCallback
                0x0000000008002ce4        0x4 ./Drivers/STM32F4xx_HAL_Driver/Src/stm32f4xx_hal_tim.o
                0x0000000008002ce4                HAL_TIM_OC_DelayElapsedCallback
 .text.HAL_TIM_IC_CaptureCallback
                0x0000000008002ce8        0x4 ./Drivers/STM32F4xx_HAL_Driver/Src/stm32f4xx_hal_tim.o
                0x0000000008002ce8                HAL_TIM_IC_CaptureCallback
 .text.HAL_TIM_PWM_PulseFinishedCallback
                0x0000000008002cec        0x4 ./Drivers/STM32F4xx_HAL_Driver/Src/stm32f4xx_hal_tim.o
                0x0000000008002cec                HAL_TIM_PWM_PulseFinishedCallback
 .text.HAL_TIM_TriggerCallback
                0x0000000008002cf0        0x4 ./Drivers/STM32F4xx_HAL_Driver/Src/stm32f4xx_hal_tim.o
                0x0000000008002cf0                HAL_TIM_TriggerCallback
 .text.HAL_TIM_IRQHandler
                0x0000000008002cf4      0x154 ./Drivers/STM32F4xx_HAL_Driver/Src/stm32f4xx_hal_tim.o
                0x0000000008002cf4                HAL_TIM_IRQHandler
 .text.TIM_Base_SetConfig
                0x0000000008002e48       0xc4 ./Drivers/STM32F4xx_HAL_Driver/Src/stm32f4xx_hal_tim.o
                0x0000000008002e48                TIM_Base_SetConfig
 .text.HAL_TIM_Base_Init
                0x0000000008002f0c       0x5c ./Drivers/STM32F4xx_HAL_Driver/Src/stm32f4xx_hal_tim.o
                0x0000000008002f0c                HAL_TIM_Base_Init
 .text.HAL_TIM_PWM_Init
                0x0000000008002f68       0x5c ./Drivers/STM32F4xx_HAL_Driver/Src/stm32f4xx_hal_tim.o
                0x0000000008002f68                HAL_TIM_PWM_Init
 .text.TIM_OC2_SetConfig
                0x0000000008002fc4       0x64 ./Drivers/STM32F4xx_HAL_Driver/Src/stm32f4xx_hal_tim.o
                0x0000000008002fc4                TIM_OC2_SetConfig
 .text.HAL_TIM_PWM_ConfigChannel
                0x0000000008003028       0xcc ./Drivers/STM32F4xx_HAL_Driver/Src/stm32f4xx_hal_tim.o
                0x0000000008003028                HAL_TIM_PWM_ConfigChannel
 .text.HAL_TIMEx_MasterConfigSynchronization
                0x00000000080030f4       0x84 ./Drivers/STM32F4xx_HAL_Driver/Src/stm32f4xx_hal_tim_ex.o
                0x00000000080030f4                HAL_TIMEx_MasterConfigSynchronization
 .text.HAL_TIMEx_CommutCallback
                0x0000000008003178        0x4 ./Drivers/STM32F4xx_HAL_Driver/Src/stm32f4xx_hal_tim_ex.o
                0x0000000008003178                HAL_TIMEx_CommutCallback
 .text.HAL_TIMEx_BreakCallback
                0x000000000800317c        0x4 ./Drivers/STM32F4xx_HAL_Driver/Src/stm32f4xx_hal_tim_ex.o
                0x000000000800317c                HAL_TIMEx_BreakCallback
 .text.UART_EndRxTransfer
                0x0000000008003180       0x60 ./Drivers/STM32F4xx_HAL_Driver/Src/stm32f4xx_hal_uart.o
 .text.UART_SetConfig
                0x00000000080031e0       0xe0 ./Drivers/STM32F4xx_HAL_Driver/Src/stm32f4xx_hal_uart.o
 .text.HAL_UART_Init
                0x00000000080032c0       0x60 ./Drivers/STM32F4xx_HAL_Driver/Src/stm32f4xx_hal_uart.o
                0x00000000080032c0                HAL_UART_Init
 .text.HAL_UART_DeInit
                0x0000000008003320       0x34 ./Drivers/STM32F4xx_HAL_Driver/Src/stm32f4xx_hal_uart.o
                0x0000000008003320                HAL_UART_DeInit
 .text.HAL_UART_TxCpltCallback
                0x0000000008003354        0x4 ./Drivers/STM32F4xx_HAL_Driver/Src/stm32f4xx_hal_uart.o
                0x0000000008003354                HAL_UART_TxCpltCallback
 .text.HAL_UART_RxCpltCallback
                0x0000000008003358        0x4 ./Drivers/STM32F4xx_HAL_Driver/Src/stm32f4xx_hal_uart.o
                0x0000000008003358                HAL_UART_RxCpltCallback
 .text.HAL_UART_ErrorCallback
                0x000000000800335c        0x4 ./Drivers/STM32F4xx_HAL_Driver/Src/stm32f4xx_hal_uart.o
                0x000000000800335c                HAL_UART_ErrorCallback
 .text.UART_DMAAbortOnError
                0x0000000008003360       0x10 ./Drivers/STM32F4xx_HAL_Driver/Src/stm32f4xx_hal_uart.o
 .text.HAL_UARTEx_RxEventCallback
                0x0000000008003370        0x4 ./Drivers/STM32F4xx_HAL_Driver/Src/stm32f4xx_hal_uart.o
                0x0000000008003370                HAL_UARTEx_RxEventCallback
 .text.UART_Receive_IT.part.0
                0x0000000008003374       0xcc ./Drivers/STM32F4xx_HAL_Driver/Src/stm32f4xx_hal_uart.o
 .text.HAL_UART_IRQHandler
                0x0000000008003440      0x2c0 ./Drivers/STM32F4xx_HAL_Driver/Src/stm32f4xx_hal_uart.o
                0x0000000008003440                HAL_UART_IRQHandler
 .text.FSMC_NORSRAM_Init
                0x0000000008003700       0x58 ./Drivers/STM32F4xx_HAL_Driver/Src/stm32f4xx_ll_fsmc.o
                0x0000000008003700                FSMC_NORSRAM_Init
 .text.FSMC_NORSRAM_Timing_Init
                0x0000000008003758       0x40 ./Drivers/STM32F4xx_HAL_Driver/Src/stm32f4xx_ll_fsmc.o
                0x0000000008003758                FSMC_NORSRAM_Timing_Init
 .text.FSMC_NORSRAM_Extended_Timing_Init
                0x0000000008003798       0x44 ./Drivers/STM32F4xx_HAL_Driver/Src/stm32f4xx_ll_fsmc.o
                0x0000000008003798                FSMC_NORSRAM_Extended_Timing_Init
 .text.TimerCallback
                0x00000000080037dc       0x14 ./Middlewares/Third_Party/FreeRTOS/Source/CMSIS_RTOS_V2/cmsis_os2.o
 .text.SysTick_Handler
                0x00000000080037f0       0x1c ./Middlewares/Third_Party/FreeRTOS/Source/CMSIS_RTOS_V2/cmsis_os2.o
                0x00000000080037f0                SysTick_Handler
 .text.osKernelInitialize
                0x000000000800380c       0x24 ./Middlewares/Third_Party/FreeRTOS/Source/CMSIS_RTOS_V2/cmsis_os2.o
                0x000000000800380c                osKernelInitialize
 .text.osKernelStart
                0x0000000008003830       0x34 ./Middlewares/Third_Party/FreeRTOS/Source/CMSIS_RTOS_V2/cmsis_os2.o
                0x0000000008003830                osKernelStart
 .text.osThreadNew
                0x0000000008003864       0x98 ./Middlewares/Third_Party/FreeRTOS/Source/CMSIS_RTOS_V2/cmsis_os2.o
                0x0000000008003864                osThreadNew
 .text.osThreadFlagsSet
                0x00000000080038fc       0x78 ./Middlewares/Third_Party/FreeRTOS/Source/CMSIS_RTOS_V2/cmsis_os2.o
                0x00000000080038fc                osThreadFlagsSet
 .text.osThreadFlagsClear
                0x0000000008003974       0x5c ./Middlewares/Third_Party/FreeRTOS/Source/CMSIS_RTOS_V2/cmsis_os2.o
                0x0000000008003974                osThreadFlagsClear
 .text.osThreadFlagsWait
                0x00000000080039d0       0xb0 ./Middlewares/Third_Party/FreeRTOS/Source/CMSIS_RTOS_V2/cmsis_os2.o
                0x00000000080039d0                osThreadFlagsWait
 .text.osDelay  0x0000000008003a80       0x1c ./Middlewares/Third_Party/FreeRTOS/Source/CMSIS_RTOS_V2/cmsis_os2.o
                0x0000000008003a80                osDelay
 .text.osTimerNew
                0x0000000008003a9c       0x80 ./Middlewares/Third_Party/FreeRTOS/Source/CMSIS_RTOS_V2/cmsis_os2.o
                0x0000000008003a9c                osTimerNew
 .text.osTimerStart
                0x0000000008003b1c       0x30 ./Middlewares/Third_Party/FreeRTOS/Source/CMSIS_RTOS_V2/cmsis_os2.o
                0x0000000008003b1c                osTimerStart
 .text.osMutexNew
                0x0000000008003b4c       0x90 ./Middlewares/Third_Party/FreeRTOS/Source/CMSIS_RTOS_V2/cmsis_os2.o
                0x0000000008003b4c                osMutexNew
 .text.osMutexAcquire
                0x0000000008003bdc       0x48 ./Middlewares/Third_Party/FreeRTOS/Source/CMSIS_RTOS_V2/cmsis_os2.o
                0x0000000008003bdc                osMutexAcquire
 .text.osMutexRelease
                0x0000000008003c24       0x40 ./Middlewares/Third_Party/FreeRTOS/Source/CMSIS_RTOS_V2/cmsis_os2.o
                0x0000000008003c24                osMutexRelease
 .text.vApplicationGetIdleTaskMemory
                0x0000000008003c64       0x20 ./Middlewares/Third_Party/FreeRTOS/Source/CMSIS_RTOS_V2/cmsis_os2.o
                0x0000000008003c64                vApplicationGetIdleTaskMemory
 .text.vApplicationGetTimerTaskMemory
                0x0000000008003c84       0x20 ./Middlewares/Third_Party/FreeRTOS/Source/CMSIS_RTOS_V2/cmsis_os2.o
                0x0000000008003c84                vApplicationGetTimerTaskMemory
 .text.vListInitialise
                0x0000000008003ca4       0x18 ./Middlewares/Third_Party/FreeRTOS/Source/list.o
                0x0000000008003ca4                vListInitialise
 .text.vListInitialiseItem
                0x0000000008003cbc        0x8 ./Middlewares/Third_Party/FreeRTOS/Source/list.o
                0x0000000008003cbc                vListInitialiseItem
 .text.vListInsertEnd
                0x0000000008003cc4       0x20 ./Middlewares/Third_Party/FreeRTOS/Source/list.o
                0x0000000008003cc4                vListInsertEnd
 .text.vListInsert
                0x0000000008003ce4       0x30 ./Middlewares/Third_Party/FreeRTOS/Source/list.o
                0x0000000008003ce4                vListInsert
 .text.uxListRemove
                0x0000000008003d14       0x28 ./Middlewares/Third_Party/FreeRTOS/Source/list.o
                0x0000000008003d14                uxListRemove
 .text.prvCopyDataToQueue
                0x0000000008003d3c       0x7c ./Middlewares/Third_Party/FreeRTOS/Source/queue.o
 .text.prvCopyDataFromQueue
                0x0000000008003db8       0x24 ./Middlewares/Third_Party/FreeRTOS/Source/queue.o
 .text.prvUnlockQueue
                0x0000000008003ddc       0x90 ./Middlewares/Third_Party/FreeRTOS/Source/queue.o
 .text.xQueueGenericReset
                0x0000000008003e6c       0x8c ./Middlewares/Third_Party/FreeRTOS/Source/queue.o
                0x0000000008003e6c                xQueueGenericReset
 .text.xQueueGenericCreate.part.0
                0x0000000008003ef8       0x3c ./Middlewares/Third_Party/FreeRTOS/Source/queue.o
 .text.xQueueGenericCreateStatic
                0x0000000008003f34       0xb0 ./Middlewares/Third_Party/FreeRTOS/Source/queue.o
                0x0000000008003f34                xQueueGenericCreateStatic
 .text.xQueueGenericSend
                0x0000000008003fe4      0x180 ./Middlewares/Third_Party/FreeRTOS/Source/queue.o
                0x0000000008003fe4                xQueueGenericSend
 .text.xQueueCreateMutexStatic
                0x0000000008004164       0x6c ./Middlewares/Third_Party/FreeRTOS/Source/queue.o
                0x0000000008004164                xQueueCreateMutexStatic
 .text.xQueueGiveMutexRecursive
                0x00000000080041d0       0x40 ./Middlewares/Third_Party/FreeRTOS/Source/queue.o
                0x00000000080041d0                xQueueGiveMutexRecursive
 .text.xQueueCreateMutex
                0x0000000008004210       0x24 ./Middlewares/Third_Party/FreeRTOS/Source/queue.o
                0x0000000008004210                xQueueCreateMutex
 .text.xQueueGenericSendFromISR
                0x0000000008004234       0xd0 ./Middlewares/Third_Party/FreeRTOS/Source/queue.o
                0x0000000008004234                xQueueGenericSendFromISR
 .text.xQueueReceive
                0x0000000008004304      0x168 ./Middlewares/Third_Party/FreeRTOS/Source/queue.o
                0x0000000008004304                xQueueReceive
 .text.xQueueSemaphoreTake
                0x000000000800446c      0x1b8 ./Middlewares/Third_Party/FreeRTOS/Source/queue.o
                0x000000000800446c                xQueueSemaphoreTake
 .text.xQueueTakeMutexRecursive
                0x0000000008004624       0x48 ./Middlewares/Third_Party/FreeRTOS/Source/queue.o
                0x0000000008004624                xQueueTakeMutexRecursive
 .text.vQueueAddToRegistry
                0x000000000800466c       0x28 ./Middlewares/Third_Party/FreeRTOS/Source/queue.o
                0x000000000800466c                vQueueAddToRegistry
 .text.vQueueWaitForMessageRestricted
                0x0000000008004694       0x50 ./Middlewares/Third_Party/FreeRTOS/Source/queue.o
                0x0000000008004694                vQueueWaitForMessageRestricted
 .text.prvAddNewTaskToReadyList
                0x00000000080046e4      0x114 ./Middlewares/Third_Party/FreeRTOS/Source/tasks.o
 .text.prvResetNextTaskUnblockTime.part.0
                0x00000000080047f8       0x18 ./Middlewares/Third_Party/FreeRTOS/Source/tasks.o
 .text.prvInitialiseNewTask.isra.0
                0x0000000008004810       0xc4 ./Middlewares/Third_Party/FreeRTOS/Source/tasks.o
 .text.prvDeleteTCB
                0x00000000080048d4       0x48 ./Middlewares/Third_Party/FreeRTOS/Source/tasks.o
 .text.prvIdleTask
                0x000000000800491c       0x6c ./Middlewares/Third_Party/FreeRTOS/Source/tasks.o
 .text.prvAddCurrentTaskToDelayedList
                0x0000000008004988       0x74 ./Middlewares/Third_Party/FreeRTOS/Source/tasks.o
 .text.xTaskIncrementTick.part.0
                0x00000000080049fc      0x13c ./Middlewares/Third_Party/FreeRTOS/Source/tasks.o
 .text.xTaskCreateStatic
                0x0000000008004b38       0x70 ./Middlewares/Third_Party/FreeRTOS/Source/tasks.o
                0x0000000008004b38                xTaskCreateStatic
 .text.xTaskCreate
                0x0000000008004ba8       0x68 ./Middlewares/Third_Party/FreeRTOS/Source/tasks.o
                0x0000000008004ba8                xTaskCreate
 .text.vTaskStartScheduler
                0x0000000008004c10       0x98 ./Middlewares/Third_Party/FreeRTOS/Source/tasks.o
                0x0000000008004c10                vTaskStartScheduler
 .text.vTaskSuspendAll
                0x0000000008004ca8       0x10 ./Middlewares/Third_Party/FreeRTOS/Source/tasks.o
                0x0000000008004ca8                vTaskSuspendAll
 .text.xTaskResumeAll
                0x0000000008004cb8      0x134 ./Middlewares/Third_Party/FreeRTOS/Source/tasks.o
                0x0000000008004cb8                xTaskResumeAll
 .text.vTaskDelay
                0x0000000008004dec       0x48 ./Middlewares/Third_Party/FreeRTOS/Source/tasks.o
                0x0000000008004dec                vTaskDelay
 .text.xTaskGetTickCount
                0x0000000008004e34        0xc ./Middlewares/Third_Party/FreeRTOS/Source/tasks.o
                0x0000000008004e34                xTaskGetTickCount
 .text.xTaskIncrementTick
                0x0000000008004e40       0x20 ./Middlewares/Third_Party/FreeRTOS/Source/tasks.o
                0x0000000008004e40                xTaskIncrementTick
 .text.vTaskSwitchContext
                0x0000000008004e60       0xbc ./Middlewares/Third_Party/FreeRTOS/Source/tasks.o
                0x0000000008004e60                vTaskSwitchContext
 .text.vTaskPlaceOnEventList
                0x0000000008004f1c       0x34 ./Middlewares/Third_Party/FreeRTOS/Source/tasks.o
                0x0000000008004f1c                vTaskPlaceOnEventList
 .text.vTaskPlaceOnEventListRestricted
                0x0000000008004f50       0x40 ./Middlewares/Third_Party/FreeRTOS/Source/tasks.o
                0x0000000008004f50                vTaskPlaceOnEventListRestricted
 .text.xTaskRemoveFromEventList
                0x0000000008004f90       0x90 ./Middlewares/Third_Party/FreeRTOS/Source/tasks.o
                0x0000000008004f90                xTaskRemoveFromEventList
 .text.vTaskInternalSetTimeOutState
                0x0000000008005020       0x18 ./Middlewares/Third_Party/FreeRTOS/Source/tasks.o
                0x0000000008005020                vTaskInternalSetTimeOutState
 .text.xTaskCheckForTimeOut
                0x0000000008005038       0x90 ./Middlewares/Third_Party/FreeRTOS/Source/tasks.o
                0x0000000008005038                xTaskCheckForTimeOut
 .text.vTaskMissedYield
                0x00000000080050c8        0xc ./Middlewares/Third_Party/FreeRTOS/Source/tasks.o
                0x00000000080050c8                vTaskMissedYield
 .text.xTaskGetCurrentTaskHandle
                0x00000000080050d4        0xc ./Middlewares/Third_Party/FreeRTOS/Source/tasks.o
                0x00000000080050d4                xTaskGetCurrentTaskHandle
 .text.xTaskGetSchedulerState
                0x00000000080050e0       0x20 ./Middlewares/Third_Party/FreeRTOS/Source/tasks.o
                0x00000000080050e0                xTaskGetSchedulerState
 .text.xTaskPriorityInherit
                0x0000000008005100       0x8c ./Middlewares/Third_Party/FreeRTOS/Source/tasks.o
                0x0000000008005100                xTaskPriorityInherit
 .text.xTaskPriorityDisinherit
                0x000000000800518c       0x8c ./Middlewares/Third_Party/FreeRTOS/Source/tasks.o
                0x000000000800518c                xTaskPriorityDisinherit
 .text.vTaskPriorityDisinheritAfterTimeout
                0x0000000008005218       0xa8 ./Middlewares/Third_Party/FreeRTOS/Source/tasks.o
                0x0000000008005218                vTaskPriorityDisinheritAfterTimeout
 .text.pvTaskIncrementMutexHeldCount
                0x00000000080052c0       0x18 ./Middlewares/Third_Party/FreeRTOS/Source/tasks.o
                0x00000000080052c0                pvTaskIncrementMutexHeldCount
 .text.xTaskNotifyWait
                0x00000000080052d8       0xa0 ./Middlewares/Third_Party/FreeRTOS/Source/tasks.o
                0x00000000080052d8                xTaskNotifyWait
 .text.xTaskGenericNotify
                0x0000000008005378      0x100 ./Middlewares/Third_Party/FreeRTOS/Source/tasks.o
                0x0000000008005378                xTaskGenericNotify
 .text.xTaskGenericNotifyFromISR
                0x0000000008005478      0x134 ./Middlewares/Third_Party/FreeRTOS/Source/tasks.o
                0x0000000008005478                xTaskGenericNotifyFromISR
 .text.prvCheckForValidListAndQueue
                0x00000000080055ac       0x6c ./Middlewares/Third_Party/FreeRTOS/Source/timers.o
 .text.prvInsertTimerInActiveList
                0x0000000008005618       0x44 ./Middlewares/Third_Party/FreeRTOS/Source/timers.o
 .text.prvInitialiseNewTimer
                0x000000000800565c       0x4c ./Middlewares/Third_Party/FreeRTOS/Source/timers.o
 .text.xTimerCreateTimerTask
                0x00000000080056a8       0x64 ./Middlewares/Third_Party/FreeRTOS/Source/timers.o
                0x00000000080056a8                xTimerCreateTimerTask
 .text.xTimerCreate
                0x000000000800570c       0x3c ./Middlewares/Third_Party/FreeRTOS/Source/timers.o
                0x000000000800570c                xTimerCreate
 .text.xTimerCreateStatic
                0x0000000008005748       0x50 ./Middlewares/Third_Party/FreeRTOS/Source/timers.o
                0x0000000008005748                xTimerCreateStatic
 .text.xTimerGenericCommand
                0x0000000008005798       0x64 ./Middlewares/Third_Party/FreeRTOS/Source/timers.o
                0x0000000008005798                xTimerGenericCommand
 .text.prvSwitchTimerLists
                0x00000000080057fc       0x88 ./Middlewares/Third_Party/FreeRTOS/Source/timers.o
 .text.prvTimerTask
                0x0000000008005884      0x214 ./Middlewares/Third_Party/FreeRTOS/Source/timers.o
 .text.pvTimerGetTimerID
                0x0000000008005a98       0x2c ./Middlewares/Third_Party/FreeRTOS/Source/timers.o
                0x0000000008005a98                pvTimerGetTimerID
 .text.prvPortStartFirstTask
                0x0000000008005ac4       0x28 ./Middlewares/Third_Party/FreeRTOS/Source/portable/GCC/ARM_CM4F/port.o
 .text.vPortEnableVFP
                0x0000000008005aec       0x14 ./Middlewares/Third_Party/FreeRTOS/Source/portable/GCC/ARM_CM4F/port.o
 .text.prvTaskExitError
                0x0000000008005b00       0x40 ./Middlewares/Third_Party/FreeRTOS/Source/portable/GCC/ARM_CM4F/port.o
 .text.pxPortInitialiseStack
                0x0000000008005b40       0x30 ./Middlewares/Third_Party/FreeRTOS/Source/portable/GCC/ARM_CM4F/port.o
                0x0000000008005b40                pxPortInitialiseStack
 .text.SVC_Handler
                0x0000000008005b70       0x24 ./Middlewares/Third_Party/FreeRTOS/Source/portable/GCC/ARM_CM4F/port.o
                0x0000000008005b70                SVC_Handler
 .text.vPortEnterCritical
                0x0000000008005b94       0x44 ./Middlewares/Third_Party/FreeRTOS/Source/portable/GCC/ARM_CM4F/port.o
                0x0000000008005b94                vPortEnterCritical
 .text.vPortExitCritical
                0x0000000008005bd8       0x28 ./Middlewares/Third_Party/FreeRTOS/Source/portable/GCC/ARM_CM4F/port.o
                0x0000000008005bd8                vPortExitCritical
 .text.PendSV_Handler
                0x0000000008005c00       0x64 ./Middlewares/Third_Party/FreeRTOS/Source/portable/GCC/ARM_CM4F/port.o
                0x0000000008005c00                PendSV_Handler
 .text.xPortSysTickHandler
                0x0000000008005c64       0x2c ./Middlewares/Third_Party/FreeRTOS/Source/portable/GCC/ARM_CM4F/port.o
                0x0000000008005c64                xPortSysTickHandler
 .text.vPortSetupTimerInterrupt
                0x0000000008005c90       0x3c ./Middlewares/Third_Party/FreeRTOS/Source/portable/GCC/ARM_CM4F/port.o
                0x0000000008005c90                vPortSetupTimerInterrupt
 .text.xPortStartScheduler
                0x0000000008005ccc      0x10c ./Middlewares/Third_Party/FreeRTOS/Source/portable/GCC/ARM_CM4F/port.o
                0x0000000008005ccc                xPortStartScheduler
 .text.vPortValidateInterruptPriority
                0x0000000008005dd8       0x5c ./Middlewares/Third_Party/FreeRTOS/Source/portable/GCC/ARM_CM4F/port.o
                0x0000000008005dd8                vPortValidateInterruptPriority
 .text.prvInsertBlockIntoFreeList
                0x0000000008005e34       0x60 ./Middlewares/Third_Party/FreeRTOS/Source/portable/MemMang/heap_5.o
 .text.pvPortMalloc
                0x0000000008005e94       0xd8 ./Middlewares/Third_Party/FreeRTOS/Source/portable/MemMang/heap_5.o
                0x0000000008005e94                pvPortMalloc
 .text.vPortFree
                0x0000000008005f6c       0x7c ./Middlewares/Third_Party/FreeRTOS/Source/portable/MemMang/heap_5.o
                0x0000000008005f6c                vPortFree
 .text.vPortDefineHeapRegions
                0x0000000008005fe8      0x114 ./Middlewares/Third_Party/FreeRTOS/Source/portable/MemMang/heap_5.o
                0x0000000008005fe8                vPortDefineHeapRegions
 .text.lv_disp_get_scr_act
                0x00000000080060fc       0x14 ./Middlewares/Third_Party/lvgl/src/lv_core/lv_disp.o
                0x00000000080060fc                lv_disp_get_scr_act
 .text.lv_disp_get_layer_top
                0x0000000008006110       0x14 ./Middlewares/Third_Party/lvgl/src/lv_core/lv_disp.o
                0x0000000008006110                lv_disp_get_layer_top
 .text.lv_disp_get_layer_sys
                0x0000000008006124       0x14 ./Middlewares/Third_Party/lvgl/src/lv_core/lv_disp.o
                0x0000000008006124                lv_disp_get_layer_sys
 .text.obj_to_foreground
                0x0000000008006138       0x2c ./Middlewares/Third_Party/lvgl/src/lv_core/lv_group.o
 .text.focus_next_core.part.0
                0x0000000008006164       0xd8 ./Middlewares/Third_Party/lvgl/src/lv_core/lv_group.o
 .text.lv_group_refocus
                0x000000000800623c       0x54 ./Middlewares/Third_Party/lvgl/src/lv_core/lv_group.o
 .text.lv_group_set_editing.part.0
                0x0000000008006290       0x3c ./Middlewares/Third_Party/lvgl/src/lv_core/lv_group.o
 .text._lv_group_init
                0x00000000080062cc        0xc ./Middlewares/Third_Party/lvgl/src/lv_core/lv_group.o
                0x00000000080062cc                _lv_group_init
 .text.lv_group_create
                0x00000000080062d8       0x2c ./Middlewares/Third_Party/lvgl/src/lv_core/lv_group.o
                0x00000000080062d8                lv_group_create
 .text.lv_group_del
                0x0000000008006304       0x54 ./Middlewares/Third_Party/lvgl/src/lv_core/lv_group.o
                0x0000000008006304                lv_group_del
 .text.lv_group_add_obj
                0x0000000008006358       0x5c ./Middlewares/Third_Party/lvgl/src/lv_core/lv_group.o
                0x0000000008006358                lv_group_add_obj
 .text.lv_group_remove_obj
                0x00000000080063b4       0x8c ./Middlewares/Third_Party/lvgl/src/lv_core/lv_group.o
                0x00000000080063b4                lv_group_remove_obj
 .text.lv_group_focus_obj
                0x0000000008006440       0xa8 ./Middlewares/Third_Party/lvgl/src/lv_core/lv_group.o
                0x0000000008006440                lv_group_focus_obj
 .text.lv_group_focus_next
                0x00000000080064e8       0x18 ./Middlewares/Third_Party/lvgl/src/lv_core/lv_group.o
                0x00000000080064e8                lv_group_focus_next
 .text.lv_group_focus_prev
                0x0000000008006500       0x18 ./Middlewares/Third_Party/lvgl/src/lv_core/lv_group.o
                0x0000000008006500                lv_group_focus_prev
 .text.lv_group_send_data
                0x0000000008006518       0x38 ./Middlewares/Third_Party/lvgl/src/lv_core/lv_group.o
                0x0000000008006518                lv_group_send_data
 .text.lv_group_set_editing
                0x0000000008006550       0x14 ./Middlewares/Third_Party/lvgl/src/lv_core/lv_group.o
                0x0000000008006550                lv_group_set_editing
 .text.lv_group_get_focused
                0x0000000008006564        0xc ./Middlewares/Third_Party/lvgl/src/lv_core/lv_group.o
                0x0000000008006564                lv_group_get_focused
 .text.lv_group_get_editing
                0x0000000008006570        0xc ./Middlewares/Third_Party/lvgl/src/lv_core/lv_group.o
                0x0000000008006570                lv_group_get_editing
 .text.indev_proc_reset_query_handler.part.0
                0x000000000800657c       0x44 ./Middlewares/Third_Party/lvgl/src/lv_core/lv_indev.o
 .text.get_dragged_obj.part.0
                0x00000000080065c0       0x20 ./Middlewares/Third_Party/lvgl/src/lv_core/lv_indev.o
 .text.indev_drag_throw.part.0
                0x00000000080065e0      0x1ac ./Middlewares/Third_Party/lvgl/src/lv_core/lv_indev.o
 .text.indev_proc_release
                0x000000000800678c      0x1a8 ./Middlewares/Third_Party/lvgl/src/lv_core/lv_indev.o
 .text.lv_indev_reset.part.0
                0x0000000008006934       0x54 ./Middlewares/Third_Party/lvgl/src/lv_core/lv_indev.o
 .text._lv_indev_init
                0x0000000008006988        0x8 ./Middlewares/Third_Party/lvgl/src/lv_core/lv_indev.o
                0x0000000008006988                _lv_indev_init
 .text.lv_indev_get_act
                0x0000000008006990        0xc ./Middlewares/Third_Party/lvgl/src/lv_core/lv_indev.o
                0x0000000008006990                lv_indev_get_act
 .text.lv_indev_get_type
                0x000000000800699c        0x8 ./Middlewares/Third_Party/lvgl/src/lv_core/lv_indev.o
                0x000000000800699c                lv_indev_get_type
 .text.lv_indev_reset
                0x00000000080069a4       0x40 ./Middlewares/Third_Party/lvgl/src/lv_core/lv_indev.o
                0x00000000080069a4                lv_indev_reset
 .text.lv_indev_reset_long_press
                0x00000000080069e4       0x20 ./Middlewares/Third_Party/lvgl/src/lv_core/lv_indev.o
                0x00000000080069e4                lv_indev_reset_long_press
 .text.lv_indev_set_group
                0x0000000008006a04       0x10 ./Middlewares/Third_Party/lvgl/src/lv_core/lv_indev.o
                0x0000000008006a04                lv_indev_set_group
 .text.lv_indev_get_point
                0x0000000008006a14       0x2c ./Middlewares/Third_Party/lvgl/src/lv_core/lv_indev.o
                0x0000000008006a14                lv_indev_get_point
 .text.lv_indev_is_dragging
                0x0000000008006a40       0x1c ./Middlewares/Third_Party/lvgl/src/lv_core/lv_indev.o
                0x0000000008006a40                lv_indev_is_dragging
 .text.lv_indev_get_obj_act
                0x0000000008006a5c        0xc ./Middlewares/Third_Party/lvgl/src/lv_core/lv_indev.o
                0x0000000008006a5c                lv_indev_get_obj_act
 .text.lv_indev_search_obj
                0x0000000008006a68       0x60 ./Middlewares/Third_Party/lvgl/src/lv_core/lv_indev.o
                0x0000000008006a68                lv_indev_search_obj
 .text.indev_proc_press
                0x0000000008006ac8      0x8ec ./Middlewares/Third_Party/lvgl/src/lv_core/lv_indev.o
 .text._lv_indev_read_task
                0x00000000080073b4      0x7c4 ./Middlewares/Third_Party/lvgl/src/lv_core/lv_indev.o
                0x00000000080073b4                _lv_indev_read_task
 .text.refresh_children_position
                0x0000000008007b78       0x54 ./Middlewares/Third_Party/lvgl/src/lv_core/lv_obj.o
 .text.lv_obj_get_style_list.part.0
                0x0000000008007bcc       0x30 ./Middlewares/Third_Party/lvgl/src/lv_core/lv_obj.o
 .text.lv_obj_get_state.part.0
                0x0000000008007bfc       0x30 ./Middlewares/Third_Party/lvgl/src/lv_core/lv_obj.o
 .text.lv_init  0x0000000008007c2c       0x7c ./Middlewares/Third_Party/lvgl/src/lv_core/lv_obj.o
                0x0000000008007c2c                lv_init
 .text.lv_obj_del_async
                0x0000000008007ca8        0xc ./Middlewares/Third_Party/lvgl/src/lv_core/lv_obj.o
                0x0000000008007ca8                lv_obj_del_async
 .text.lv_obj_clean_style_list
                0x0000000008007cb4       0x20 ./Middlewares/Third_Party/lvgl/src/lv_core/lv_obj.o
                0x0000000008007cb4                lv_obj_clean_style_list
 .text.lv_obj_set_click
                0x0000000008007cd4       0x10 ./Middlewares/Third_Party/lvgl/src/lv_core/lv_obj.o
                0x0000000008007cd4                lv_obj_set_click
 .text.lv_obj_set_drag
                0x0000000008007ce4       0x1c ./Middlewares/Third_Party/lvgl/src/lv_core/lv_obj.o
                0x0000000008007ce4                lv_obj_set_drag
 .text.lv_obj_set_drag_throw
                0x0000000008007d00       0x10 ./Middlewares/Third_Party/lvgl/src/lv_core/lv_obj.o
                0x0000000008007d00                lv_obj_set_drag_throw
 .text.lv_obj_set_drag_parent
                0x0000000008007d10       0x10 ./Middlewares/Third_Party/lvgl/src/lv_core/lv_obj.o
                0x0000000008007d10                lv_obj_set_drag_parent
 .text.lv_obj_add_protect
                0x0000000008007d20        0xc ./Middlewares/Third_Party/lvgl/src/lv_core/lv_obj.o
                0x0000000008007d20                lv_obj_add_protect
 .text.lv_obj_clear_protect
                0x0000000008007d2c       0x10 ./Middlewares/Third_Party/lvgl/src/lv_core/lv_obj.o
                0x0000000008007d2c                lv_obj_clear_protect
 .text.lv_obj_set_event_cb
                0x0000000008007d3c        0x4 ./Middlewares/Third_Party/lvgl/src/lv_core/lv_obj.o
                0x0000000008007d3c                lv_obj_set_event_cb
 .text.lv_event_send_func
                0x0000000008007d40       0x90 ./Middlewares/Third_Party/lvgl/src/lv_core/lv_obj.o
                0x0000000008007d40                lv_event_send_func
 .text.lv_event_send
                0x0000000008007dd0       0x14 ./Middlewares/Third_Party/lvgl/src/lv_core/lv_obj.o
                0x0000000008007dd0                lv_event_send
 .text.lv_event_get_data
                0x0000000008007de4        0xc ./Middlewares/Third_Party/lvgl/src/lv_core/lv_obj.o
                0x0000000008007de4                lv_event_get_data
 .text.lv_obj_set_signal_cb
                0x0000000008007df0        0x4 ./Middlewares/Third_Party/lvgl/src/lv_core/lv_obj.o
                0x0000000008007df0                lv_obj_set_signal_cb
 .text.lv_signal_send
                0x0000000008007df4        0xc ./Middlewares/Third_Party/lvgl/src/lv_core/lv_obj.o
                0x0000000008007df4                lv_signal_send
 .text.lv_obj_set_design_cb
                0x0000000008007e00        0x4 ./Middlewares/Third_Party/lvgl/src/lv_core/lv_obj.o
                0x0000000008007e00                lv_obj_set_design_cb
 .text.lv_obj_allocate_ext_attr
                0x0000000008007e04       0x10 ./Middlewares/Third_Party/lvgl/src/lv_core/lv_obj.o
                0x0000000008007e04                lv_obj_allocate_ext_attr
 .text.lv_obj_get_disp
                0x0000000008007e14       0x58 ./Middlewares/Third_Party/lvgl/src/lv_core/lv_obj.o
                0x0000000008007e14                lv_obj_get_disp
 .text.lv_obj_invalidate_area.part.0
                0x0000000008007e6c       0xcc ./Middlewares/Third_Party/lvgl/src/lv_core/lv_obj.o
 .text.lv_obj_invalidate_area
                0x0000000008007f38       0x10 ./Middlewares/Third_Party/lvgl/src/lv_core/lv_obj.o
                0x0000000008007f38                lv_obj_invalidate_area
 .text.lv_obj_invalidate
                0x0000000008007f48       0x5c ./Middlewares/Third_Party/lvgl/src/lv_core/lv_obj.o
                0x0000000008007f48                lv_obj_invalidate
 .text.lv_obj_move_foreground
                0x0000000008007fa4       0x3c ./Middlewares/Third_Party/lvgl/src/lv_core/lv_obj.o
                0x0000000008007fa4                lv_obj_move_foreground
 .text.lv_obj_set_pos
                0x0000000008007fe0       0x98 ./Middlewares/Third_Party/lvgl/src/lv_core/lv_obj.o
                0x0000000008007fe0                lv_obj_set_pos
 .text.lv_obj_set_x
                0x0000000008008078       0x18 ./Middlewares/Third_Party/lvgl/src/lv_core/lv_obj.o
                0x0000000008008078                lv_obj_set_x
 .text.lv_obj_set_y
                0x0000000008008090       0x1c ./Middlewares/Third_Party/lvgl/src/lv_core/lv_obj.o
                0x0000000008008090                lv_obj_set_y
 .text.lv_obj_align
                0x00000000080080ac       0x74 ./Middlewares/Third_Party/lvgl/src/lv_core/lv_obj.o
                0x00000000080080ac                lv_obj_align
 .text.lv_obj_align_origo
                0x0000000008008120      0x214 ./Middlewares/Third_Party/lvgl/src/lv_core/lv_obj.o
                0x0000000008008120                lv_obj_align_origo
 .text.lv_obj_realign
                0x0000000008008334       0x34 ./Middlewares/Third_Party/lvgl/src/lv_core/lv_obj.o
                0x0000000008008334                lv_obj_realign
 .text.lv_obj_create
                0x0000000008008368      0x2f4 ./Middlewares/Third_Party/lvgl/src/lv_core/lv_obj.o
                0x0000000008008368                lv_obj_create
 .text.lv_obj_set_parent
                0x000000000800865c       0x74 ./Middlewares/Third_Party/lvgl/src/lv_core/lv_obj.o
                0x000000000800865c                lv_obj_set_parent
 .text.lv_obj_set_size
                0x00000000080086d0       0xa8 ./Middlewares/Third_Party/lvgl/src/lv_core/lv_obj.o
                0x00000000080086d0                lv_obj_set_size
 .text.lv_obj_set_width
                0x0000000008008778       0x10 ./Middlewares/Third_Party/lvgl/src/lv_core/lv_obj.o
                0x0000000008008778                lv_obj_set_width
 .text.lv_obj_set_height
                0x0000000008008788       0x18 ./Middlewares/Third_Party/lvgl/src/lv_core/lv_obj.o
                0x0000000008008788                lv_obj_set_height
 .text.obj_del_core
                0x00000000080087a0       0xec ./Middlewares/Third_Party/lvgl/src/lv_core/lv_obj.o
 .text.lv_obj_del
                0x000000000800888c       0x3c ./Middlewares/Third_Party/lvgl/src/lv_core/lv_obj.o
                0x000000000800888c                lv_obj_del
 .text.lv_obj_del_async_cb
                0x00000000080088c8        0x4 ./Middlewares/Third_Party/lvgl/src/lv_core/lv_obj.o
 .text.lv_obj_get_parent
                0x00000000080088cc        0x4 ./Middlewares/Third_Party/lvgl/src/lv_core/lv_obj.o
                0x00000000080088cc                lv_obj_get_parent
 .text.lv_obj_get_child
                0x00000000080088d0        0xc ./Middlewares/Third_Party/lvgl/src/lv_core/lv_obj.o
                0x00000000080088d0                lv_obj_get_child
 .text.refresh_children_style
                0x00000000080088dc       0x3c ./Middlewares/Third_Party/lvgl/src/lv_core/lv_obj.o
 .text.lv_obj_refresh_style.part.0
                0x0000000008008918       0x68 ./Middlewares/Third_Party/lvgl/src/lv_core/lv_obj.o
 .text.lv_obj_refresh_style
                0x0000000008008980       0xc8 ./Middlewares/Third_Party/lvgl/src/lv_core/lv_obj.o
                0x0000000008008980                lv_obj_refresh_style
 .text._lv_obj_set_style_local_int
                0x0000000008008a48       0x30 ./Middlewares/Third_Party/lvgl/src/lv_core/lv_obj.o
                0x0000000008008a48                _lv_obj_set_style_local_int
 .text._lv_obj_set_style_local_color
                0x0000000008008a78       0x30 ./Middlewares/Third_Party/lvgl/src/lv_core/lv_obj.o
                0x0000000008008a78                _lv_obj_set_style_local_color
 .text._lv_obj_set_style_local_opa
                0x0000000008008aa8       0x30 ./Middlewares/Third_Party/lvgl/src/lv_core/lv_obj.o
                0x0000000008008aa8                _lv_obj_set_style_local_opa
 .text._lv_obj_set_style_local_ptr
                0x0000000008008ad8       0x30 ./Middlewares/Third_Party/lvgl/src/lv_core/lv_obj.o
                0x0000000008008ad8                _lv_obj_set_style_local_ptr
 .text.lv_obj_add_style
                0x0000000008008b08       0x2c ./Middlewares/Third_Party/lvgl/src/lv_core/lv_obj.o
                0x0000000008008b08                lv_obj_add_style
 .text.lv_obj_reset_style_list
                0x0000000008008b34       0x14 ./Middlewares/Third_Party/lvgl/src/lv_core/lv_obj.o
                0x0000000008008b34                lv_obj_reset_style_list
 .text.lv_obj_set_state.part.0
                0x0000000008008b48       0x1c ./Middlewares/Third_Party/lvgl/src/lv_core/lv_obj.o
 .text.lv_obj_set_state
                0x0000000008008b64       0x10 ./Middlewares/Third_Party/lvgl/src/lv_core/lv_obj.o
                0x0000000008008b64                lv_obj_set_state
 .text.lv_obj_add_state
                0x0000000008008b74       0x18 ./Middlewares/Third_Party/lvgl/src/lv_core/lv_obj.o
                0x0000000008008b74                lv_obj_add_state
 .text.lv_obj_clear_state
                0x0000000008008b8c       0x14 ./Middlewares/Third_Party/lvgl/src/lv_core/lv_obj.o
                0x0000000008008b8c                lv_obj_clear_state
 .text.report_style_mod_core
                0x0000000008008ba0       0xa8 ./Middlewares/Third_Party/lvgl/src/lv_core/lv_obj.o
 .text.lv_obj_report_style_mod
                0x0000000008008c48       0x40 ./Middlewares/Third_Party/lvgl/src/lv_core/lv_obj.o
                0x0000000008008c48                lv_obj_report_style_mod
 .text.lv_obj_get_coords
                0x0000000008008c88       0x14 ./Middlewares/Third_Party/lvgl/src/lv_core/lv_obj.o
                0x0000000008008c88                lv_obj_get_coords
 .text.lv_obj_get_x
                0x0000000008008c9c       0x14 ./Middlewares/Third_Party/lvgl/src/lv_core/lv_obj.o
                0x0000000008008c9c                lv_obj_get_x
 .text.lv_obj_get_y
                0x0000000008008cb0       0x14 ./Middlewares/Third_Party/lvgl/src/lv_core/lv_obj.o
                0x0000000008008cb0                lv_obj_get_y
 .text.lv_obj_get_width
                0x0000000008008cc4        0xc ./Middlewares/Third_Party/lvgl/src/lv_core/lv_obj.o
                0x0000000008008cc4                lv_obj_get_width
 .text.lv_obj_get_height
                0x0000000008008cd0        0xc ./Middlewares/Third_Party/lvgl/src/lv_core/lv_obj.o
                0x0000000008008cd0                lv_obj_get_height
 .text.lv_obj_get_auto_realign
                0x0000000008008cdc        0xc ./Middlewares/Third_Party/lvgl/src/lv_core/lv_obj.o
                0x0000000008008cdc                lv_obj_get_auto_realign
 .text.lv_obj_get_style_list
                0x0000000008008ce8        0xc ./Middlewares/Third_Party/lvgl/src/lv_core/lv_obj.o
                0x0000000008008ce8                lv_obj_get_style_list
 .text._lv_obj_get_style_int
                0x0000000008008cf4       0xb4 ./Middlewares/Third_Party/lvgl/src/lv_core/lv_obj.o
                0x0000000008008cf4                _lv_obj_get_style_int
 .text.lv_obj_get_width_fit
                0x0000000008008da8       0x28 ./Middlewares/Third_Party/lvgl/src/lv_core/lv_obj.o
                0x0000000008008da8                lv_obj_get_width_fit
 .text.lv_obj_get_inner_coords
                0x0000000008008dd0       0x48 ./Middlewares/Third_Party/lvgl/src/lv_core/lv_obj.o
                0x0000000008008dd0                lv_obj_get_inner_coords
 .text._lv_obj_get_style_color
                0x0000000008008e18       0x8c ./Middlewares/Third_Party/lvgl/src/lv_core/lv_obj.o
                0x0000000008008e18                _lv_obj_get_style_color
 .text._lv_obj_get_style_opa
                0x0000000008008ea4       0x9c ./Middlewares/Third_Party/lvgl/src/lv_core/lv_obj.o
                0x0000000008008ea4                _lv_obj_get_style_opa
 .text._lv_obj_get_style_ptr
                0x0000000008008f40       0x94 ./Middlewares/Third_Party/lvgl/src/lv_core/lv_obj.o
                0x0000000008008f40                _lv_obj_get_style_ptr
 .text.lv_obj_get_hidden
                0x0000000008008fd4        0xc ./Middlewares/Third_Party/lvgl/src/lv_core/lv_obj.o
                0x0000000008008fd4                lv_obj_get_hidden
 .text.lv_obj_get_click
                0x0000000008008fe0        0xc ./Middlewares/Third_Party/lvgl/src/lv_core/lv_obj.o
                0x0000000008008fe0                lv_obj_get_click
 .text.lv_obj_get_drag
                0x0000000008008fec        0xc ./Middlewares/Third_Party/lvgl/src/lv_core/lv_obj.o
                0x0000000008008fec                lv_obj_get_drag
 .text.lv_obj_get_drag_dir
                0x0000000008008ff8        0xc ./Middlewares/Third_Party/lvgl/src/lv_core/lv_obj.o
                0x0000000008008ff8                lv_obj_get_drag_dir
 .text.lv_obj_get_drag_throw
                0x0000000008009004        0xc ./Middlewares/Third_Party/lvgl/src/lv_core/lv_obj.o
                0x0000000008009004                lv_obj_get_drag_throw
 .text.lv_obj_get_drag_parent
                0x0000000008009010        0xc ./Middlewares/Third_Party/lvgl/src/lv_core/lv_obj.o
                0x0000000008009010                lv_obj_get_drag_parent
 .text.lv_obj_get_gesture_parent
                0x000000000800901c        0xc ./Middlewares/Third_Party/lvgl/src/lv_core/lv_obj.o
                0x000000000800901c                lv_obj_get_gesture_parent
 .text.lv_obj_get_base_dir
                0x0000000008009028        0x4 ./Middlewares/Third_Party/lvgl/src/lv_core/lv_obj.o
                0x0000000008009028                lv_obj_get_base_dir
 .text.lv_obj_is_protected
                0x000000000800902c       0x10 ./Middlewares/Third_Party/lvgl/src/lv_core/lv_obj.o
                0x000000000800902c                lv_obj_is_protected
 .text.lv_obj_get_state
                0x000000000800903c       0x10 ./Middlewares/Third_Party/lvgl/src/lv_core/lv_obj.o
                0x000000000800903c                lv_obj_get_state
 .text.lv_obj_get_signal_cb
                0x000000000800904c        0x4 ./Middlewares/Third_Party/lvgl/src/lv_core/lv_obj.o
                0x000000000800904c                lv_obj_get_signal_cb
 .text.lv_obj_get_design_cb
                0x0000000008009050        0x4 ./Middlewares/Third_Party/lvgl/src/lv_core/lv_obj.o
                0x0000000008009050                lv_obj_get_design_cb
 .text.lv_obj_get_ext_attr
                0x0000000008009054        0x4 ./Middlewares/Third_Party/lvgl/src/lv_core/lv_obj.o
                0x0000000008009054                lv_obj_get_ext_attr
 .text.lv_obj_get_group
                0x0000000008009058        0x4 ./Middlewares/Third_Party/lvgl/src/lv_core/lv_obj.o
                0x0000000008009058                lv_obj_get_group
 .text.lv_obj_is_focused
                0x000000000800905c       0x18 ./Middlewares/Third_Party/lvgl/src/lv_core/lv_obj.o
                0x000000000800905c                lv_obj_is_focused
 .text.lv_obj_is_point_on_coords
                0x0000000008009074       0x3c ./Middlewares/Third_Party/lvgl/src/lv_core/lv_obj.o
                0x0000000008009074                lv_obj_is_point_on_coords
 .text.lv_obj_hittest
                0x00000000080090b0       0x30 ./Middlewares/Third_Party/lvgl/src/lv_core/lv_obj.o
                0x00000000080090b0                lv_obj_hittest
 .text.lv_obj_handle_get_type_signal
                0x00000000080090e0       0x20 ./Middlewares/Third_Party/lvgl/src/lv_core/lv_obj.o
                0x00000000080090e0                lv_obj_handle_get_type_signal
 .text.lv_obj_init_draw_rect_dsc
                0x0000000008009100      0x2dc ./Middlewares/Third_Party/lvgl/src/lv_core/lv_obj.o
                0x0000000008009100                lv_obj_init_draw_rect_dsc
 .text.lv_obj_design
                0x00000000080093dc      0x274 ./Middlewares/Third_Party/lvgl/src/lv_core/lv_obj.o
 .text.lv_obj_init_draw_label_dsc
                0x0000000008009650       0xb0 ./Middlewares/Third_Party/lvgl/src/lv_core/lv_obj.o
                0x0000000008009650                lv_obj_init_draw_label_dsc
 .text.lv_obj_init_draw_line_dsc
                0x0000000008009700       0xa4 ./Middlewares/Third_Party/lvgl/src/lv_core/lv_obj.o
                0x0000000008009700                lv_obj_init_draw_line_dsc
 .text.lv_obj_get_draw_rect_ext_pad_size
                0x00000000080097a4      0x1e8 ./Middlewares/Third_Party/lvgl/src/lv_core/lv_obj.o
                0x00000000080097a4                lv_obj_get_draw_rect_ext_pad_size
 .text.lv_obj_signal
                0x000000000800998c      0x12c ./Middlewares/Third_Party/lvgl/src/lv_core/lv_obj.o
 .text.lv_refr_vdb_flush
                0x0000000008009ab8       0x68 ./Middlewares/Third_Party/lvgl/src/lv_core/lv_refr.o
 .text.lv_refr_get_top_obj
                0x0000000008009b20       0x78 ./Middlewares/Third_Party/lvgl/src/lv_core/lv_refr.o
 .text.lv_refr_obj.part.0
                0x0000000008009b98       0xe8 ./Middlewares/Third_Party/lvgl/src/lv_core/lv_refr.o
 .text.lv_refr_obj_and_children
                0x0000000008009c80       0x80 ./Middlewares/Third_Party/lvgl/src/lv_core/lv_refr.o
 .text.lv_refr_area_part
                0x0000000008009d00       0x80 ./Middlewares/Third_Party/lvgl/src/lv_core/lv_refr.o
 .text._lv_refr_init
                0x0000000008009d80        0x4 ./Middlewares/Third_Party/lvgl/src/lv_core/lv_refr.o
                0x0000000008009d80                _lv_refr_init
 .text._lv_inv_area
                0x0000000008009d84       0xf4 ./Middlewares/Third_Party/lvgl/src/lv_core/lv_refr.o
                0x0000000008009d84                _lv_inv_area
 .text._lv_refr_get_disp_refreshing
                0x0000000008009e78        0xc ./Middlewares/Third_Party/lvgl/src/lv_core/lv_refr.o
                0x0000000008009e78                _lv_refr_get_disp_refreshing
 .text._lv_disp_refr_task
                0x0000000008009e84      0x68c ./Middlewares/Third_Party/lvgl/src/lv_core/lv_refr.o
                0x0000000008009e84                _lv_disp_refr_task
 .text.lv_style_init
                0x000000000800a510        0x8 ./Middlewares/Third_Party/lvgl/src/lv_core/lv_style.o
                0x000000000800a510                lv_style_init
 .text.lv_style_list_init
                0x000000000800a518        0x8 ./Middlewares/Third_Party/lvgl/src/lv_core/lv_style.o
                0x000000000800a518                lv_style_list_init
 .text._lv_style_list_remove_style
                0x000000000800a520       0x80 ./Middlewares/Third_Party/lvgl/src/lv_core/lv_style.o
                0x000000000800a520                _lv_style_list_remove_style
 .text._lv_style_list_add_style.part.0
                0x000000000800a5a0       0x60 ./Middlewares/Third_Party/lvgl/src/lv_core/lv_style.o
 .text._lv_style_list_add_style
                0x000000000800a600        0x8 ./Middlewares/Third_Party/lvgl/src/lv_core/lv_style.o
                0x000000000800a600                _lv_style_list_add_style
 .text.get_alloc_local_style
                0x000000000800a608       0x54 ./Middlewares/Third_Party/lvgl/src/lv_core/lv_style.o
 .text._lv_style_list_reset
                0x000000000800a65c       0x70 ./Middlewares/Third_Party/lvgl/src/lv_core/lv_style.o
                0x000000000800a65c                _lv_style_list_reset
 .text.lv_style_reset
                0x000000000800a6cc       0x10 ./Middlewares/Third_Party/lvgl/src/lv_core/lv_style.o
                0x000000000800a6cc                lv_style_reset
 .text._lv_style_get_mem_size
                0x000000000800a6dc       0x40 ./Middlewares/Third_Party/lvgl/src/lv_core/lv_style.o
                0x000000000800a6dc                _lv_style_get_mem_size
 .text.lv_style_copy.part.0
                0x000000000800a71c       0x24 ./Middlewares/Third_Party/lvgl/src/lv_core/lv_style.o
 .text.lv_style_copy
                0x000000000800a740        0xc ./Middlewares/Third_Party/lvgl/src/lv_core/lv_style.o
                0x000000000800a740                lv_style_copy
 .text.lv_style_list_copy
                0x000000000800a74c       0xb8 ./Middlewares/Third_Party/lvgl/src/lv_core/lv_style.o
                0x000000000800a74c                lv_style_list_copy
 .text._lv_style_set_int
                0x000000000800a804       0xf8 ./Middlewares/Third_Party/lvgl/src/lv_core/lv_style.o
                0x000000000800a804                _lv_style_set_int
 .text._lv_style_set_color
                0x000000000800a8fc      0x100 ./Middlewares/Third_Party/lvgl/src/lv_core/lv_style.o
                0x000000000800a8fc                _lv_style_set_color
 .text._lv_style_set_opa
                0x000000000800a9fc       0xe4 ./Middlewares/Third_Party/lvgl/src/lv_core/lv_style.o
                0x000000000800a9fc                _lv_style_set_opa
 .text._lv_style_set_ptr
                0x000000000800aae0      0x108 ./Middlewares/Third_Party/lvgl/src/lv_core/lv_style.o
                0x000000000800aae0                _lv_style_set_ptr
 .text._lv_style_get_int
                0x000000000800abe8       0xb0 ./Middlewares/Third_Party/lvgl/src/lv_core/lv_style.o
                0x000000000800abe8                _lv_style_get_int
 .text._lv_style_get_opa
                0x000000000800ac98       0xa4 ./Middlewares/Third_Party/lvgl/src/lv_core/lv_style.o
                0x000000000800ac98                _lv_style_get_opa
 .text._lv_style_get_ptr
                0x000000000800ad3c       0xb4 ./Middlewares/Third_Party/lvgl/src/lv_core/lv_style.o
                0x000000000800ad3c                _lv_style_get_ptr
 .text._lv_style_list_set_local_int
                0x000000000800adf0       0x1c ./Middlewares/Third_Party/lvgl/src/lv_core/lv_style.o
                0x000000000800adf0                _lv_style_list_set_local_int
 .text._lv_style_list_set_local_opa
                0x000000000800ae0c       0x1c ./Middlewares/Third_Party/lvgl/src/lv_core/lv_style.o
                0x000000000800ae0c                _lv_style_list_set_local_opa
 .text._lv_style_list_set_local_color
                0x000000000800ae28       0x1c ./Middlewares/Third_Party/lvgl/src/lv_core/lv_style.o
                0x000000000800ae28                _lv_style_list_set_local_color
 .text._lv_style_list_set_local_ptr
                0x000000000800ae44       0x1c ./Middlewares/Third_Party/lvgl/src/lv_core/lv_style.o
                0x000000000800ae44                _lv_style_list_set_local_ptr
 .text._lv_style_list_get_int
                0x000000000800ae60       0x9c ./Middlewares/Third_Party/lvgl/src/lv_core/lv_style.o
                0x000000000800ae60                _lv_style_list_get_int
 .text._lv_style_list_get_color
                0x000000000800aefc       0x9c ./Middlewares/Third_Party/lvgl/src/lv_core/lv_style.o
                0x000000000800aefc                _lv_style_list_get_color
 .text._lv_style_list_get_opa
                0x000000000800af98       0x9c ./Middlewares/Third_Party/lvgl/src/lv_core/lv_style.o
                0x000000000800af98                _lv_style_list_get_opa
 .text._lv_style_list_get_ptr
                0x000000000800b034       0x94 ./Middlewares/Third_Party/lvgl/src/lv_core/lv_style.o
                0x000000000800b034                _lv_style_list_get_ptr
 .text.color_blend_true_color_subtractive
                0x000000000800b0c8       0x9c ./Middlewares/Third_Party/lvgl/src/lv_draw/lv_draw_blend.o
 .text.color_blend_true_color_additive
                0x000000000800b164       0xa0 ./Middlewares/Third_Party/lvgl/src/lv_draw/lv_draw_blend.o
 .text._lv_blend_fill
                0x000000000800b204      0xaa4 ./Middlewares/Third_Party/lvgl/src/lv_draw/lv_draw_blend.o
                0x000000000800b204                _lv_blend_fill
 .text._lv_blend_map
                0x000000000800bca8      0xae0 ./Middlewares/Third_Party/lvgl/src/lv_draw/lv_draw_blend.o
                0x000000000800bca8                _lv_blend_map
 .text.lv_draw_map
                0x000000000800c788      0x8b4 ./Middlewares/Third_Party/lvgl/src/lv_draw/lv_draw_img.o
 .text.show_error
                0x000000000800d03c       0x40 ./Middlewares/Third_Party/lvgl/src/lv_draw/lv_draw_img.o
 .text.lv_draw_img_dsc_init
                0x000000000800d07c       0x24 ./Middlewares/Third_Party/lvgl/src/lv_draw/lv_draw_img.o
                0x000000000800d07c                lv_draw_img_dsc_init
 .text.lv_draw_img
                0x000000000800d0a0      0x240 ./Middlewares/Third_Party/lvgl/src/lv_draw/lv_draw_img.o
                0x000000000800d0a0                lv_draw_img
 .text.lv_img_cf_get_px_size
                0x000000000800d2e0       0x14 ./Middlewares/Third_Party/lvgl/src/lv_draw/lv_draw_img.o
                0x000000000800d2e0                lv_img_cf_get_px_size
 .text.lv_img_cf_is_chroma_keyed
                0x000000000800d2f4       0x14 ./Middlewares/Third_Party/lvgl/src/lv_draw/lv_draw_img.o
                0x000000000800d2f4                lv_img_cf_is_chroma_keyed
 .text.lv_img_cf_has_alpha
                0x000000000800d308       0x1c ./Middlewares/Third_Party/lvgl/src/lv_draw/lv_draw_img.o
                0x000000000800d308                lv_img_cf_has_alpha
 .text.lv_img_src_get_type
                0x000000000800d324       0x20 ./Middlewares/Third_Party/lvgl/src/lv_draw/lv_draw_img.o
                0x000000000800d324                lv_img_src_get_type
 .text.hex_char_to_num.part.0
                0x000000000800d344       0x18 ./Middlewares/Third_Party/lvgl/src/lv_draw/lv_draw_label.o
 .text.lv_draw_label_dsc_init
                0x000000000800d35c       0x2c ./Middlewares/Third_Party/lvgl/src/lv_draw/lv_draw_label.o
                0x000000000800d35c                lv_draw_label_dsc_init
 .text.lv_draw_label
                0x000000000800d388      0xe60 ./Middlewares/Third_Party/lvgl/src/lv_draw/lv_draw_label.o
                0x000000000800d388                lv_draw_label
 .text.lv_draw_line_dsc_init
                0x000000000800e1e8       0x18 ./Middlewares/Third_Party/lvgl/src/lv_draw/lv_draw_line.o
                0x000000000800e1e8                lv_draw_line_dsc_init
 .text.lv_draw_line
                0x000000000800e200      0x8dc ./Middlewares/Third_Party/lvgl/src/lv_draw/lv_draw_line.o
                0x000000000800e200                lv_draw_line
 .text.lv_draw_mask_line
                0x000000000800eadc      0x4d0 ./Middlewares/Third_Party/lvgl/src/lv_draw/lv_draw_mask.o
 .text.lv_draw_mask_radius
                0x000000000800efac      0x57c ./Middlewares/Third_Party/lvgl/src/lv_draw/lv_draw_mask.o
 .text.lv_draw_mask_add
                0x000000000800f528       0x30 ./Middlewares/Third_Party/lvgl/src/lv_draw/lv_draw_mask.o
                0x000000000800f528                lv_draw_mask_add
 .text.lv_draw_mask_apply
                0x000000000800f558       0x54 ./Middlewares/Third_Party/lvgl/src/lv_draw/lv_draw_mask.o
                0x000000000800f558                lv_draw_mask_apply
 .text.lv_draw_mask_remove_id
                0x000000000800f5ac       0x24 ./Middlewares/Third_Party/lvgl/src/lv_draw/lv_draw_mask.o
                0x000000000800f5ac                lv_draw_mask_remove_id
 .text.lv_draw_mask_remove_custom
                0x000000000800f5d0       0x30 ./Middlewares/Third_Party/lvgl/src/lv_draw/lv_draw_mask.o
                0x000000000800f5d0                lv_draw_mask_remove_custom
 .text.lv_draw_mask_get_cnt
                0x000000000800f600       0x1c ./Middlewares/Third_Party/lvgl/src/lv_draw/lv_draw_mask.o
                0x000000000800f600                lv_draw_mask_get_cnt
 .text.lv_draw_mask_line_points_init
                0x000000000800f61c      0x144 ./Middlewares/Third_Party/lvgl/src/lv_draw/lv_draw_mask.o
                0x000000000800f61c                lv_draw_mask_line_points_init
 .text.lv_draw_mask_radius_init
                0x000000000800f760       0x60 ./Middlewares/Third_Party/lvgl/src/lv_draw/lv_draw_mask.o
                0x000000000800f760                lv_draw_mask_radius_init
 .text.lv_draw_rect_dsc_init
                0x000000000800f7c0       0x48 ./Middlewares/Third_Party/lvgl/src/lv_draw/lv_draw_rect.o
                0x000000000800f7c0                lv_draw_rect_dsc_init
 .text.lv_draw_rect
                0x000000000800f808     0x1774 ./Middlewares/Third_Party/lvgl/src/lv_draw/lv_draw_rect.o
                0x000000000800f808                lv_draw_rect
 .text.lv_img_buf_get_px_color
                0x0000000008010f7c      0x10c ./Middlewares/Third_Party/lvgl/src/lv_draw/lv_img_buf.o
                0x0000000008010f7c                lv_img_buf_get_px_color
 .text.lv_img_buf_get_px_alpha
                0x0000000008011088       0xfc ./Middlewares/Third_Party/lvgl/src/lv_draw/lv_img_buf.o
                0x0000000008011088                lv_img_buf_get_px_alpha
 .text._lv_img_buf_transform_init
                0x0000000008011184      0x110 ./Middlewares/Third_Party/lvgl/src/lv_draw/lv_img_buf.o
                0x0000000008011184                _lv_img_buf_transform_init
 .text._lv_img_buf_get_transformed_area
                0x0000000008011294      0x1a0 ./Middlewares/Third_Party/lvgl/src/lv_draw/lv_img_buf.o
                0x0000000008011294                _lv_img_buf_get_transformed_area
 .text._lv_img_buf_transform_anti_alias
                0x0000000008011434      0x484 ./Middlewares/Third_Party/lvgl/src/lv_draw/lv_img_buf.o
                0x0000000008011434                _lv_img_buf_transform_anti_alias
 .text._lv_img_cache_open
                0x00000000080118b8      0x14c ./Middlewares/Third_Party/lvgl/src/lv_draw/lv_img_cache.o
                0x00000000080118b8                _lv_img_cache_open
 .text.lv_img_cache_invalidate_src
                0x0000000008011a04       0x60 ./Middlewares/Third_Party/lvgl/src/lv_draw/lv_img_cache.o
                0x0000000008011a04                lv_img_cache_invalidate_src
 .text.lv_img_cache_set_size
                0x0000000008011a64       0x68 ./Middlewares/Third_Party/lvgl/src/lv_draw/lv_img_cache.o
                0x0000000008011a64                lv_img_cache_set_size
 .text.lv_img_decoder_built_in_close
                0x0000000008011acc       0x34 ./Middlewares/Third_Party/lvgl/src/lv_draw/lv_img_decoder.o
                0x0000000008011acc                lv_img_decoder_built_in_close
 .text.lv_img_decoder_built_in_open
                0x0000000008011b00      0x1b8 ./Middlewares/Third_Party/lvgl/src/lv_draw/lv_img_decoder.o
                0x0000000008011b00                lv_img_decoder_built_in_open
 .text.lv_img_decoder_built_in_info
                0x0000000008011cb8       0xb0 ./Middlewares/Third_Party/lvgl/src/lv_draw/lv_img_decoder.o
                0x0000000008011cb8                lv_img_decoder_built_in_info
 .text.lv_img_decoder_built_in_read_line
                0x0000000008011d68      0x388 ./Middlewares/Third_Party/lvgl/src/lv_draw/lv_img_decoder.o
                0x0000000008011d68                lv_img_decoder_built_in_read_line
 .text.lv_img_decoder_get_info
                0x00000000080120f0       0x4c ./Middlewares/Third_Party/lvgl/src/lv_draw/lv_img_decoder.o
                0x00000000080120f0                lv_img_decoder_get_info
 .text.lv_img_decoder_open
                0x000000000801213c       0xa4 ./Middlewares/Third_Party/lvgl/src/lv_draw/lv_img_decoder.o
                0x000000000801213c                lv_img_decoder_open
 .text.lv_img_decoder_read_line
                0x00000000080121e0       0x24 ./Middlewares/Third_Party/lvgl/src/lv_draw/lv_img_decoder.o
                0x00000000080121e0                lv_img_decoder_read_line
 .text.lv_img_decoder_close
                0x0000000008012204       0x24 ./Middlewares/Third_Party/lvgl/src/lv_draw/lv_img_decoder.o
                0x0000000008012204                lv_img_decoder_close
 .text.lv_img_decoder_create
                0x0000000008012228       0x1c ./Middlewares/Third_Party/lvgl/src/lv_draw/lv_img_decoder.o
                0x0000000008012228                lv_img_decoder_create
 .text._lv_img_decoder_init
                0x0000000008012244       0x38 ./Middlewares/Third_Party/lvgl/src/lv_draw/lv_img_decoder.o
                0x0000000008012244                _lv_img_decoder_init
 .text.lv_font_get_glyph_bitmap
                0x000000000801227c        0x4 ./Middlewares/Third_Party/lvgl/src/lv_font/lv_font.o
                0x000000000801227c                lv_font_get_glyph_bitmap
 .text.lv_font_get_glyph_dsc
                0x0000000008012280        0xc ./Middlewares/Third_Party/lvgl/src/lv_font/lv_font.o
                0x0000000008012280                lv_font_get_glyph_dsc
 .text.lv_font_get_glyph_width
                0x000000000801228c       0x18 ./Middlewares/Third_Party/lvgl/src/lv_font/lv_font.o
                0x000000000801228c                lv_font_get_glyph_width
 .text.kern_pair_8_compare
                0x00000000080122a4       0x14 ./Middlewares/Third_Party/lvgl/src/lv_font/lv_font_fmt_txt.o
 .text.kern_pair_16_compare
                0x00000000080122b8       0x14 ./Middlewares/Third_Party/lvgl/src/lv_font/lv_font_fmt_txt.o
 .text.unicode_list_compare
                0x00000000080122cc        0x8 ./Middlewares/Third_Party/lvgl/src/lv_font/lv_font_fmt_txt.o
 .text.get_glyph_dsc_id.isra.0.part.0
                0x00000000080122d4       0xc4 ./Middlewares/Third_Party/lvgl/src/lv_font/lv_font_fmt_txt.o
 .text.lv_font_get_bitmap_fmt_txt
                0x0000000008012398      0x850 ./Middlewares/Third_Party/lvgl/src/lv_font/lv_font_fmt_txt.o
                0x0000000008012398                lv_font_get_bitmap_fmt_txt
 .text.lv_font_get_glyph_dsc_fmt_txt
                0x0000000008012be8      0x160 ./Middlewares/Third_Party/lvgl/src/lv_font/lv_font_fmt_txt.o
                0x0000000008012be8                lv_font_get_glyph_dsc_fmt_txt
 .text._lv_font_clean_up_fmt_txt
                0x0000000008012d48       0x18 ./Middlewares/Third_Party/lvgl/src/lv_font/lv_font_fmt_txt.o
                0x0000000008012d48                _lv_font_clean_up_fmt_txt
 .text.lv_disp_drv_init
                0x0000000008012d60       0x3c ./Middlewares/Third_Party/lvgl/src/lv_hal/lv_hal_disp.o
                0x0000000008012d60                lv_disp_drv_init
 .text.lv_disp_buf_init
                0x0000000008012d9c       0x1c ./Middlewares/Third_Party/lvgl/src/lv_hal/lv_hal_disp.o
                0x0000000008012d9c                lv_disp_buf_init
 .text.lv_disp_drv_register
                0x0000000008012db8       0xc0 ./Middlewares/Third_Party/lvgl/src/lv_hal/lv_hal_disp.o
                0x0000000008012db8                lv_disp_drv_register
 .text.lv_disp_get_default
                0x0000000008012e78        0xc ./Middlewares/Third_Party/lvgl/src/lv_hal/lv_hal_disp.o
                0x0000000008012e78                lv_disp_get_default
 .text.lv_disp_get_hor_res
                0x0000000008012e84       0x24 ./Middlewares/Third_Party/lvgl/src/lv_hal/lv_hal_disp.o
                0x0000000008012e84                lv_disp_get_hor_res
 .text.lv_disp_get_ver_res
                0x0000000008012ea8       0x24 ./Middlewares/Third_Party/lvgl/src/lv_hal/lv_hal_disp.o
                0x0000000008012ea8                lv_disp_get_ver_res
 .text.lv_disp_get_dpi
                0x0000000008012ecc       0x1c ./Middlewares/Third_Party/lvgl/src/lv_hal/lv_hal_disp.o
                0x0000000008012ecc                lv_disp_get_dpi
 .text.lv_disp_get_size_category
                0x0000000008012ee8       0x48 ./Middlewares/Third_Party/lvgl/src/lv_hal/lv_hal_disp.o
                0x0000000008012ee8                lv_disp_get_size_category
 .text.lv_disp_flush_ready
                0x0000000008012f30        0xc ./Middlewares/Third_Party/lvgl/src/lv_hal/lv_hal_disp.o
                0x0000000008012f30                lv_disp_flush_ready
 .text.lv_disp_get_next
                0x0000000008012f3c       0x14 ./Middlewares/Third_Party/lvgl/src/lv_hal/lv_hal_disp.o
                0x0000000008012f3c                lv_disp_get_next
 .text.lv_disp_get_buf
                0x0000000008012f50        0x4 ./Middlewares/Third_Party/lvgl/src/lv_hal/lv_hal_disp.o
                0x0000000008012f50                lv_disp_get_buf
 .text.lv_disp_get_inv_buf_size
                0x0000000008012f54        0xc ./Middlewares/Third_Party/lvgl/src/lv_hal/lv_hal_disp.o