lv_img_buf.c:52:12:lv_img_buf_get_px_color	24	static
lv_img_buf.c:119:10:lv_img_buf_get_px_alpha	32	static
lv_img_buf.c:182:6:lv_img_buf_set_px_alpha	32	static
lv_img_buf.c:241:6:lv_img_buf_set_px_color	32	static
lv_img_buf.c:310:6:lv_img_buf_set_palette	24	static
lv_img_buf.c:367:6:lv_img_buf_free	8	static
lv_img_buf.c:384:10:lv_img_buf_get_img_size	20	static
lv_img_buf.c:331:16:lv_img_buf_alloc	32	static
lv_img_buf.c:420:6:_lv_img_buf_transform_init	32	static
lv_img_buf.c:470:6:_lv_img_buf_get_transformed_area	48	static
lv_img_buf.c:541:6:_lv_img_buf_transform_anti_alias	72	static
