lv_anim.c:225:17:lv_anim_path_linear	0	static
lv_anim.c:552:13:anim_mark_list_change	8	static
lv_anim.c:443:13:anim_task	96	static
lv_anim.c:61:6:_lv_anim_core_init	8	static
lv_anim.c:79:6:lv_anim_init	16	static
lv_anim.c:132:6:lv_anim_del	32	static
lv_anim.c:93:6:lv_anim_start	24	static
lv_anim.c:163:13:lv_anim_get	16	static
lv_anim.c:179:10:lv_anim_count_running	16	static
lv_anim.c:195:10:lv_anim_speed_to_time	0	static
lv_anim.c:215:6:lv_anim_refr_now	0	static
lv_anim.c:253:17:lv_anim_path_ease_in	16	static
lv_anim.c:279:17:lv_anim_path_ease_out	16	static
lv_anim.c:306:17:lv_anim_path_ease_in_out	16	static
lv_anim.c:333:17:lv_anim_path_overshoot	16	static
lv_anim.c:361:17:lv_anim_path_bounce	24	static
lv_anim.c:425:17:lv_anim_path_step	0	static
