lv_mem.c:152:8:lv_mem_alloc.part.0	8	static
lv_mem.c:113:6:_lv_mem_init	0	static
lv_mem.c:152:8:lv_mem_alloc	0	static
lv_mem.c:349:6:lv_mem_defrag	12	static
lv_mem.c:218:6:lv_mem_free	12	static
lv_mem.c:390:10:lv_mem_test	8	static
lv_mem.c:458:10:_lv_mem_get_size	0	static
lv_mem.c:543:6:_lv_mem_buf_release	4	static
lv_mem.c:568:6:_lv_mem_buf_free_all	24	static
lv_mem.c:591:30:_lv_memcpy	16	static
lv_mem.c:279:8:lv_mem_realloc	24	static
lv_mem.c:481:8:_lv_mem_buf_get	24	static
lv_mem.c:656:28:_lv_memset	12	static
lv_mem.c:414:6:lv_mem_monitor	16	static
lv_mem.c:710:28:_lv_memset_00	8	static
lv_mem.c:136:6:_lv_mem_deinit	8	static
lv_mem.c:760:28:_lv_memset_ff	8	static
