lv_txt.c:484:16:lv_txt_utf8_size	0	static
lv_txt.c:535:17:lv_txt_utf8_conv_wc	16	static
lv_txt.c:562:17:lv_txt_utf8_next	24	static
lv_txt.c:669:17:lv_txt_utf8_get_byte_id	24	static
lv_txt.c:688:17:lv_txt_utf8_get_char_id	32	static
lv_txt.c:707:17:lv_txt_utf8_get_length	24	static
lv_txt.c:502:17:lv_txt_unicode_to_utf8	8	static
lv_txt.c:636:17:lv_txt_utf8_prev	32	static
lv_txt.c:353:12:_lv_txt_get_width.part.0	56	static
lv_txt.c:293:10:_lv_txt_get_next_line	104	static
lv_txt.c:93:6:_lv_txt_get_size	72	static
lv_txt.c:353:12:_lv_txt_get_width	8	static
lv_txt.c:397:6:_lv_txt_is_cmd	0	static
lv_txt.c:435:6:_lv_txt_ins	24	static
lv_txt.c:459:6:_lv_txt_cut	32	static
