lv_font_fmt_txt.c:77:17:lv_font_get_bitmap_fmt_txt	56	static
lv_font_fmt_txt.c:134:6:lv_font_get_glyph_dsc_fmt_txt	56	static
lv_font_fmt_txt.c:180:6:_lv_font_clean_up_fmt_txt	8	static
lv_font_fmt_txt.c:193:17:get_glyph_dsc_id	72	static
lv_font_fmt_txt.c:250:15:get_kern_value	88	static
lv_font_fmt_txt.c:308:16:kern_pair_8_compare	24	static
lv_font_fmt_txt.c:319:16:kern_pair_16_compare	24	static
lv_font_fmt_txt.c:336:13:decompress	48	static
lv_font_fmt_txt.c:376:20:decompress_line	32	static
lv_font_fmt_txt.c:391:23:get_bits	40	static
lv_font_fmt_txt.c:434:20:bits_write	32	static
lv_font_fmt_txt.c:475:20:rle_init	16	static
lv_font_fmt_txt.c:485:23:rle_next	16	static
lv_font_fmt_txt.c:556:16:unicode_list_compare	16	static
