lv_group.c:519:13:obj_to_foreground	8	static
lv_group.c:452:13:focus_next_core.part.0	32	static
lv_group.c:438:13:lv_group_refocus	16	static
lv_group.c:321:6:lv_group_set_editing.part.0	16	static
lv_group.c:51:6:_lv_group_init	0	static
lv_group.c:60:14:lv_group_create	8	static
lv_group.c:86:6:lv_group_del	16	static
lv_group.c:110:6:lv_group_add_obj	16	static
lv_group.c:148:6:lv_group_remove_obj	24	static
lv_group.c:191:6:lv_group_remove_all_objs	16	static
lv_group.c:213:6:lv_group_focus_obj	16	static
lv_group.c:257:6:lv_group_focus_next	0	static
lv_group.c:266:6:lv_group_focus_prev	0	static
lv_group.c:276:6:lv_group_focus_freeze	0	static
lv_group.c:290:10:lv_group_send_data	16	static
lv_group.c:311:6:lv_group_set_focus_cb	0	static
lv_group.c:321:6:lv_group_set_editing	0	static
lv_group.c:345:6:lv_group_set_click_focus	0	static
lv_group.c:350:6:lv_group_set_refocus_policy	0	static
lv_group.c:360:6:lv_group_set_wrap	0	static
lv_group.c:370:12:lv_group_get_focused	0	static
lv_group.c:395:21:lv_group_get_focus_cb	0	static
lv_group.c:406:6:lv_group_get_editing	0	static
lv_group.c:417:6:lv_group_get_click_focus	0	static
lv_group.c:428:6:lv_group_get_wrap	0	static
