lv_obj.c:3666:13:refresh_children_position	32	static
lv_obj.c:2372:19:lv_obj_get_style_list.part.0	16	static
lv_obj.c:2804:12:lv_obj_get_state.part.0	16	static
lv_obj.c:116:6:lv_init	24	static
lv_obj.c:171:6:lv_deinit	8	static
lv_obj.c:448:6:lv_obj_del_async	0	static
lv_obj.c:1085:6:lv_obj_set_auto_realign	0	static
lv_obj.c:1109:6:lv_obj_set_ext_click_area	4	static
lv_obj.c:1190:6:lv_obj_clean_style_list	8	static
lv_obj.c:1450:6:lv_obj_set_adv_hittest	0	static
lv_obj.c:1462:6:lv_obj_set_click	0	static
lv_obj.c:1475:6:lv_obj_set_top	0	static
lv_obj.c:1487:6:lv_obj_set_drag	0	static
lv_obj.c:1500:6:lv_obj_set_drag_dir	0	static
lv_obj.c:1514:6:lv_obj_set_drag_throw	0	static
lv_obj.c:1527:6:lv_obj_set_drag_parent	0	static
lv_obj.c:1540:6:lv_obj_set_gesture_parent	0	static
lv_obj.c:1550:6:lv_obj_set_parent_event	0	static
lv_obj.c:1584:6:lv_obj_add_protect	0	static
lv_obj.c:1596:6:lv_obj_clear_protect	0	static
lv_obj.c:1738:6:lv_obj_set_event_cb	0	static
lv_obj.c:1773:10:lv_event_send_func	56	static
lv_obj.c:1752:10:lv_event_send	0	static
lv_obj.c:1830:14:lv_event_get_data	0	static
lv_obj.c:1841:6:lv_obj_set_signal_cb	0	static
lv_obj.c:1854:10:lv_signal_send	0	static
lv_obj.c:1869:6:lv_obj_set_design_cb	0	static
lv_obj.c:1887:8:lv_obj_allocate_ext_attr	8	static
lv_obj.c:1903:6:lv_obj_refresh_ext_draw_pad	0	static
lv_obj.c:1921:12:lv_obj_get_screen	0	static
lv_obj.c:1941:13:lv_obj_get_disp	24	static
lv_obj.c:478:6:lv_obj_invalidate_area.part.0	40	static
lv_obj.c:478:6:lv_obj_invalidate_area	0	static
lv_obj.c:523:6:lv_obj_invalidate	24	static
lv_obj.c:608:6:lv_obj_move_foreground	16	static
lv_obj.c:631:6:lv_obj_move_background	16	static
lv_obj.c:660:6:lv_obj_set_pos	40	static
lv_obj.c:714:6:lv_obj_set_x	0	static
lv_obj.c:726:6:lv_obj_set_y	0	static
lv_obj.c:875:6:lv_obj_align	40	static
lv_obj.c:915:6:lv_obj_align_origo	40	static
lv_obj.c:1064:6:lv_obj_realign	16	static
lv_obj.c:1431:6:lv_obj_set_hidden	16	static
lv_obj.c:198:12:lv_obj_create	32	static
lv_obj.c:552:6:lv_obj_set_parent	24	static
lv_obj.c:739:6:lv_obj_set_size	32	static
lv_obj.c:793:6:lv_obj_set_width	0	static
lv_obj.c:805:6:lv_obj_set_height	4	static
lv_obj.c:3419:13:obj_del_core	24	static
lv_obj.c:401:10:lv_obj_del	24	static
lv_obj.c:3412:13:lv_obj_del_async_cb	0	static
lv_obj.c:1973:12:lv_obj_get_parent	0	static
lv_obj.c:1987:12:lv_obj_get_child	0	static
lv_obj.c:3727:13:base_dir_refr_children	16	static
lv_obj.c:1562:6:lv_obj_set_base_dir	16	static
lv_obj.c:3714:13:refresh_children_style	16	static
lv_obj.c:1331:6:lv_obj_refresh_style.part.0	16	static
lv_obj.c:1331:6:lv_obj_refresh_style	0	static
lv_obj.c:1231:6:_lv_obj_set_style_local_int	24	static
lv_obj.c:1253:6:_lv_obj_set_style_local_color	24	static
lv_obj.c:1275:6:_lv_obj_set_style_local_opa	24	static
lv_obj.c:1297:6:_lv_obj_set_style_local_ptr	24	static
lv_obj.c:1141:6:lv_obj_add_style	16	static
lv_obj.c:1165:6:lv_obj_remove_style	16	static
lv_obj.c:1212:6:lv_obj_reset_style_list	8	static
lv_obj.c:1611:6:lv_obj_set_state.part.0	8	static
lv_obj.c:1611:6:lv_obj_set_state	0	static
lv_obj.c:1684:6:lv_obj_add_state	0	static
lv_obj.c:1701:6:lv_obj_clear_state	0	static
lv_obj.c:3684:13:report_style_mod_core	24	static
lv_obj.c:1409:6:lv_obj_report_style_mod	24	static
lv_obj.c:458:6:lv_obj_clean	16	static
lv_obj.c:2010:12:lv_obj_get_child_back	0	static
lv_obj.c:2031:10:lv_obj_count_children	16	static
lv_obj.c:2047:10:lv_obj_count_children_recursive	16	static
lv_obj.c:2071:6:lv_obj_get_coords	0	static
lv_obj.c:2104:12:lv_obj_get_x	0	static
lv_obj.c:2124:12:lv_obj_get_y	0	static
lv_obj.c:2144:12:lv_obj_get_width	0	static
lv_obj.c:2156:12:lv_obj_get_height	0	static
lv_obj.c:2268:6:lv_obj_get_auto_realign	0	static
lv_obj.c:2285:12:lv_obj_get_ext_click_pad_left	0	static
lv_obj.c:2304:12:lv_obj_get_ext_click_pad_right	0	static
lv_obj.c:2323:12:lv_obj_get_ext_click_pad_top	0	static
lv_obj.c:2342:12:lv_obj_get_ext_click_pad_bottom	0	static
lv_obj.c:2361:12:lv_obj_get_ext_draw_pad	0	static
lv_obj.c:2372:19:lv_obj_get_style_list	0	static
lv_obj.c:2402:16:_lv_obj_get_style_int	40	static
lv_obj.c:817:6:lv_obj_set_width_fit	16	static
lv_obj.c:2168:12:lv_obj_get_width_fit	16	static
lv_obj.c:830:6:lv_obj_set_height_fit	16	static
lv_obj.c:2183:12:lv_obj_get_height_fit	16	static
lv_obj.c:844:6:lv_obj_set_width_margin	16	static
lv_obj.c:2213:12:lv_obj_get_width_margin	16	static
lv_obj.c:858:6:lv_obj_set_height_margin	16	static
lv_obj.c:2199:12:lv_obj_get_height_margin	16	static
lv_obj.c:2083:6:lv_obj_get_inner_coords	16	static
lv_obj.c:2231:12:lv_obj_get_width_grid	24	static
lv_obj.c:2252:12:lv_obj_get_height_grid	24	static
lv_obj.c:2465:12:_lv_obj_get_style_color	40	static
lv_obj.c:2521:10:_lv_obj_get_style_opa	40	static
lv_obj.c:2578:14:_lv_obj_get_style_ptr	40	static
lv_obj.c:2631:14:lv_obj_get_local_style	8	static
lv_obj.c:1318:6:lv_obj_remove_style_local_prop	8	static
lv_obj.c:2647:6:lv_obj_get_hidden	0	static
lv_obj.c:2659:6:lv_obj_get_adv_hittest	0	static
lv_obj.c:2671:6:lv_obj_get_click	0	static
lv_obj.c:2683:6:lv_obj_get_top	0	static
lv_obj.c:2695:6:lv_obj_get_drag	0	static
lv_obj.c:2707:15:lv_obj_get_drag_dir	0	static
lv_obj.c:2719:6:lv_obj_get_drag_throw	0	static
lv_obj.c:2731:6:lv_obj_get_drag_parent	0	static
lv_obj.c:2741:6:lv_obj_get_gesture_parent	0	static
lv_obj.c:2751:6:lv_obj_get_parent_event	0	static
lv_obj.c:2759:15:lv_obj_get_base_dir	0	static
lv_obj.c:2784:9:lv_obj_get_protect	0	static
lv_obj.c:2797:6:lv_obj_is_protected	0	static
lv_obj.c:2804:12:lv_obj_get_state	0	static
lv_obj.c:2827:16:lv_obj_get_signal_cb	0	static
lv_obj.c:2839:16:lv_obj_get_design_cb	0	static
lv_obj.c:2851:15:lv_obj_get_event_cb	0	static
lv_obj.c:2868:8:lv_obj_get_ext_attr	0	static
lv_obj.c:2881:6:lv_obj_get_type	48	static
lv_obj.c:2949:8:lv_obj_get_group	0	static
lv_obj.c:2966:6:lv_obj_is_focused	8	static
lv_obj.c:2994:6:lv_obj_is_point_on_coords	32	static
lv_obj.c:3026:6:lv_obj_hittest	16	static
lv_obj.c:3046:10:lv_obj_handle_get_type_signal	4	static
lv_obj.c:3065:6:lv_obj_init_draw_rect_dsc	24	static
lv_obj.c:3506:24:lv_obj_design	136	static
lv_obj.c:3195:6:lv_obj_init_draw_label_dsc	16	static
lv_obj.c:3227:6:lv_obj_init_draw_img_dsc	16	static
lv_obj.c:3253:6:lv_obj_init_draw_line_dsc	16	static
lv_obj.c:3289:12:lv_obj_get_draw_rect_ext_pad_size	72	static
lv_obj.c:3601:17:lv_obj_signal	8	static
lv_obj.c:3365:6:lv_obj_fade_in	0	static
lv_obj.c:3390:6:lv_obj_fade_out	0	static
