lv_arc.c:516:13:inv_arc_area	72	static
lv_arc.c:401:24:lv_arc_design	160	static
lv_arc.c:465:17:lv_arc_signal	24	static
lv_arc.c:54:12:lv_arc_create	24	static
lv_arc.c:129:6:lv_arc_set_start_angle	16	static
lv_arc.c:162:6:lv_arc_set_end_angle	16	static
lv_arc.c:197:6:lv_arc_set_angles	24	static
lv_arc.c:219:6:lv_arc_set_bg_start_angle	16	static
lv_arc.c:252:6:lv_arc_set_bg_end_angle	16	static
lv_arc.c:286:6:lv_arc_set_bg_angles	24	static
lv_arc.c:308:6:lv_arc_set_rotation	16	static
lv_arc.c:328:10:lv_arc_get_angle_start	8	static
lv_arc.c:342:10:lv_arc_get_angle_end	8	static
lv_arc.c:356:10:lv_arc_get_bg_angle_start	8	static
lv_arc.c:370:10:lv_arc_get_bg_angle_end	8	static
