lv_area.h:110:26:lv_area_get_width	0	static
lv_area.h:120:26:lv_area_get_height	0	static
lv_bar.c:705:13:lv_bar_anim_ready	8	static
lv_bar.c:699:13:lv_bar_anim	0	static
lv_bar.c:370:24:lv_bar_design	240	static
lv_bar.c:640:17:lv_bar_signal	32	static
lv_bar.c:717:13:lv_bar_set_value_with_anim.part.7	88	static
lv_bar.c:153:6:lv_bar_set_value	32	static
lv_bar.c:76:12:lv_bar_create	32	static
lv_bar.c:180:6:lv_bar_set_start_value	32	static
lv_bar.c:235:6:lv_bar_set_type	24	static
lv_bar.c:252:6:lv_bar_set_anim_time	24	static
lv_bar.c:274:9:lv_bar_get_value	24	static
lv_bar.c:287:9:lv_bar_get_start_value	24	static
lv_bar.c:303:9:lv_bar_get_min_value	24	static
lv_bar.c:316:9:lv_bar_get_max_value	24	static
lv_bar.c:329:15:lv_bar_get_type	24	static
lv_bar.c:206:6:lv_bar_set_range	32	static
lv_bar.c:342:10:lv_bar_get_anim_time	24	static
