lv_btnmatrix.c:1136:17:get_button_from_point	64	static
lv_btnmatrix.c:580:24:lv_btnmatrix_design.part.2	584	static
lv_btnmatrix.c:580:24:lv_btnmatrix_design	8	static
lv_btnmatrix.c:1179:13:invalidate_button_area.part.3	40	static
lv_btnmatrix.c:137:6:lv_btnmatrix_set_map	136	static
lv_btnmatrix.c:273:6:lv_btnmatrix_set_ctrl_map	24	static
lv_btnmatrix.c:71:12:lv_btnmatrix_create	32	static
lv_btnmatrix.c:288:6:lv_btnmatrix_set_focused_btn	24	static
lv_btnmatrix.c:308:6:lv_btnmatrix_set_recolor	24	static
lv_btnmatrix.c:323:6:lv_btnmatrix_set_btn_ctrl	32	static
lv_btnmatrix.c:340:6:lv_btnmatrix_clear_btn_ctrl	32	static
lv_btnmatrix.c:357:6:lv_btnmatrix_set_btn_ctrl_all	32	static
lv_btnmatrix.c:374:6:lv_btnmatrix_clear_btn_ctrl_all	32	static
lv_btnmatrix.c:394:6:lv_btnmatrix_set_btn_width	32	static
lv_btnmatrix.c:434:15:lv_btnmatrix_get_map_array	24	static
lv_btnmatrix.c:447:6:lv_btnmatrix_get_recolor	24	static
lv_btnmatrix.c:462:10:lv_btnmatrix_get_active_btn	24	static
lv_btnmatrix.c:495:10:lv_btnmatrix_get_focused_btn	24	static
lv_btnmatrix.c:510:14:lv_btnmatrix_get_btn_text	48	static
lv_btnmatrix.c:476:14:lv_btnmatrix_get_active_btn_text	24	static
lv_btnmatrix.c:541:6:lv_btnmatrix_get_btn_ctrl	32	static
lv_btnmatrix.c:1224:13:make_one_button_toggled	16	static
lv_btnmatrix.c:766:17:lv_btnmatrix_signal	48	static
lv_btnmatrix.c:414:6:lv_btnmatrix_set_one_check	24	static
lv_btnmatrix.c:557:6:lv_btnmatrix_get_one_check	24	static
