lv_canvas.c:1198:13:set_px_alpha_generic	24	static
lv_canvas.c:1184:13:set_px_cb_alpha8	40	static
lv_canvas.c:1170:13:set_px_cb_alpha4	40	static
lv_canvas.c:1156:13:set_px_cb_alpha2	40	static
lv_canvas.c:1142:13:set_px_cb_alpha1	40	static
lv_canvas.c:1103:17:lv_canvas_signal	16	static
lv_canvas.c:1213:13:set_px_true_color_alpha	64	static
lv_canvas.c:73:12:lv_canvas_create	24	static
lv_canvas.c:139:6:lv_canvas_set_buffer	24	static
lv_canvas.c:161:6:lv_canvas_set_px	24	static
lv_canvas.c:181:6:lv_canvas_set_palette	16	static
lv_canvas.c:202:12:lv_canvas_get_px	24	static
lv_canvas.c:217:16:lv_canvas_get_img	8	static
lv_canvas.c:240:6:lv_canvas_copy_buf	32	static
lv_canvas.c:277:6:lv_canvas_transform	176	static
lv_canvas.c:387:6:lv_canvas_blur_hor	144	static
lv_canvas.c:523:6:lv_canvas_blur_ver	152	static
lv_canvas.c:661:6:lv_canvas_fill_bg	48	static
lv_canvas.c:699:6:lv_canvas_draw_rect	456	static
lv_canvas.c:770:6:lv_canvas_draw_text	472	static
lv_canvas.c:846:6:lv_canvas_draw_img	456	static
lv_canvas.c:911:6:lv_canvas_draw_line	456	static
lv_canvas.c:974:6:lv_canvas_draw_polygon	456	static
lv_canvas.c:1038:6:lv_canvas_draw_arc	472	static
