lv_chart.c:992:34:create_axis_label_iter	12	static
lv_chart.c:1415:13:get_series_area	16	static
lv_chart.c:1023:13:get_next_axis_label	16	static
lv_chart.c:1095:13:draw_y_ticks	440	static
lv_chart.c:635:17:lv_chart_signal	24	static
lv_chart.c:602:24:lv_chart_design.part.0	688	static
lv_chart.c:602:24:lv_chart_design	0	static
lv_chart.c:85:12:lv_chart_create	40	static
lv_chart.c:173:21:lv_chart_add_series	24	static
lv_chart.c:210:6:lv_chart_clear_serie	16	static
lv_chart.c:237:6:lv_chart_set_div_line_count	16	static
lv_chart.c:256:6:lv_chart_set_range	16	static
lv_chart.c:274:6:lv_chart_set_type	16	static
lv_chart.c:291:6:lv_chart_set_point_count	56	static
lv_chart.c:357:6:lv_chart_init_points	24	static
lv_chart.c:377:6:lv_chart_set_points	24	static
lv_chart.c:394:6:lv_chart_set_next	64	static
lv_chart.c:421:6:lv_chart_set_update_mode	16	static
lv_chart.c:440:6:lv_chart_set_x_tick_length	16	static
lv_chart.c:457:6:lv_chart_set_y_tick_length	16	static
lv_chart.c:474:6:lv_chart_set_secondary_y_tick_length	16	static
lv_chart.c:491:6:lv_chart_set_x_tick_texts	16	static
lv_chart.c:511:6:lv_chart_set_y_tick_texts	16	static
lv_chart.c:531:6:lv_chart_set_secondary_y_tick_texts	16	static
lv_chart.c:552:17:lv_chart_get_type	8	static
lv_chart.c:565:10:lv_chart_get_point_count	8	static
lv_chart.c:581:6:lv_chart_refresh	0	static
