lv_cpicker.c:616:18:get_knob_area	32	static
lv_cpicker.c:982:19:angle_to_mode_color	16	static
lv_cpicker.c:609:13:invalidate_knob	16	static
lv_cpicker.c:911:13:refr_knob_pos	32	static
lv_cpicker.c:903:13:next_color_mode	8	static
lv_cpicker.c:95:12:lv_cpicker_create	32	static
lv_cpicker.c:165:6:lv_cpicker_set_type	24	static
lv_cpicker.c:224:6:lv_cpicker_set_hsv	48	static
lv_cpicker.c:651:17:lv_cpicker_signal	48	static
lv_cpicker.c:253:6:lv_cpicker_set_color	32	static
lv_cpicker.c:269:6:lv_cpicker_set_color_mode	24	static
lv_cpicker.c:285:6:lv_cpicker_set_color_mode_fixed	24	static
lv_cpicker.c:299:6:lv_cpicker_set_knob_colored	24	static
lv_cpicker.c:317:25:lv_cpicker_get_color_mode	24	static
lv_cpicker.c:331:6:lv_cpicker_get_color_mode_fixed	24	static
lv_cpicker.c:345:10:lv_cpicker_get_hue	24	static
lv_cpicker.c:359:9:lv_cpicker_get_saturation	24	static
lv_cpicker.c:373:9:lv_cpicker_get_value	24	static
lv_cpicker.c:387:16:lv_cpicker_get_hsv	32	static
lv_cpicker.c:185:6:lv_cpicker_set_hue	24	static
lv_cpicker.c:198:6:lv_cpicker_set_saturation	24	static
lv_cpicker.c:211:6:lv_cpicker_set_value	24	static
lv_cpicker.c:401:12:lv_cpicker_get_color	24	static
lv_cpicker.c:443:24:lv_cpicker_design	160	static
lv_cpicker.c:415:6:lv_cpicker_get_knob_colored	24	static
