lv_dropdown.c:1315:19:get_label	8	static
lv_dropdown.c:1294:13:position_to_selected	24	static
lv_dropdown.c:1263:17:get_id_on_point	40	static
lv_dropdown.c:1247:13:page_press_handler	32	static
lv_dropdown.c:1124:13:draw_box	136	static
lv_dropdown.c:1159:13:draw_box_label	88	static
lv_dropdown.c:802:24:lv_dropdown_page_design	32	static
lv_dropdown.c:165:6:lv_dropdown_set_text	16	static
lv_dropdown.c:180:6:lv_dropdown_clear_options	16	static
lv_dropdown.c:202:6:lv_dropdown_set_options	24	static
lv_dropdown.c:242:6:lv_dropdown_set_options_static	16	static
lv_dropdown.c:84:12:lv_dropdown_create	32	static
lv_dropdown.c:274:6:lv_dropdown_add_option	48	static
lv_dropdown.c:340:6:lv_dropdown_set_selected	16	static
lv_dropdown.c:360:6:lv_dropdown_set_dir	16	static
lv_dropdown.c:377:6:lv_dropdown_set_max_height	24	static
lv_dropdown.c:402:6:lv_dropdown_set_symbol	16	static
lv_dropdown.c:416:6:lv_dropdown_set_show_selected	16	static
lv_dropdown.c:437:14:lv_dropdown_get_text	8	static
lv_dropdown.c:450:14:lv_dropdown_get_options	8	static
lv_dropdown.c:463:10:lv_dropdown_get_selected	8	static
lv_dropdown.c:477:10:lv_dropdown_get_option_cnt	8	static
lv_dropdown.c:492:6:lv_dropdown_get_selected_str	32	static
lv_dropdown.c:708:24:lv_dropdown_design	96	static
lv_dropdown.c:523:12:lv_dropdown_get_max_height	8	static
lv_dropdown.c:536:14:lv_dropdown_get_symbol	8	static
lv_dropdown.c:550:19:lv_dropdown_get_dir	8	static
lv_dropdown.c:564:6:lv_dropdown_get_show_selected	8	static
lv_dropdown.c:582:6:lv_dropdown_open	40	static
lv_dropdown.c:684:6:lv_dropdown_close	8	static
lv_dropdown.c:873:17:lv_dropdown_signal	24	static
lv_dropdown.c:1207:17:page_release_handler	32	static
lv_dropdown.c:1052:17:lv_dropdown_page_scrl_signal	24	static
lv_dropdown.c:1008:17:lv_dropdown_page_signal	24	static
