lv_img.c:567:24:lv_img_design	184	static
lv_img.c:141:6:lv_img_set_src	64	static
lv_img.c:60:12:lv_img_create	24	static
lv_img.c:732:17:lv_img_signal	40	static
lv_img.c:243:6:lv_img_set_auto_size	8	static
lv_img.c:258:6:lv_img_set_offset_x	16	static
lv_img.c:276:6:lv_img_set_offset_y	16	static
lv_img.c:295:6:lv_img_set_pivot	56	static
lv_img.c:332:6:lv_img_set_angle	56	static
lv_img.c:374:6:lv_img_set_zoom	56	static
lv_img.c:411:6:lv_img_set_antialias	16	static
lv_img.c:429:14:lv_img_get_src	8	static
lv_img.c:443:14:lv_img_get_file_name	8	static
lv_img.c:460:6:lv_img_get_auto_size	8	static
lv_img.c:474:12:lv_img_get_offset_x	8	static
lv_img.c:488:12:lv_img_get_offset_y	8	static
lv_img.c:502:6:lv_img_get_pivot	8	static
lv_img.c:516:10:lv_img_get_angle	8	static
lv_img.c:530:10:lv_img_get_zoom	8	static
lv_img.c:544:6:lv_img_get_antialias	8	static
