lv_label.c:1497:13:lv_label_dot_tmp_free	8	static
lv_label.c:1408:13:lv_label_revert_dots	24	static
lv_label.c:1507:13:get_txt_coords	24	static
lv_label.c:1452:13:lv_label_set_dot_tmp	24	static
lv_label.c:1022:24:lv_label_design	184	static
lv_label.c:390:6:lv_label_set_align	16	static
lv_label.c:426:6:lv_label_set_anim_speed	0	static
lv_label.c:445:6:lv_label_set_text_sel_start	0	static
lv_label.c:459:6:lv_label_set_text_sel_end	0	static
lv_label.c:482:8:lv_label_get_text	8	static
lv_label.c:496:22:lv_label_get_long_mode	8	static
lv_label.c:509:18:lv_label_get_align	8	static
lv_label.c:537:6:lv_label_get_recolor	8	static
lv_label.c:550:10:lv_label_get_anim_speed	0	static
lv_label.c:570:6:lv_label_get_letter_pos	88	static
lv_label.c:675:10:lv_label_get_letter_on	88	static
lv_label.c:1186:13:lv_label_refr_text	80	static
lv_label.c:182:6:lv_label_set_text	24	static
lv_label.c:255:6:lv_label_set_text_fmt	36	static
lv_label.c:330:6:lv_label_set_text_static	24	static
lv_label.c:355:6:lv_label_set_long_mode	16	static
lv_label.c:408:6:lv_label_set_recolor	16	static
lv_label.c:78:12:lv_label_create	32	static
lv_label.c:1129:17:lv_label_signal	24	static
lv_label.c:795:10:lv_label_get_text_sel_start	0	static
lv_label.c:814:10:lv_label_get_text_sel_end	0	static
lv_label.c:833:6:lv_label_is_char_under_pos	80	static
lv_label.c:919:19:lv_label_get_style	0	static
lv_label.c:943:6:lv_label_ins_text	32	static
lv_label.c:989:6:lv_label_cut_text	16	static
