lv_list.c:861:13:lv_list_is_list_btn	48	static
lv_list.c:130:6:lv_list_clean	8	static
lv_list.c:276:6:lv_list_focus_btn	16	static
lv_list.c:364:12:lv_list_get_btn_label	56	static
lv_list.c:350:14:lv_list_get_btn_text	8	static
lv_list.c:384:12:lv_list_get_btn_img	56	static
lv_list.c:409:12:lv_list_get_prev_btn	24	static
lv_list.c:306:6:lv_list_set_layout	40	static
lv_list.c:436:12:lv_list_get_next_btn	24	static
lv_list.c:639:17:lv_list_signal	24	static
lv_list.c:249:6:lv_list_remove	16	static
lv_list.c:774:17:lv_list_btn_signal	24	static
lv_list.c:148:12:lv_list_add_btn	48	static
lv_list.c:69:12:lv_list_create	32	static
lv_list.c:463:9:lv_list_get_btn_index	16	static
lv_list.c:489:10:lv_list_get_size	16	static
lv_list.c:508:12:lv_list_get_btn_selected	8	static
lv_list.c:522:13:lv_list_get_layout	8	static
lv_list.c:537:6:lv_list_up	24	static
lv_list.c:578:6:lv_list_down	16	static
lv_list.c:615:6:lv_list_focus	16	static
