lv_msgbox.c:571:13:lv_msgbox_close_ready_cb	0	static
lv_msgbox.c:539:13:mbox_realign	40	static
lv_msgbox.c:411:17:lv_msgbox_signal	40	static
lv_msgbox.c:587:13:lv_msgbox_btnm_event_cb	16	static
lv_msgbox.c:69:12:lv_msgbox_create	32	static
lv_msgbox.c:148:6:lv_msgbox_add_btns	24	static
lv_msgbox.c:190:6:lv_msgbox_set_text	24	static
lv_msgbox.c:206:6:lv_msgbox_set_anim_time	24	static
lv_msgbox.c:271:6:lv_msgbox_stop_auto_close	24	static
lv_msgbox.c:287:6:lv_msgbox_set_recolor	24	static
lv_msgbox.c:305:14:lv_msgbox_get_text	24	static
lv_msgbox.c:320:10:lv_msgbox_get_active_btn	24	static
lv_msgbox.c:341:14:lv_msgbox_get_active_btn_text	24	static
lv_msgbox.c:357:10:lv_msgbox_get_anim_time	24	static
lv_msgbox.c:225:6:lv_msgbox_start_auto_close	88	static
lv_msgbox.c:577:13:lv_msgbox_default_event_cb	8	static
lv_msgbox.c:375:6:lv_msgbox_get_recolor	24	static
lv_msgbox.c:392:12:lv_msgbox_get_btnmatrix	24	static
