lv_page.c:1313:13:refr_ext_draw_pad	16	static
lv_page.c:1122:13:scrl_reposition	64	static
lv_page.c:1073:13:scrl_def_event_cb	16	static
lv_page.c:1192:13:scrlbar_refresh	88	static
lv_page.c:676:24:lv_page_design	128	static
lv_page.c:169:6:lv_page_clean	8	static
lv_page.c:186:6:lv_page_set_scrollbar_mode	16	static
lv_page.c:80:12:lv_page_create	32	static
lv_page.c:214:6:lv_page_set_anim_time	0	static
lv_page.c:235:6:lv_page_set_scroll_propagation	16	static
lv_page.c:251:6:lv_page_set_edge_flash	0	static
lv_page.c:273:12:lv_page_get_scrllable	8	static
lv_page.c:287:10:lv_page_get_anim_time	0	static
lv_page.c:305:21:lv_page_get_scrollbar_mode	8	static
lv_page.c:318:6:lv_page_get_scroll_propagation	8	static
lv_page.c:331:6:lv_page_get_edge_flash	0	static
lv_page.c:349:12:lv_page_get_width_fit	24	static
lv_page.c:367:12:lv_page_get_height_fit	24	static
lv_page.c:392:12:lv_page_get_width_grid	24	static
lv_page.c:415:12:lv_page_get_height_grid	24	static
lv_page.c:436:6:lv_page_on_edge	40	static
lv_page.c:899:17:lv_page_scrollable_signal	40	static
lv_page.c:463:6:lv_page_glue_obj	16	static
lv_page.c:475:6:lv_page_focus	72	static
lv_page.c:572:6:lv_page_scroll_hor	16	static
lv_page.c:594:6:lv_page_scroll_ver	16	static
lv_page.c:751:17:lv_page_signal	48	static
lv_page.c:617:6:lv_page_start_edge_flash	0	static
