lv_roller.c:917:19:get_label	8	static
lv_roller.c:890:13:inf_normalize	32	static
lv_roller.c:925:13:scroll_anim_ready_cb	0	static
lv_roller.c:737:13:refr_position	104	static
lv_roller.c:873:13:refr_height	16	static
lv_roller.c:145:6:lv_roller_set_options	56	static
lv_roller.c:218:6:lv_roller_set_selected	32	static
lv_roller.c:784:17:release_handler	56	static
lv_roller.c:258:6:lv_roller_set_visible_row_count	24	static
lv_roller.c:292:10:lv_roller_get_selected	24	static
lv_roller.c:313:6:lv_roller_get_selected_str	32	static
lv_roller.c:345:10:lv_roller_get_option_cnt	24	static
lv_roller.c:363:18:lv_roller_get_align	24	static
lv_roller.c:409:24:lv_roller_design	152	static
lv_roller.c:375:6:lv_roller_get_auto_fit	24	static
lv_roller.c:841:13:refr_width	24	static
lv_roller.c:613:17:lv_roller_scrl_signal	40	static
lv_roller.c:481:17:lv_roller_signal	32	static
lv_roller.c:201:6:lv_roller_set_align	24	static
lv_roller.c:275:6:lv_roller_set_auto_fit	24	static
lv_roller.c:387:14:lv_roller_get_options	24	static
lv_roller.c:70:12:lv_roller_create	32	static
