lv_spinbox.c:522:13:lv_spinbox_updatevalue	120	static
lv_spinbox.c:128:6:lv_spinbox_set_rollover	8	static
lv_spinbox.c:142:6:lv_spinbox_set_value	16	static
lv_spinbox.c:164:6:lv_spinbox_set_digit_format	40	static
lv_spinbox.c:193:6:lv_spinbox_set_step	8	static
lv_spinbox.c:209:6:lv_spinbox_set_range	24	static
lv_spinbox.c:53:12:lv_spinbox_create	24	static
lv_spinbox.c:236:6:lv_spinbox_set_padding_left	16	static
lv_spinbox.c:253:6:lv_spinbox_get_rollover	8	static
lv_spinbox.c:267:9:lv_spinbox_get_value	8	static
lv_spinbox.c:284:6:lv_spinbox_step_next	8	static
lv_spinbox.c:303:6:lv_spinbox_step_prev	8	static
lv_spinbox.c:320:6:lv_spinbox_increment	16	static
lv_spinbox.c:347:6:lv_spinbox_decrement	16	static
lv_spinbox.c:380:17:lv_spinbox_signal	24	static
