lv_table.c:969:13:refr_size	168	static
lv_table.c:685:24:lv_table_design.part.0	680	static
lv_table.c:685:24:lv_table_design	8	static
lv_table.c:892:17:lv_table_signal	24	static
lv_table.c:224:6:lv_table_set_col_cnt.part.0	24	static
lv_table.c:187:6:lv_table_set_row_cnt	24	static
lv_table.c:133:6:lv_table_set_cell_value	40	static
lv_table.c:59:12:lv_table_create	24	static
lv_table.c:224:6:lv_table_set_col_cnt	0	static
lv_table.c:263:6:lv_table_set_col_width	16	static
lv_table.c:284:6:lv_table_set_cell_align	32	static
lv_table.c:322:6:lv_table_set_cell_type	24	static
lv_table.c:366:6:lv_table_set_cell_crop	32	static
lv_table.c:405:6:lv_table_set_cell_merge_right	32	static
lv_table.c:449:14:lv_table_get_cell_value	16	static
lv_table.c:470:10:lv_table_get_row_cnt	8	static
lv_table.c:483:10:lv_table_get_col_cnt	8	static
lv_table.c:497:12:lv_table_get_col_width	8	static
lv_table.c:518:18:lv_table_get_cell_align	16	static
lv_table.c:545:18:lv_table_get_cell_type	16	static
lv_table.c:572:18:lv_table_get_cell_crop	16	static
lv_table.c:599:6:lv_table_get_cell_merge_right	16	static
lv_table.c:627:10:lv_table_get_pressed_cell	40	static
