lv_textarea.c:1708:13:refr_cursor_area	88	static
lv_textarea.c:1642:13:pwd_char_hider	48	static
lv_textarea.c:1289:24:lv_textarea_design	8	static
lv_textarea.c:1316:24:lv_textarea_scrollable_design	176	static
lv_textarea.c:561:6:lv_textarea_set_placeholder_text	24	static
lv_textarea.c:604:6:lv_textarea_set_cursor_pos	56	static
lv_textarea.c:1791:13:update_cursor_position_on_click	48	static
lv_textarea.c:1508:17:lv_textarea_scrollable_signal	32	static
lv_textarea.c:683:6:lv_textarea_set_cursor_hidden	16	static
lv_textarea.c:699:6:lv_textarea_set_cursor_click_pos	8	static
lv_textarea.c:712:6:lv_textarea_set_pwd_mode	24	static
lv_textarea.c:794:6:lv_textarea_set_text_align	24	static
lv_textarea.c:751:6:lv_textarea_set_one_line	40	static
lv_textarea.c:87:12:lv_textarea_create	48	static
lv_textarea.c:827:6:lv_textarea_set_accepted_chars	8	static
lv_textarea.c:841:6:lv_textarea_set_max_length	8	static
lv_textarea.c:858:6:lv_textarea_set_insert_replace	0	static
lv_textarea.c:871:6:lv_textarea_set_text_sel	0	static
lv_textarea.c:892:6:lv_textarea_set_pwd_show_time	8	static
lv_textarea.c:909:6:lv_textarea_set_cursor_blink_time	8	static
lv_textarea.c:955:14:lv_textarea_get_text	8	static
lv_textarea.c:228:6:lv_textarea_add_char	56	static
lv_textarea.c:321:6:lv_textarea_add_text	40	static
lv_textarea.c:405:6:lv_textarea_del_char	40	static
lv_textarea.c:468:6:lv_textarea_del_char_forward	16	static
lv_textarea.c:486:6:lv_textarea_set_text	32	static
lv_textarea.c:977:14:lv_textarea_get_placeholder_text	8	static
lv_textarea.c:991:12:lv_textarea_get_label	8	static
lv_textarea.c:1004:10:lv_textarea_get_cursor_pos	8	static
lv_textarea.c:1017:6:lv_textarea_get_cursor_hidden	8	static
lv_textarea.c:1030:6:lv_textarea_get_cursor_click_pos	8	static
lv_textarea.c:1043:6:lv_textarea_get_pwd_mode	8	static
lv_textarea.c:1056:6:lv_textarea_get_one_line	8	static
lv_textarea.c:1069:14:lv_textarea_get_accepted_chars	8	static
lv_textarea.c:1083:10:lv_textarea_get_max_length	8	static
lv_textarea.c:1096:6:lv_textarea_text_is_selected	0	static
lv_textarea.c:1121:6:lv_textarea_get_text_sel_en	0	static
lv_textarea.c:1139:10:lv_textarea_get_pwd_show_time	8	static
lv_textarea.c:1153:10:lv_textarea_get_cursor_blink_time	8	static
lv_textarea.c:1169:6:lv_textarea_clear_selection	0	static
lv_textarea.c:1190:6:lv_textarea_cursor_right	8	static
lv_textarea.c:1203:6:lv_textarea_cursor_left	8	static
lv_textarea.c:1218:6:lv_textarea_cursor_down	24	static
lv_textarea.c:1251:6:lv_textarea_cursor_up	24	static
lv_textarea.c:1402:17:lv_textarea_signal	32	static
